[0.023s] Invoking command in '/home/radu/rapop/ament_playground/ws1/build/ament_env_hooks': CMAKE_PREFIX_PATH=${CMAKE_PREFIX_PATH}:/opt/ros/humble /usr/bin/cmake --build /home/radu/rapop/ament_playground/ws1/build/ament_env_hooks -- -j8 -l8
[0.096s] Invoked command in '/home/radu/rapop/ament_playground/ws1/build/ament_env_hooks' returned '0': CMAKE_PREFIX_PATH=${CMAKE_PREFIX_PATH}:/opt/ros/humble /usr/bin/cmake --build /home/radu/rapop/ament_playground/ws1/build/ament_env_hooks -- -j8 -l8
[0.147s] Invoking command in '/home/radu/rapop/ament_playground/ws1/build/ament_env_hooks': CMAKE_PREFIX_PATH=${CMAKE_PREFIX_PATH}:/opt/ros/humble /usr/bin/cmake --install /home/radu/rapop/ament_playground/ws1/build/ament_env_hooks
[0.159s] -- Install configuration: ""
[0.160s] -- Up-to-date: /home/radu/test/ament_playground_ws/share/ament_env_hooks/cmake
[0.160s] -- Up-to-date: /home/radu/test/ament_playground_ws/share/ament_env_hooks/cmake/env_hooks.cmake
[0.160s] -- Up-to-date: /home/radu/test/ament_playground_ws/share/ament_env_hooks/env_hooks
[0.160s] -- Installing: /home/radu/test/ament_playground_ws/share/ament_env_hooks/env_hooks/hello_world_path.sh.in
[0.160s] -- Up-to-date: /home/radu/test/ament_playground_ws/share/ament_index/resource_index/env_hooks/ament_env_hooks
[0.161s] -- Up-to-date: /home/radu/test/ament_playground_ws/share/ament_index/resource_index/package_run_dependencies/ament_env_hooks
[0.161s] -- Up-to-date: /home/radu/test/ament_playground_ws/share/ament_index/resource_index/parent_prefix_path/ament_env_hooks
[0.161s] -- Up-to-date: /home/radu/test/ament_playground_ws/share/ament_env_hooks/environment/ament_prefix_path.sh
[0.161s] -- Up-to-date: /home/radu/test/ament_playground_ws/share/ament_env_hooks/environment/ament_prefix_path.dsv
[0.161s] -- Up-to-date: /home/radu/test/ament_playground_ws/share/ament_env_hooks/environment/path.sh
[0.162s] -- Up-to-date: /home/radu/test/ament_playground_ws/share/ament_env_hooks/environment/path.dsv
[0.162s] -- Up-to-date: /home/radu/test/ament_playground_ws/share/ament_env_hooks/local_setup.bash
[0.162s] -- Up-to-date: /home/radu/test/ament_playground_ws/share/ament_env_hooks/local_setup.sh
[0.162s] -- Up-to-date: /home/radu/test/ament_playground_ws/share/ament_env_hooks/local_setup.zsh
[0.162s] -- Up-to-date: /home/radu/test/ament_playground_ws/share/ament_env_hooks/local_setup.dsv
[0.162s] -- Up-to-date: /home/radu/test/ament_playground_ws/share/ament_env_hooks/package.dsv
[0.163s] -- Up-to-date: /home/radu/test/ament_playground_ws/share/ament_index/resource_index/packages/ament_env_hooks
[0.163s] -- Up-to-date: /home/radu/test/ament_playground_ws/share/ament_env_hooks/cmake/env_hooks.cmake
[0.163s] -- Up-to-date: /home/radu/test/ament_playground_ws/share/ament_env_hooks/cmake/ament_cmake_export_dependencies-extras.cmake
[0.163s] -- Up-to-date: /home/radu/test/ament_playground_ws/share/ament_env_hooks/cmake/ament_env_hooksConfig.cmake
[0.163s] -- Up-to-date: /home/radu/test/ament_playground_ws/share/ament_env_hooks/cmake/ament_env_hooksConfig-version.cmake
[0.163s] -- Up-to-date: /home/radu/test/ament_playground_ws/share/ament_env_hooks/package.xml
[0.165s] Invoked command in '/home/radu/rapop/ament_playground/ws1/build/ament_env_hooks' returned '0': CMAKE_PREFIX_PATH=${CMAKE_PREFIX_PATH}:/opt/ros/humble /usr/bin/cmake --install /home/radu/rapop/ament_playground/ws1/build/ament_env_hooks
