[0.123s] DEBUG:colcon:Command line arguments: ['/usr/bin/colcon', 'build', '--base-paths', '/home/radu/rapop/ament_playground/ws1/src', '--install-base', '/home/radu/test/ament_playground_ws', '--merge-install']
[0.123s] DEBUG:colcon:Parsed command line arguments: Namespace(log_base=None, log_level=None, verb_name='build', build_base='build', install_base='/home/radu/test/ament_playground_ws', merge_install=True, symlink_install=False, test_result_base=None, continue_on_error=False, executor='parallel', parallel_workers=8, event_handlers=None, ignore_user_meta=False, metas=['./colcon.meta'], base_paths=['/home/radu/rapop/ament_playground/ws1/src'], packages_ignore=None, packages_ignore_regex=None, paths=None, packages_up_to=None, packages_up_to_regex=None, packages_above=None, packages_above_and_dependencies=None, packages_above_depth=None, packages_select_by_dep=None, packages_skip_by_dep=None, packages_skip_up_to=None, packages_select_build_failed=False, packages_skip_build_finished=False, packages_select_test_failures=False, packages_skip_test_passed=False, packages_select=None, packages_skip=None, packages_select_regex=None, packages_skip_regex=None, packages_start=None, packages_end=None, allow_overriding=[], cmake_args=None, cmake_target=None, cmake_target_skip_unavailable=False, cmake_clean_cache=False, cmake_clean_first=False, cmake_force_configure=False, ament_cmake_args=None, catkin_cmake_args=None, catkin_skip_building_tests=False, verb_parser=<colcon_defaults.argument_parser.defaults.DefaultArgumentsDecorator object at 0x79221a7c2ef0>, verb_extension=<colcon_core.verb.build.BuildVerb object at 0x79221a7c2920>, main=<bound method BuildVerb.main of <colcon_core.verb.build.BuildVerb object at 0x79221a7c2920>>)
[0.326s] Level 1:colcon.colcon_core.package_discovery:discover_packages(colcon_meta) check parameters
[0.326s] Level 1:colcon.colcon_core.package_discovery:discover_packages(recursive) check parameters
[0.326s] Level 1:colcon.colcon_core.package_discovery:discover_packages(ignore) check parameters
[0.327s] Level 1:colcon.colcon_core.package_discovery:discover_packages(path) check parameters
[0.327s] Level 1:colcon.colcon_core.package_discovery:discover_packages(recursive) discover
[0.327s] INFO:colcon.colcon_core.package_discovery:Crawling recursively for packages in '/home/radu/rapop/ament_playground/ws1/src'
[0.327s] Level 1:colcon.colcon_core.package_identification:_identify(/home/radu/rapop/ament_playground/ws1/src) by extensions ['ignore', 'ignore_ament_install']
[0.327s] Level 1:colcon.colcon_core.package_identification:_identify(/home/radu/rapop/ament_playground/ws1/src) by extension 'ignore'
[0.327s] Level 1:colcon.colcon_core.package_identification:_identify(/home/radu/rapop/ament_playground/ws1/src) by extension 'ignore_ament_install'
[0.327s] Level 1:colcon.colcon_core.package_identification:_identify(/home/radu/rapop/ament_playground/ws1/src) by extensions ['colcon_pkg']
[0.327s] Level 1:colcon.colcon_core.package_identification:_identify(/home/radu/rapop/ament_playground/ws1/src) by extension 'colcon_pkg'
[0.327s] Level 1:colcon.colcon_core.package_identification:_identify(/home/radu/rapop/ament_playground/ws1/src) by extensions ['colcon_meta']
[0.327s] Level 1:colcon.colcon_core.package_identification:_identify(/home/radu/rapop/ament_playground/ws1/src) by extension 'colcon_meta'
[0.327s] Level 1:colcon.colcon_core.package_identification:_identify(/home/radu/rapop/ament_playground/ws1/src) by extensions ['ros']
[0.327s] Level 1:colcon.colcon_core.package_identification:_identify(/home/radu/rapop/ament_playground/ws1/src) by extension 'ros'
[0.340s] Level 1:colcon.colcon_core.package_identification:_identify(/home/radu/rapop/ament_playground/ws1/src) by extensions ['cmake', 'python']
[0.340s] Level 1:colcon.colcon_core.package_identification:_identify(/home/radu/rapop/ament_playground/ws1/src) by extension 'cmake'
[0.340s] Level 1:colcon.colcon_core.package_identification:_identify(/home/radu/rapop/ament_playground/ws1/src) by extension 'python'
[0.341s] Level 1:colcon.colcon_core.package_identification:_identify(/home/radu/rapop/ament_playground/ws1/src) by extensions ['python_setup_py']
[0.341s] Level 1:colcon.colcon_core.package_identification:_identify(/home/radu/rapop/ament_playground/ws1/src) by extension 'python_setup_py'
[0.341s] Level 1:colcon.colcon_core.package_identification:_identify(/home/radu/rapop/ament_playground/ws1/src/ament_env_hooks) by extensions ['ignore', 'ignore_ament_install']
[0.341s] Level 1:colcon.colcon_core.package_identification:_identify(/home/radu/rapop/ament_playground/ws1/src/ament_env_hooks) by extension 'ignore'
[0.341s] Level 1:colcon.colcon_core.package_identification:_identify(/home/radu/rapop/ament_playground/ws1/src/ament_env_hooks) by extension 'ignore_ament_install'
[0.341s] Level 1:colcon.colcon_core.package_identification:_identify(/home/radu/rapop/ament_playground/ws1/src/ament_env_hooks) by extensions ['colcon_pkg']
[0.341s] Level 1:colcon.colcon_core.package_identification:_identify(/home/radu/rapop/ament_playground/ws1/src/ament_env_hooks) by extension 'colcon_pkg'
[0.341s] Level 1:colcon.colcon_core.package_identification:_identify(/home/radu/rapop/ament_playground/ws1/src/ament_env_hooks) by extensions ['colcon_meta']
[0.341s] Level 1:colcon.colcon_core.package_identification:_identify(/home/radu/rapop/ament_playground/ws1/src/ament_env_hooks) by extension 'colcon_meta'
[0.341s] Level 1:colcon.colcon_core.package_identification:_identify(/home/radu/rapop/ament_playground/ws1/src/ament_env_hooks) by extensions ['ros']
[0.341s] Level 1:colcon.colcon_core.package_identification:_identify(/home/radu/rapop/ament_playground/ws1/src/ament_env_hooks) by extension 'ros'
[0.344s] DEBUG:colcon.colcon_core.package_identification:Package '/home/radu/rapop/ament_playground/ws1/src/ament_env_hooks' with type 'ros.ament_cmake' and name 'ament_env_hooks'
[0.344s] Level 1:colcon.colcon_core.package_discovery:discover_packages(recursive) using defaults
[0.368s] Level 1:colcon.colcon_core.package_discovery:discover_packages(prefix_path) check parameters
[0.368s] Level 1:colcon.colcon_core.package_discovery:discover_packages(prefix_path) discover
[0.369s] Level 1:colcon.colcon_core.package_discovery:discover_packages(prefix_path) using defaults
[0.370s] Level 5:colcon.colcon_core.verb:set package 'ament_env_hooks' build argument 'cmake_args' from command line to 'None'
[0.370s] Level 5:colcon.colcon_core.verb:set package 'ament_env_hooks' build argument 'cmake_target' from command line to 'None'
[0.370s] Level 5:colcon.colcon_core.verb:set package 'ament_env_hooks' build argument 'cmake_target_skip_unavailable' from command line to 'False'
[0.370s] Level 5:colcon.colcon_core.verb:set package 'ament_env_hooks' build argument 'cmake_clean_cache' from command line to 'False'
[0.370s] Level 5:colcon.colcon_core.verb:set package 'ament_env_hooks' build argument 'cmake_clean_first' from command line to 'False'
[0.370s] Level 5:colcon.colcon_core.verb:set package 'ament_env_hooks' build argument 'cmake_force_configure' from command line to 'False'
[0.370s] Level 5:colcon.colcon_core.verb:set package 'ament_env_hooks' build argument 'ament_cmake_args' from command line to 'None'
[0.370s] Level 5:colcon.colcon_core.verb:set package 'ament_env_hooks' build argument 'catkin_cmake_args' from command line to 'None'
[0.370s] Level 5:colcon.colcon_core.verb:set package 'ament_env_hooks' build argument 'catkin_skip_building_tests' from command line to 'False'
[0.370s] DEBUG:colcon.colcon_core.verb:Building package 'ament_env_hooks' with the following arguments: {'ament_cmake_args': None, 'build_base': '/home/radu/rapop/ament_playground/ws1/build/ament_env_hooks', 'catkin_cmake_args': None, 'catkin_skip_building_tests': False, 'cmake_args': None, 'cmake_clean_cache': False, 'cmake_clean_first': False, 'cmake_force_configure': False, 'cmake_target': None, 'cmake_target_skip_unavailable': False, 'install_base': '/home/radu/test/ament_playground_ws', 'merge_install': True, 'path': '/home/radu/rapop/ament_playground/ws1/src/ament_env_hooks', 'symlink_install': False, 'test_result_base': None}
[0.370s] INFO:colcon.colcon_core.executor:Executing jobs using 'parallel' executor
[0.371s] DEBUG:colcon.colcon_parallel_executor.executor.parallel:run_until_complete
[0.372s] INFO:colcon.colcon_ros.task.ament_cmake.build:Building ROS package in '/home/radu/rapop/ament_playground/ws1/src/ament_env_hooks' with build type 'ament_cmake'
[0.372s] INFO:colcon.colcon_cmake.task.cmake.build:Building CMake package in '/home/radu/rapop/ament_playground/ws1/src/ament_env_hooks'
[0.376s] INFO:colcon.colcon_core.plugin_system:Skipping extension 'colcon_core.shell.bat': Not used on non-Windows systems
[0.376s] INFO:colcon.colcon_core.shell:Skip shell extension 'powershell' for command environment: Not usable outside of PowerShell
[0.376s] DEBUG:colcon.colcon_core.shell:Skip shell extension 'dsv' for command environment
[0.383s] DEBUG:colcon.colcon_core.event_handler.log_command:Invoking command in '/home/radu/rapop/ament_playground/ws1/build/ament_env_hooks': /usr/bin/cmake /home/radu/rapop/ament_playground/ws1/src/ament_env_hooks -DCMAKE_INSTALL_PREFIX=/home/radu/test/ament_playground_ws
[0.830s] DEBUG:colcon.colcon_core.event_handler.log_command:Invoked command in '/home/radu/rapop/ament_playground/ws1/build/ament_env_hooks' returned '1': /usr/bin/cmake /home/radu/rapop/ament_playground/ws1/src/ament_env_hooks -DCMAKE_INSTALL_PREFIX=/home/radu/test/ament_playground_ws
[0.846s] Level 1:colcon.colcon_core.environment:create_environment_scripts_only(ament_env_hooks)
[0.850s] Level 1:colcon.colcon_core.environment:checking '/home/radu/test/ament_playground_ws' for CMake module files
[0.851s] Level 1:colcon.colcon_core.environment:checking '/home/radu/test/ament_playground_ws' for CMake config files
[0.851s] Level 1:colcon.colcon_core.environment:checking '/home/radu/test/ament_playground_ws/bin'
[0.852s] Level 1:colcon.colcon_core.environment:checking '/home/radu/test/ament_playground_ws/lib/pkgconfig/ament_env_hooks.pc'
[0.855s] Level 1:colcon.colcon_core.environment:checking '/home/radu/test/ament_playground_ws/lib/python3.10/site-packages'
[0.855s] Level 1:colcon.colcon_core.environment:checking '/home/radu/test/ament_playground_ws/bin'
[0.856s] INFO:colcon.colcon_core.shell:Creating package script '/home/radu/test/ament_playground_ws/share/ament_env_hooks/package.ps1'
[0.857s] INFO:colcon.colcon_core.shell:Creating package descriptor '/home/radu/test/ament_playground_ws/share/ament_env_hooks/package.dsv'
[0.858s] INFO:colcon.colcon_core.shell:Creating package script '/home/radu/test/ament_playground_ws/share/ament_env_hooks/package.sh'
[0.859s] INFO:colcon.colcon_core.shell:Creating package script '/home/radu/test/ament_playground_ws/share/ament_env_hooks/package.bash'
[0.860s] INFO:colcon.colcon_core.shell:Creating package script '/home/radu/test/ament_playground_ws/share/ament_env_hooks/package.zsh'
[0.861s] Level 1:colcon.colcon_core.environment:create_file_with_runtime_dependencies(/home/radu/test/ament_playground_ws/share/colcon-core/packages/ament_env_hooks)
[0.872s] DEBUG:colcon.colcon_parallel_executor.executor.parallel:closing loop
[0.872s] DEBUG:colcon.colcon_parallel_executor.executor.parallel:loop closed
[0.873s] DEBUG:colcon.colcon_parallel_executor.executor.parallel:run_until_complete finished with '1'
[0.873s] DEBUG:colcon.colcon_core.event_reactor:joining thread
[0.879s] INFO:colcon.colcon_core.plugin_system:Skipping extension 'colcon_notification.desktop_notification.terminal_notifier': Not used on non-Darwin systems
[0.880s] INFO:colcon.colcon_core.plugin_system:Skipping extension 'colcon_notification.desktop_notification.win32': Not used on non-Windows systems
[0.880s] INFO:colcon.colcon_notification.desktop_notification:Sending desktop notification using 'notify2'
[0.899s] DEBUG:colcon.colcon_core.event_reactor:joined thread
[0.900s] INFO:colcon.colcon_core.shell:Creating prefix script '/home/radu/test/ament_playground_ws/local_setup.ps1'
[0.902s] INFO:colcon.colcon_core.shell:Creating prefix util module '/home/radu/test/ament_playground_ws/_local_setup_util_ps1.py'
[0.904s] INFO:colcon.colcon_core.shell:Creating prefix chain script '/home/radu/test/ament_playground_ws/setup.ps1'
[0.905s] INFO:colcon.colcon_core.shell:Creating prefix script '/home/radu/test/ament_playground_ws/local_setup.sh'
[0.906s] INFO:colcon.colcon_core.shell:Creating prefix util module '/home/radu/test/ament_playground_ws/_local_setup_util_sh.py'
[0.906s] INFO:colcon.colcon_core.shell:Creating prefix chain script '/home/radu/test/ament_playground_ws/setup.sh'
[0.908s] INFO:colcon.colcon_core.shell:Creating prefix script '/home/radu/test/ament_playground_ws/local_setup.bash'
[0.909s] INFO:colcon.colcon_core.shell:Creating prefix chain script '/home/radu/test/ament_playground_ws/setup.bash'
[0.910s] INFO:colcon.colcon_core.shell:Creating prefix script '/home/radu/test/ament_playground_ws/local_setup.zsh'
[0.911s] INFO:colcon.colcon_core.shell:Creating prefix chain script '/home/radu/test/ament_playground_ws/setup.zsh'
