[0.143s] DEBUG:colcon:Command line arguments: ['/usr/bin/colcon', 'build', '--base-paths', '/home/radu/rapop/ament_playground/ws1/src', '--install-base', '/home/radu/test/ament_playground_ws', '--merge-install']
[0.143s] DEBUG:colcon:Parsed command line arguments: Namespace(log_base=None, log_level=None, verb_name='build', build_base='build', install_base='/home/radu/test/ament_playground_ws', merge_install=True, symlink_install=False, test_result_base=None, continue_on_error=False, executor='parallel', parallel_workers=8, event_handlers=None, ignore_user_meta=False, metas=['./colcon.meta'], base_paths=['/home/radu/rapop/ament_playground/ws1/src'], packages_ignore=None, packages_ignore_regex=None, paths=None, packages_up_to=None, packages_up_to_regex=None, packages_above=None, packages_above_and_dependencies=None, packages_above_depth=None, packages_select_by_dep=None, packages_skip_by_dep=None, packages_skip_up_to=None, packages_select_build_failed=False, packages_skip_build_finished=False, packages_select_test_failures=False, packages_skip_test_passed=False, packages_select=None, packages_skip=None, packages_select_regex=None, packages_skip_regex=None, packages_start=None, packages_end=None, allow_overriding=[], cmake_args=None, cmake_target=None, cmake_target_skip_unavailable=False, cmake_clean_cache=False, cmake_clean_first=False, cmake_force_configure=False, ament_cmake_args=None, catkin_cmake_args=None, catkin_skip_building_tests=False, verb_parser=<colcon_defaults.argument_parser.defaults.DefaultArgumentsDecorator object at 0x7f336fe137f0>, verb_extension=<colcon_core.verb.build.BuildVerb object at 0x7f336fe131f0>, main=<bound method BuildVerb.main of <colcon_core.verb.build.BuildVerb object at 0x7f336fe131f0>>)
[0.361s] Level 1:colcon.colcon_core.package_discovery:discover_packages(colcon_meta) check parameters
[0.361s] Level 1:colcon.colcon_core.package_discovery:discover_packages(recursive) check parameters
[0.361s] Level 1:colcon.colcon_core.package_discovery:discover_packages(ignore) check parameters
[0.361s] Level 1:colcon.colcon_core.package_discovery:discover_packages(path) check parameters
[0.361s] Level 1:colcon.colcon_core.package_discovery:discover_packages(recursive) discover
[0.361s] INFO:colcon.colcon_core.package_discovery:Crawling recursively for packages in '/home/radu/rapop/ament_playground/ws1/src'
[0.361s] Level 1:colcon.colcon_core.package_identification:_identify(/home/radu/rapop/ament_playground/ws1/src) by extensions ['ignore', 'ignore_ament_install']
[0.362s] Level 1:colcon.colcon_core.package_identification:_identify(/home/radu/rapop/ament_playground/ws1/src) by extension 'ignore'
[0.362s] Level 1:colcon.colcon_core.package_identification:_identify(/home/radu/rapop/ament_playground/ws1/src) by extension 'ignore_ament_install'
[0.362s] Level 1:colcon.colcon_core.package_identification:_identify(/home/radu/rapop/ament_playground/ws1/src) by extensions ['colcon_pkg']
[0.362s] Level 1:colcon.colcon_core.package_identification:_identify(/home/radu/rapop/ament_playground/ws1/src) by extension 'colcon_pkg'
[0.362s] Level 1:colcon.colcon_core.package_identification:_identify(/home/radu/rapop/ament_playground/ws1/src) by extensions ['colcon_meta']
[0.362s] Level 1:colcon.colcon_core.package_identification:_identify(/home/radu/rapop/ament_playground/ws1/src) by extension 'colcon_meta'
[0.362s] Level 1:colcon.colcon_core.package_identification:_identify(/home/radu/rapop/ament_playground/ws1/src) by extensions ['ros']
[0.362s] Level 1:colcon.colcon_core.package_identification:_identify(/home/radu/rapop/ament_playground/ws1/src) by extension 'ros'
[0.375s] Level 1:colcon.colcon_core.package_identification:_identify(/home/radu/rapop/ament_playground/ws1/src) by extensions ['cmake', 'python']
[0.375s] Level 1:colcon.colcon_core.package_identification:_identify(/home/radu/rapop/ament_playground/ws1/src) by extension 'cmake'
[0.375s] Level 1:colcon.colcon_core.package_identification:_identify(/home/radu/rapop/ament_playground/ws1/src) by extension 'python'
[0.375s] Level 1:colcon.colcon_core.package_identification:_identify(/home/radu/rapop/ament_playground/ws1/src) by extensions ['python_setup_py']
[0.375s] Level 1:colcon.colcon_core.package_identification:_identify(/home/radu/rapop/ament_playground/ws1/src) by extension 'python_setup_py'
[0.376s] Level 1:colcon.colcon_core.package_identification:_identify(/home/radu/rapop/ament_playground/ws1/src/ament_env_hooks) by extensions ['ignore', 'ignore_ament_install']
[0.376s] Level 1:colcon.colcon_core.package_identification:_identify(/home/radu/rapop/ament_playground/ws1/src/ament_env_hooks) by extension 'ignore'
[0.376s] Level 1:colcon.colcon_core.package_identification:_identify(/home/radu/rapop/ament_playground/ws1/src/ament_env_hooks) by extension 'ignore_ament_install'
[0.376s] Level 1:colcon.colcon_core.package_identification:_identify(/home/radu/rapop/ament_playground/ws1/src/ament_env_hooks) by extensions ['colcon_pkg']
[0.376s] Level 1:colcon.colcon_core.package_identification:_identify(/home/radu/rapop/ament_playground/ws1/src/ament_env_hooks) by extension 'colcon_pkg'
[0.376s] Level 1:colcon.colcon_core.package_identification:_identify(/home/radu/rapop/ament_playground/ws1/src/ament_env_hooks) by extensions ['colcon_meta']
[0.376s] Level 1:colcon.colcon_core.package_identification:_identify(/home/radu/rapop/ament_playground/ws1/src/ament_env_hooks) by extension 'colcon_meta'
[0.376s] Level 1:colcon.colcon_core.package_identification:_identify(/home/radu/rapop/ament_playground/ws1/src/ament_env_hooks) by extensions ['ros']
[0.376s] Level 1:colcon.colcon_core.package_identification:_identify(/home/radu/rapop/ament_playground/ws1/src/ament_env_hooks) by extension 'ros'
[0.379s] DEBUG:colcon.colcon_core.package_identification:Package '/home/radu/rapop/ament_playground/ws1/src/ament_env_hooks' with type 'ros.ament_cmake' and name 'ament_env_hooks'
[0.379s] Level 1:colcon.colcon_core.package_discovery:discover_packages(recursive) using defaults
[0.401s] Level 1:colcon.colcon_core.package_discovery:discover_packages(prefix_path) check parameters
[0.401s] Level 1:colcon.colcon_core.package_discovery:discover_packages(prefix_path) discover
[0.404s] DEBUG:colcon.colcon_installed_package_information.package_discovery:Found 273 installed packages in /opt/ros/humble
[0.417s] Level 1:colcon.colcon_core.package_discovery:discover_packages(prefix_path) using defaults
[0.461s] Level 5:colcon.colcon_core.verb:set package 'ament_env_hooks' build argument 'cmake_args' from command line to 'None'
[0.461s] Level 5:colcon.colcon_core.verb:set package 'ament_env_hooks' build argument 'cmake_target' from command line to 'None'
[0.461s] Level 5:colcon.colcon_core.verb:set package 'ament_env_hooks' build argument 'cmake_target_skip_unavailable' from command line to 'False'
[0.461s] Level 5:colcon.colcon_core.verb:set package 'ament_env_hooks' build argument 'cmake_clean_cache' from command line to 'False'
[0.461s] Level 5:colcon.colcon_core.verb:set package 'ament_env_hooks' build argument 'cmake_clean_first' from command line to 'False'
[0.461s] Level 5:colcon.colcon_core.verb:set package 'ament_env_hooks' build argument 'cmake_force_configure' from command line to 'False'
[0.461s] Level 5:colcon.colcon_core.verb:set package 'ament_env_hooks' build argument 'ament_cmake_args' from command line to 'None'
[0.461s] Level 5:colcon.colcon_core.verb:set package 'ament_env_hooks' build argument 'catkin_cmake_args' from command line to 'None'
[0.461s] Level 5:colcon.colcon_core.verb:set package 'ament_env_hooks' build argument 'catkin_skip_building_tests' from command line to 'False'
[0.461s] DEBUG:colcon.colcon_core.verb:Building package 'ament_env_hooks' with the following arguments: {'ament_cmake_args': None, 'build_base': '/home/radu/rapop/ament_playground/ws1/build/ament_env_hooks', 'catkin_cmake_args': None, 'catkin_skip_building_tests': False, 'cmake_args': None, 'cmake_clean_cache': False, 'cmake_clean_first': False, 'cmake_force_configure': False, 'cmake_target': None, 'cmake_target_skip_unavailable': False, 'install_base': '/home/radu/test/ament_playground_ws', 'merge_install': True, 'path': '/home/radu/rapop/ament_playground/ws1/src/ament_env_hooks', 'symlink_install': False, 'test_result_base': None}
[0.461s] INFO:colcon.colcon_core.executor:Executing jobs using 'parallel' executor
[0.462s] DEBUG:colcon.colcon_parallel_executor.executor.parallel:run_until_complete
[0.463s] INFO:colcon.colcon_ros.task.ament_cmake.build:Building ROS package in '/home/radu/rapop/ament_playground/ws1/src/ament_env_hooks' with build type 'ament_cmake'
[0.463s] INFO:colcon.colcon_cmake.task.cmake.build:Building CMake package in '/home/radu/rapop/ament_playground/ws1/src/ament_env_hooks'
[0.466s] INFO:colcon.colcon_core.plugin_system:Skipping extension 'colcon_core.shell.bat': Not used on non-Windows systems
[0.467s] INFO:colcon.colcon_core.shell:Skip shell extension 'powershell' for command environment: Not usable outside of PowerShell
[0.467s] DEBUG:colcon.colcon_core.shell:Skip shell extension 'dsv' for command environment
[0.480s] DEBUG:colcon.colcon_core.event_handler.log_command:Invoking command in '/home/radu/rapop/ament_playground/ws1/build/ament_env_hooks': CMAKE_PREFIX_PATH=/opt/ros/humble /usr/bin/cmake /home/radu/rapop/ament_playground/ws1/src/ament_env_hooks -DCMAKE_INSTALL_PREFIX=/home/radu/test/ament_playground_ws
[0.944s] DEBUG:colcon.colcon_core.event_handler.log_command:Invoked command in '/home/radu/rapop/ament_playground/ws1/build/ament_env_hooks' returned '0': CMAKE_PREFIX_PATH=/opt/ros/humble /usr/bin/cmake /home/radu/rapop/ament_playground/ws1/src/ament_env_hooks -DCMAKE_INSTALL_PREFIX=/home/radu/test/ament_playground_ws
[0.948s] DEBUG:colcon.colcon_core.event_handler.log_command:Invoking command in '/home/radu/rapop/ament_playground/ws1/build/ament_env_hooks': CMAKE_PREFIX_PATH=/opt/ros/humble /usr/bin/cmake --build /home/radu/rapop/ament_playground/ws1/build/ament_env_hooks -- -j8 -l8
[1.004s] DEBUG:colcon.colcon_core.event_handler.log_command:Invoked command in '/home/radu/rapop/ament_playground/ws1/build/ament_env_hooks' returned '0': CMAKE_PREFIX_PATH=/opt/ros/humble /usr/bin/cmake --build /home/radu/rapop/ament_playground/ws1/build/ament_env_hooks -- -j8 -l8
[1.048s] DEBUG:colcon.colcon_core.event_handler.log_command:Invoking command in '/home/radu/rapop/ament_playground/ws1/build/ament_env_hooks': CMAKE_PREFIX_PATH=/opt/ros/humble /usr/bin/cmake --install /home/radu/rapop/ament_playground/ws1/build/ament_env_hooks
[1.063s] Level 1:colcon.colcon_core.environment:create_environment_scripts_only(ament_env_hooks)
[1.064s] DEBUG:colcon.colcon_core.event_handler.log_command:Invoked command in '/home/radu/rapop/ament_playground/ws1/build/ament_env_hooks' returned '0': CMAKE_PREFIX_PATH=/opt/ros/humble /usr/bin/cmake --install /home/radu/rapop/ament_playground/ws1/build/ament_env_hooks
[1.067s] Level 1:colcon.colcon_core.environment:checking '/home/radu/test/ament_playground_ws' for CMake module files
[1.068s] Level 1:colcon.colcon_core.environment:checking '/home/radu/test/ament_playground_ws' for CMake config files
[1.069s] Level 1:colcon.colcon_core.shell:create_environment_hook('ament_env_hooks', 'cmake_prefix_path')
[1.069s] INFO:colcon.colcon_core.shell:Creating environment hook '/home/radu/test/ament_playground_ws/share/ament_env_hooks/hook/cmake_prefix_path.ps1'
[1.070s] INFO:colcon.colcon_core.shell:Creating environment descriptor '/home/radu/test/ament_playground_ws/share/ament_env_hooks/hook/cmake_prefix_path.dsv'
[1.071s] INFO:colcon.colcon_core.shell:Creating environment hook '/home/radu/test/ament_playground_ws/share/ament_env_hooks/hook/cmake_prefix_path.sh'
[1.073s] Level 1:colcon.colcon_core.environment:checking '/home/radu/test/ament_playground_ws/bin'
[1.073s] Level 1:colcon.colcon_core.environment:checking '/home/radu/test/ament_playground_ws/lib/pkgconfig/ament_env_hooks.pc'
[1.073s] Level 1:colcon.colcon_core.environment:checking '/home/radu/test/ament_playground_ws/lib/python3.10/site-packages'
[1.074s] Level 1:colcon.colcon_core.environment:checking '/home/radu/test/ament_playground_ws/bin'
[1.074s] INFO:colcon.colcon_core.shell:Creating package script '/home/radu/test/ament_playground_ws/share/ament_env_hooks/package.ps1'
[1.076s] INFO:colcon.colcon_core.shell:Creating package descriptor '/home/radu/test/ament_playground_ws/share/ament_env_hooks/package.dsv'
[1.077s] INFO:colcon.colcon_core.shell:Creating package script '/home/radu/test/ament_playground_ws/share/ament_env_hooks/package.sh'
[1.079s] INFO:colcon.colcon_core.shell:Creating package script '/home/radu/test/ament_playground_ws/share/ament_env_hooks/package.bash'
[1.080s] INFO:colcon.colcon_core.shell:Creating package script '/home/radu/test/ament_playground_ws/share/ament_env_hooks/package.zsh'
[1.082s] Level 1:colcon.colcon_core.environment:create_file_with_runtime_dependencies(/home/radu/test/ament_playground_ws/share/colcon-core/packages/ament_env_hooks)
[1.113s] Level 1:colcon.colcon_core.environment:create_environment_scripts_only(ament_env_hooks)
[1.113s] Level 1:colcon.colcon_core.environment:checking '/home/radu/test/ament_playground_ws' for CMake module files
[1.114s] Level 1:colcon.colcon_core.environment:checking '/home/radu/test/ament_playground_ws' for CMake config files
[1.115s] Level 1:colcon.colcon_core.shell:create_environment_hook('ament_env_hooks', 'cmake_prefix_path')
[1.115s] INFO:colcon.colcon_core.shell:Creating environment hook '/home/radu/test/ament_playground_ws/share/ament_env_hooks/hook/cmake_prefix_path.ps1'
[1.116s] INFO:colcon.colcon_core.shell:Creating environment descriptor '/home/radu/test/ament_playground_ws/share/ament_env_hooks/hook/cmake_prefix_path.dsv'
[1.116s] INFO:colcon.colcon_core.shell:Creating environment hook '/home/radu/test/ament_playground_ws/share/ament_env_hooks/hook/cmake_prefix_path.sh'
[1.117s] Level 1:colcon.colcon_core.environment:checking '/home/radu/test/ament_playground_ws/bin'
[1.117s] Level 1:colcon.colcon_core.environment:checking '/home/radu/test/ament_playground_ws/lib/pkgconfig/ament_env_hooks.pc'
[1.118s] Level 1:colcon.colcon_core.environment:checking '/home/radu/test/ament_playground_ws/lib/python3.10/site-packages'
[1.118s] Level 1:colcon.colcon_core.environment:checking '/home/radu/test/ament_playground_ws/bin'
[1.119s] INFO:colcon.colcon_core.shell:Creating package script '/home/radu/test/ament_playground_ws/share/ament_env_hooks/package.ps1'
[1.119s] INFO:colcon.colcon_core.shell:Creating package descriptor '/home/radu/test/ament_playground_ws/share/ament_env_hooks/package.dsv'
[1.120s] INFO:colcon.colcon_core.shell:Creating package script '/home/radu/test/ament_playground_ws/share/ament_env_hooks/package.sh'
[1.121s] INFO:colcon.colcon_core.shell:Creating package script '/home/radu/test/ament_playground_ws/share/ament_env_hooks/package.bash'
[1.122s] INFO:colcon.colcon_core.shell:Creating package script '/home/radu/test/ament_playground_ws/share/ament_env_hooks/package.zsh'
[1.122s] Level 1:colcon.colcon_core.environment:create_file_with_runtime_dependencies(/home/radu/test/ament_playground_ws/share/colcon-core/packages/ament_env_hooks)
[1.122s] DEBUG:colcon.colcon_parallel_executor.executor.parallel:closing loop
[1.123s] DEBUG:colcon.colcon_parallel_executor.executor.parallel:loop closed
[1.123s] DEBUG:colcon.colcon_parallel_executor.executor.parallel:run_until_complete finished with '0'
[1.123s] DEBUG:colcon.colcon_core.event_reactor:joining thread
[1.130s] INFO:colcon.colcon_core.plugin_system:Skipping extension 'colcon_notification.desktop_notification.terminal_notifier': Not used on non-Darwin systems
[1.130s] INFO:colcon.colcon_core.plugin_system:Skipping extension 'colcon_notification.desktop_notification.win32': Not used on non-Windows systems
[1.130s] INFO:colcon.colcon_notification.desktop_notification:Sending desktop notification using 'notify2'
[1.151s] DEBUG:colcon.colcon_core.event_reactor:joined thread
[1.152s] INFO:colcon.colcon_core.shell:Creating prefix script '/home/radu/test/ament_playground_ws/local_setup.ps1'
[1.154s] INFO:colcon.colcon_core.shell:Creating prefix util module '/home/radu/test/ament_playground_ws/_local_setup_util_ps1.py'
[1.157s] INFO:colcon.colcon_core.shell:Creating prefix chain script '/home/radu/test/ament_playground_ws/setup.ps1'
[1.159s] INFO:colcon.colcon_core.shell:Creating prefix script '/home/radu/test/ament_playground_ws/local_setup.sh'
[1.161s] INFO:colcon.colcon_core.shell:Creating prefix util module '/home/radu/test/ament_playground_ws/_local_setup_util_sh.py'
[1.161s] INFO:colcon.colcon_core.shell:Creating prefix chain script '/home/radu/test/ament_playground_ws/setup.sh'
[1.164s] INFO:colcon.colcon_core.shell:Creating prefix script '/home/radu/test/ament_playground_ws/local_setup.bash'
[1.164s] INFO:colcon.colcon_core.shell:Creating prefix chain script '/home/radu/test/ament_playground_ws/setup.bash'
[1.167s] INFO:colcon.colcon_core.shell:Creating prefix script '/home/radu/test/ament_playground_ws/local_setup.zsh'
[1.168s] INFO:colcon.colcon_core.shell:Creating prefix chain script '/home/radu/test/ament_playground_ws/setup.zsh'
