[0.166s] DEBUG:colcon:Command line arguments: ['/usr/bin/colcon', 'build', '--base-paths', '/home/radu/rapop/ament_playground/ws2/src', '--install-base', '/home/radu/test/ament_playground_ws2', '--merge-install']
[0.166s] DEBUG:colcon:Parsed command line arguments: Namespace(log_base=None, log_level=None, verb_name='build', build_base='build', install_base='/home/radu/test/ament_playground_ws2', merge_install=True, symlink_install=False, test_result_base=None, continue_on_error=False, executor='parallel', parallel_workers=8, event_handlers=None, ignore_user_meta=False, metas=['./colcon.meta'], base_paths=['/home/radu/rapop/ament_playground/ws2/src'], packages_ignore=None, packages_ignore_regex=None, paths=None, packages_up_to=None, packages_up_to_regex=None, packages_above=None, packages_above_and_dependencies=None, packages_above_depth=None, packages_select_by_dep=None, packages_skip_by_dep=None, packages_skip_up_to=None, packages_select_build_failed=False, packages_skip_build_finished=False, packages_select_test_failures=False, packages_skip_test_passed=False, packages_select=None, packages_skip=None, packages_select_regex=None, packages_skip_regex=None, packages_start=None, packages_end=None, allow_overriding=[], cmake_args=None, cmake_target=None, cmake_target_skip_unavailable=False, cmake_clean_cache=False, cmake_clean_first=False, cmake_force_configure=False, ament_cmake_args=None, catkin_cmake_args=None, catkin_skip_building_tests=False, verb_parser=<colcon_defaults.argument_parser.defaults.DefaultArgumentsDecorator object at 0x72ba07416ef0>, verb_extension=<colcon_core.verb.build.BuildVerb object at 0x72ba07416920>, main=<bound method BuildVerb.main of <colcon_core.verb.build.BuildVerb object at 0x72ba07416920>>)
[0.496s] Level 1:colcon.colcon_core.package_discovery:discover_packages(colcon_meta) check parameters
[0.665s] Level 1:colcon.colcon_core.package_discovery:discover_packages(recursive) check parameters
[0.665s] Level 1:colcon.colcon_core.package_discovery:discover_packages(ignore) check parameters
[0.665s] Level 1:colcon.colcon_core.package_discovery:discover_packages(path) check parameters
[0.665s] Level 1:colcon.colcon_core.package_discovery:discover_packages(recursive) discover
[0.665s] INFO:colcon.colcon_core.package_discovery:Crawling recursively for packages in '/home/radu/rapop/ament_playground/ws2/src'
[0.665s] Level 1:colcon.colcon_core.package_identification:_identify(/home/radu/rapop/ament_playground/ws2/src) by extensions ['ignore', 'ignore_ament_install']
[0.666s] Level 1:colcon.colcon_core.package_identification:_identify(/home/radu/rapop/ament_playground/ws2/src) by extension 'ignore'
[0.666s] Level 1:colcon.colcon_core.package_identification:_identify(/home/radu/rapop/ament_playground/ws2/src) by extension 'ignore_ament_install'
[0.666s] Level 1:colcon.colcon_core.package_identification:_identify(/home/radu/rapop/ament_playground/ws2/src) by extensions ['colcon_pkg']
[0.666s] Level 1:colcon.colcon_core.package_identification:_identify(/home/radu/rapop/ament_playground/ws2/src) by extension 'colcon_pkg'
[0.666s] Level 1:colcon.colcon_core.package_identification:_identify(/home/radu/rapop/ament_playground/ws2/src) by extensions ['colcon_meta']
[0.666s] Level 1:colcon.colcon_core.package_identification:_identify(/home/radu/rapop/ament_playground/ws2/src) by extension 'colcon_meta'
[0.666s] Level 1:colcon.colcon_core.package_identification:_identify(/home/radu/rapop/ament_playground/ws2/src) by extensions ['ros']
[0.667s] Level 1:colcon.colcon_core.package_identification:_identify(/home/radu/rapop/ament_playground/ws2/src) by extension 'ros'
[0.689s] Level 1:colcon.colcon_core.package_identification:_identify(/home/radu/rapop/ament_playground/ws2/src) by extensions ['cmake', 'python']
[0.689s] Level 1:colcon.colcon_core.package_identification:_identify(/home/radu/rapop/ament_playground/ws2/src) by extension 'cmake'
[0.689s] Level 1:colcon.colcon_core.package_identification:_identify(/home/radu/rapop/ament_playground/ws2/src) by extension 'python'
[0.689s] Level 1:colcon.colcon_core.package_identification:_identify(/home/radu/rapop/ament_playground/ws2/src) by extensions ['python_setup_py']
[0.690s] Level 1:colcon.colcon_core.package_identification:_identify(/home/radu/rapop/ament_playground/ws2/src) by extension 'python_setup_py'
[0.690s] Level 1:colcon.colcon_core.package_identification:_identify(/home/radu/rapop/ament_playground/ws2/src/ament_env_hooks_ws2) by extensions ['ignore', 'ignore_ament_install']
[0.690s] Level 1:colcon.colcon_core.package_identification:_identify(/home/radu/rapop/ament_playground/ws2/src/ament_env_hooks_ws2) by extension 'ignore'
[0.690s] Level 1:colcon.colcon_core.package_identification:_identify(/home/radu/rapop/ament_playground/ws2/src/ament_env_hooks_ws2) by extension 'ignore_ament_install'
[0.690s] Level 1:colcon.colcon_core.package_identification:_identify(/home/radu/rapop/ament_playground/ws2/src/ament_env_hooks_ws2) by extensions ['colcon_pkg']
[0.690s] Level 1:colcon.colcon_core.package_identification:_identify(/home/radu/rapop/ament_playground/ws2/src/ament_env_hooks_ws2) by extension 'colcon_pkg'
[0.690s] Level 1:colcon.colcon_core.package_identification:_identify(/home/radu/rapop/ament_playground/ws2/src/ament_env_hooks_ws2) by extensions ['colcon_meta']
[0.690s] Level 1:colcon.colcon_core.package_identification:_identify(/home/radu/rapop/ament_playground/ws2/src/ament_env_hooks_ws2) by extension 'colcon_meta'
[0.690s] Level 1:colcon.colcon_core.package_identification:_identify(/home/radu/rapop/ament_playground/ws2/src/ament_env_hooks_ws2) by extensions ['ros']
[0.690s] Level 1:colcon.colcon_core.package_identification:_identify(/home/radu/rapop/ament_playground/ws2/src/ament_env_hooks_ws2) by extension 'ros'
[0.693s] DEBUG:colcon.colcon_core.package_identification:Package '/home/radu/rapop/ament_playground/ws2/src/ament_env_hooks_ws2' with type 'ros.ament_cmake' and name 'ament_env_hooks_ws2'
[0.694s] Level 1:colcon.colcon_core.package_identification:_identify(/home/radu/rapop/ament_playground/ws2/src/ament_index_resources_ws2) by extensions ['ignore', 'ignore_ament_install']
[0.694s] Level 1:colcon.colcon_core.package_identification:_identify(/home/radu/rapop/ament_playground/ws2/src/ament_index_resources_ws2) by extension 'ignore'
[0.694s] Level 1:colcon.colcon_core.package_identification:_identify(/home/radu/rapop/ament_playground/ws2/src/ament_index_resources_ws2) by extension 'ignore_ament_install'
[0.694s] Level 1:colcon.colcon_core.package_identification:_identify(/home/radu/rapop/ament_playground/ws2/src/ament_index_resources_ws2) by extensions ['colcon_pkg']
[0.694s] Level 1:colcon.colcon_core.package_identification:_identify(/home/radu/rapop/ament_playground/ws2/src/ament_index_resources_ws2) by extension 'colcon_pkg'
[0.694s] Level 1:colcon.colcon_core.package_identification:_identify(/home/radu/rapop/ament_playground/ws2/src/ament_index_resources_ws2) by extensions ['colcon_meta']
[0.694s] Level 1:colcon.colcon_core.package_identification:_identify(/home/radu/rapop/ament_playground/ws2/src/ament_index_resources_ws2) by extension 'colcon_meta'
[0.694s] Level 1:colcon.colcon_core.package_identification:_identify(/home/radu/rapop/ament_playground/ws2/src/ament_index_resources_ws2) by extensions ['ros']
[0.694s] Level 1:colcon.colcon_core.package_identification:_identify(/home/radu/rapop/ament_playground/ws2/src/ament_index_resources_ws2) by extension 'ros'
[0.695s] DEBUG:colcon.colcon_core.package_identification:Package '/home/radu/rapop/ament_playground/ws2/src/ament_index_resources_ws2' with type 'ros.ament_cmake' and name 'ament_index_resources_ws2'
[0.695s] Level 1:colcon.colcon_core.package_discovery:discover_packages(recursive) using defaults
[0.726s] Level 1:colcon.colcon_core.package_discovery:discover_packages(prefix_path) check parameters
[0.726s] Level 1:colcon.colcon_core.package_discovery:discover_packages(prefix_path) discover
[0.728s] Level 1:colcon.colcon_core.package_discovery:discover_packages(prefix_path) using defaults
[0.731s] Level 5:colcon.colcon_core.verb:set package 'ament_env_hooks_ws2' build argument 'cmake_args' from command line to 'None'
[0.731s] Level 5:colcon.colcon_core.verb:set package 'ament_env_hooks_ws2' build argument 'cmake_target' from command line to 'None'
[0.731s] Level 5:colcon.colcon_core.verb:set package 'ament_env_hooks_ws2' build argument 'cmake_target_skip_unavailable' from command line to 'False'
[0.731s] Level 5:colcon.colcon_core.verb:set package 'ament_env_hooks_ws2' build argument 'cmake_clean_cache' from command line to 'False'
[0.731s] Level 5:colcon.colcon_core.verb:set package 'ament_env_hooks_ws2' build argument 'cmake_clean_first' from command line to 'False'
[0.731s] Level 5:colcon.colcon_core.verb:set package 'ament_env_hooks_ws2' build argument 'cmake_force_configure' from command line to 'False'
[0.731s] Level 5:colcon.colcon_core.verb:set package 'ament_env_hooks_ws2' build argument 'ament_cmake_args' from command line to 'None'
[0.731s] Level 5:colcon.colcon_core.verb:set package 'ament_env_hooks_ws2' build argument 'catkin_cmake_args' from command line to 'None'
[0.731s] Level 5:colcon.colcon_core.verb:set package 'ament_env_hooks_ws2' build argument 'catkin_skip_building_tests' from command line to 'False'
[0.731s] DEBUG:colcon.colcon_core.verb:Building package 'ament_env_hooks_ws2' with the following arguments: {'ament_cmake_args': None, 'build_base': '/home/radu/rapop/ament_playground/ws2/build/ament_env_hooks_ws2', 'catkin_cmake_args': None, 'catkin_skip_building_tests': False, 'cmake_args': None, 'cmake_clean_cache': False, 'cmake_clean_first': False, 'cmake_force_configure': False, 'cmake_target': None, 'cmake_target_skip_unavailable': False, 'install_base': '/home/radu/test/ament_playground_ws2', 'merge_install': True, 'path': '/home/radu/rapop/ament_playground/ws2/src/ament_env_hooks_ws2', 'symlink_install': False, 'test_result_base': None}
[0.732s] Level 5:colcon.colcon_core.verb:set package 'ament_index_resources_ws2' build argument 'cmake_args' from command line to 'None'
[0.732s] Level 5:colcon.colcon_core.verb:set package 'ament_index_resources_ws2' build argument 'cmake_target' from command line to 'None'
[0.732s] Level 5:colcon.colcon_core.verb:set package 'ament_index_resources_ws2' build argument 'cmake_target_skip_unavailable' from command line to 'False'
[0.732s] Level 5:colcon.colcon_core.verb:set package 'ament_index_resources_ws2' build argument 'cmake_clean_cache' from command line to 'False'
[0.732s] Level 5:colcon.colcon_core.verb:set package 'ament_index_resources_ws2' build argument 'cmake_clean_first' from command line to 'False'
[0.732s] Level 5:colcon.colcon_core.verb:set package 'ament_index_resources_ws2' build argument 'cmake_force_configure' from command line to 'False'
[0.732s] Level 5:colcon.colcon_core.verb:set package 'ament_index_resources_ws2' build argument 'ament_cmake_args' from command line to 'None'
[0.732s] Level 5:colcon.colcon_core.verb:set package 'ament_index_resources_ws2' build argument 'catkin_cmake_args' from command line to 'None'
[0.732s] Level 5:colcon.colcon_core.verb:set package 'ament_index_resources_ws2' build argument 'catkin_skip_building_tests' from command line to 'False'
[0.732s] DEBUG:colcon.colcon_core.verb:Building package 'ament_index_resources_ws2' with the following arguments: {'ament_cmake_args': None, 'build_base': '/home/radu/rapop/ament_playground/ws2/build/ament_index_resources_ws2', 'catkin_cmake_args': None, 'catkin_skip_building_tests': False, 'cmake_args': None, 'cmake_clean_cache': False, 'cmake_clean_first': False, 'cmake_force_configure': False, 'cmake_target': None, 'cmake_target_skip_unavailable': False, 'install_base': '/home/radu/test/ament_playground_ws2', 'merge_install': True, 'path': '/home/radu/rapop/ament_playground/ws2/src/ament_index_resources_ws2', 'symlink_install': False, 'test_result_base': None}
[0.733s] INFO:colcon.colcon_core.executor:Executing jobs using 'parallel' executor
[0.734s] DEBUG:colcon.colcon_parallel_executor.executor.parallel:run_until_complete
[0.735s] INFO:colcon.colcon_ros.task.ament_cmake.build:Building ROS package in '/home/radu/rapop/ament_playground/ws2/src/ament_env_hooks_ws2' with build type 'ament_cmake'
[0.735s] INFO:colcon.colcon_cmake.task.cmake.build:Building CMake package in '/home/radu/rapop/ament_playground/ws2/src/ament_env_hooks_ws2'
[0.739s] INFO:colcon.colcon_core.plugin_system:Skipping extension 'colcon_core.shell.bat': Not used on non-Windows systems
[0.739s] INFO:colcon.colcon_core.shell:Skip shell extension 'powershell' for command environment: Not usable outside of PowerShell
[0.739s] DEBUG:colcon.colcon_core.shell:Skip shell extension 'dsv' for command environment
[0.742s] INFO:colcon.colcon_ros.task.ament_cmake.build:Building ROS package in '/home/radu/rapop/ament_playground/ws2/src/ament_index_resources_ws2' with build type 'ament_cmake'
[0.742s] INFO:colcon.colcon_cmake.task.cmake.build:Building CMake package in '/home/radu/rapop/ament_playground/ws2/src/ament_index_resources_ws2'
[0.743s] INFO:colcon.colcon_core.shell:Skip shell extension 'powershell' for command environment: Not usable outside of PowerShell
[0.743s] DEBUG:colcon.colcon_core.shell:Skip shell extension 'dsv' for command environment
[0.762s] DEBUG:colcon.colcon_core.event_handler.log_command:Invoking command in '/home/radu/rapop/ament_playground/ws2/build/ament_env_hooks_ws2': /usr/bin/cmake --build /home/radu/rapop/ament_playground/ws2/build/ament_env_hooks_ws2 -- -j8 -l8
[0.768s] DEBUG:colcon.colcon_core.event_handler.log_command:Invoking command in '/home/radu/rapop/ament_playground/ws2/build/ament_index_resources_ws2': /usr/bin/cmake --build /home/radu/rapop/ament_playground/ws2/build/ament_index_resources_ws2 -- -j8 -l8
[0.842s] DEBUG:colcon.colcon_core.event_handler.log_command:Invoked command in '/home/radu/rapop/ament_playground/ws2/build/ament_env_hooks_ws2' returned '0': /usr/bin/cmake --build /home/radu/rapop/ament_playground/ws2/build/ament_env_hooks_ws2 -- -j8 -l8
[0.912s] DEBUG:colcon.colcon_core.event_handler.log_command:Invoking command in '/home/radu/rapop/ament_playground/ws2/build/ament_env_hooks_ws2': /usr/bin/cmake --install /home/radu/rapop/ament_playground/ws2/build/ament_env_hooks_ws2
[0.933s] Level 1:colcon.colcon_core.environment:create_environment_scripts_only(ament_env_hooks_ws2)
[0.937s] DEBUG:colcon.colcon_core.event_handler.log_command:Invoked command in '/home/radu/rapop/ament_playground/ws2/build/ament_env_hooks_ws2' returned '0': /usr/bin/cmake --install /home/radu/rapop/ament_playground/ws2/build/ament_env_hooks_ws2
[0.941s] Level 1:colcon.colcon_core.environment:checking '/home/radu/test/ament_playground_ws2' for CMake module files
[0.943s] Level 1:colcon.colcon_core.environment:checking '/home/radu/test/ament_playground_ws2' for CMake config files
[0.943s] Level 1:colcon.colcon_core.shell:create_environment_hook('ament_env_hooks_ws2', 'cmake_prefix_path')
[0.944s] INFO:colcon.colcon_core.shell:Creating environment hook '/home/radu/test/ament_playground_ws2/share/ament_env_hooks_ws2/hook/cmake_prefix_path.ps1'
[0.945s] INFO:colcon.colcon_core.shell:Creating environment descriptor '/home/radu/test/ament_playground_ws2/share/ament_env_hooks_ws2/hook/cmake_prefix_path.dsv'
[0.946s] INFO:colcon.colcon_core.shell:Creating environment hook '/home/radu/test/ament_playground_ws2/share/ament_env_hooks_ws2/hook/cmake_prefix_path.sh'
[0.949s] Level 1:colcon.colcon_core.environment:checking '/home/radu/test/ament_playground_ws2/bin'
[0.950s] Level 1:colcon.colcon_core.environment:checking '/home/radu/test/ament_playground_ws2/lib/pkgconfig/ament_env_hooks_ws2.pc'
[0.953s] Level 1:colcon.colcon_core.environment:checking '/home/radu/test/ament_playground_ws2/lib/python3.10/site-packages'
[0.954s] Level 1:colcon.colcon_core.environment:checking '/home/radu/test/ament_playground_ws2/bin'
[0.955s] INFO:colcon.colcon_core.shell:Creating package script '/home/radu/test/ament_playground_ws2/share/ament_env_hooks_ws2/package.ps1'
[0.957s] INFO:colcon.colcon_core.shell:Creating package descriptor '/home/radu/test/ament_playground_ws2/share/ament_env_hooks_ws2/package.dsv'
[0.958s] INFO:colcon.colcon_core.shell:Creating package script '/home/radu/test/ament_playground_ws2/share/ament_env_hooks_ws2/package.sh'
[0.961s] INFO:colcon.colcon_core.shell:Creating package script '/home/radu/test/ament_playground_ws2/share/ament_env_hooks_ws2/package.bash'
[0.962s] INFO:colcon.colcon_core.shell:Creating package script '/home/radu/test/ament_playground_ws2/share/ament_env_hooks_ws2/package.zsh'
[0.964s] Level 1:colcon.colcon_core.environment:create_file_with_runtime_dependencies(/home/radu/test/ament_playground_ws2/share/colcon-core/packages/ament_env_hooks_ws2)
[1.005s] Level 1:colcon.colcon_core.environment:create_environment_scripts_only(ament_env_hooks_ws2)
[1.005s] Level 1:colcon.colcon_core.environment:checking '/home/radu/test/ament_playground_ws2' for CMake module files
[1.006s] Level 1:colcon.colcon_core.environment:checking '/home/radu/test/ament_playground_ws2' for CMake config files
[1.007s] Level 1:colcon.colcon_core.shell:create_environment_hook('ament_env_hooks_ws2', 'cmake_prefix_path')
[1.007s] INFO:colcon.colcon_core.shell:Creating environment hook '/home/radu/test/ament_playground_ws2/share/ament_env_hooks_ws2/hook/cmake_prefix_path.ps1'
[1.008s] INFO:colcon.colcon_core.shell:Creating environment descriptor '/home/radu/test/ament_playground_ws2/share/ament_env_hooks_ws2/hook/cmake_prefix_path.dsv'
[1.008s] INFO:colcon.colcon_core.shell:Creating environment hook '/home/radu/test/ament_playground_ws2/share/ament_env_hooks_ws2/hook/cmake_prefix_path.sh'
[1.009s] Level 1:colcon.colcon_core.environment:checking '/home/radu/test/ament_playground_ws2/bin'
[1.009s] Level 1:colcon.colcon_core.environment:checking '/home/radu/test/ament_playground_ws2/lib/pkgconfig/ament_env_hooks_ws2.pc'
[1.010s] Level 1:colcon.colcon_core.environment:checking '/home/radu/test/ament_playground_ws2/lib/python3.10/site-packages'
[1.010s] Level 1:colcon.colcon_core.environment:checking '/home/radu/test/ament_playground_ws2/bin'
[1.010s] INFO:colcon.colcon_core.shell:Creating package script '/home/radu/test/ament_playground_ws2/share/ament_env_hooks_ws2/package.ps1'
[1.012s] INFO:colcon.colcon_core.shell:Creating package descriptor '/home/radu/test/ament_playground_ws2/share/ament_env_hooks_ws2/package.dsv'
[1.013s] INFO:colcon.colcon_core.shell:Creating package script '/home/radu/test/ament_playground_ws2/share/ament_env_hooks_ws2/package.sh'
[1.014s] INFO:colcon.colcon_core.shell:Creating package script '/home/radu/test/ament_playground_ws2/share/ament_env_hooks_ws2/package.bash'
[1.015s] INFO:colcon.colcon_core.shell:Creating package script '/home/radu/test/ament_playground_ws2/share/ament_env_hooks_ws2/package.zsh'
[1.016s] Level 1:colcon.colcon_core.environment:create_file_with_runtime_dependencies(/home/radu/test/ament_playground_ws2/share/colcon-core/packages/ament_env_hooks_ws2)
[1.027s] DEBUG:colcon.colcon_core.event_handler.log_command:Invoked command in '/home/radu/rapop/ament_playground/ws2/build/ament_index_resources_ws2' returned '2': /usr/bin/cmake --build /home/radu/rapop/ament_playground/ws2/build/ament_index_resources_ws2 -- -j8 -l8
[1.067s] Level 1:colcon.colcon_core.environment:create_environment_scripts_only(ament_index_resources_ws2)
[1.068s] Level 1:colcon.colcon_core.environment:checking '/home/radu/test/ament_playground_ws2' for CMake module files
[1.069s] Level 1:colcon.colcon_core.environment:checking '/home/radu/test/ament_playground_ws2' for CMake config files
[1.069s] Level 1:colcon.colcon_core.shell:create_environment_hook('ament_index_resources_ws2', 'cmake_prefix_path')
[1.070s] INFO:colcon.colcon_core.shell:Creating environment hook '/home/radu/test/ament_playground_ws2/share/ament_index_resources_ws2/hook/cmake_prefix_path.ps1'
[1.071s] INFO:colcon.colcon_core.shell:Creating environment descriptor '/home/radu/test/ament_playground_ws2/share/ament_index_resources_ws2/hook/cmake_prefix_path.dsv'
[1.071s] INFO:colcon.colcon_core.shell:Creating environment hook '/home/radu/test/ament_playground_ws2/share/ament_index_resources_ws2/hook/cmake_prefix_path.sh'
[1.073s] Level 1:colcon.colcon_core.environment:checking '/home/radu/test/ament_playground_ws2/bin'
[1.073s] Level 1:colcon.colcon_core.environment:checking '/home/radu/test/ament_playground_ws2/lib/pkgconfig/ament_index_resources_ws2.pc'
[1.074s] Level 1:colcon.colcon_core.environment:checking '/home/radu/test/ament_playground_ws2/lib/python3.10/site-packages'
[1.074s] Level 1:colcon.colcon_core.environment:checking '/home/radu/test/ament_playground_ws2/bin'
[1.074s] INFO:colcon.colcon_core.shell:Creating package script '/home/radu/test/ament_playground_ws2/share/ament_index_resources_ws2/package.ps1'
[1.075s] INFO:colcon.colcon_core.shell:Creating package descriptor '/home/radu/test/ament_playground_ws2/share/ament_index_resources_ws2/package.dsv'
[1.076s] INFO:colcon.colcon_core.shell:Creating package script '/home/radu/test/ament_playground_ws2/share/ament_index_resources_ws2/package.sh'
[1.076s] INFO:colcon.colcon_core.shell:Creating package script '/home/radu/test/ament_playground_ws2/share/ament_index_resources_ws2/package.bash'
[1.077s] INFO:colcon.colcon_core.shell:Creating package script '/home/radu/test/ament_playground_ws2/share/ament_index_resources_ws2/package.zsh'
[1.077s] Level 1:colcon.colcon_core.environment:create_file_with_runtime_dependencies(/home/radu/test/ament_playground_ws2/share/colcon-core/packages/ament_index_resources_ws2)
[1.088s] DEBUG:colcon.colcon_parallel_executor.executor.parallel:closing loop
[1.088s] DEBUG:colcon.colcon_parallel_executor.executor.parallel:loop closed
[1.089s] DEBUG:colcon.colcon_parallel_executor.executor.parallel:run_until_complete finished with '2'
[1.089s] DEBUG:colcon.colcon_core.event_reactor:joining thread
[1.097s] INFO:colcon.colcon_core.plugin_system:Skipping extension 'colcon_notification.desktop_notification.terminal_notifier': Not used on non-Darwin systems
[1.097s] INFO:colcon.colcon_core.plugin_system:Skipping extension 'colcon_notification.desktop_notification.win32': Not used on non-Windows systems
[1.097s] INFO:colcon.colcon_notification.desktop_notification:Sending desktop notification using 'notify2'
[1.123s] DEBUG:colcon.colcon_core.event_reactor:joined thread
[1.123s] INFO:colcon.colcon_core.shell:Creating prefix script '/home/radu/test/ament_playground_ws2/local_setup.ps1'
[1.125s] INFO:colcon.colcon_core.shell:Creating prefix util module '/home/radu/test/ament_playground_ws2/_local_setup_util_ps1.py'
[1.127s] INFO:colcon.colcon_core.shell:Creating prefix chain script '/home/radu/test/ament_playground_ws2/setup.ps1'
[1.128s] INFO:colcon.colcon_core.shell:Creating prefix script '/home/radu/test/ament_playground_ws2/local_setup.sh'
[1.130s] INFO:colcon.colcon_core.shell:Creating prefix util module '/home/radu/test/ament_playground_ws2/_local_setup_util_sh.py'
[1.131s] INFO:colcon.colcon_core.shell:Creating prefix chain script '/home/radu/test/ament_playground_ws2/setup.sh'
[1.132s] INFO:colcon.colcon_core.shell:Creating prefix script '/home/radu/test/ament_playground_ws2/local_setup.bash'
[1.133s] INFO:colcon.colcon_core.shell:Creating prefix chain script '/home/radu/test/ament_playground_ws2/setup.bash'
[1.136s] INFO:colcon.colcon_core.shell:Creating prefix script '/home/radu/test/ament_playground_ws2/local_setup.zsh'
[1.137s] INFO:colcon.colcon_core.shell:Creating prefix chain script '/home/radu/test/ament_playground_ws2/setup.zsh'
