[0.016s] Invoking command in '/home/radu/rapop/ament_playground/ws1/build/ament_env_hooks': CMAKE_PREFIX_PATH=/opt/ros/humble /usr/bin/cmake /home/radu/rapop/ament_playground/ws1/src/ament_env_hooks -DCMAKE_INSTALL_PREFIX=/home/radu/test/ament_playground_ws
[0.034s] -- Found ament_cmake: 1.3.9 (/opt/ros/humble/share/ament_cmake/cmake)
[0.251s] -- Found Python3: /usr/bin/python3 (found version "3.10.12") found components: Interpreter 
[0.469s] -- Configuring done
[0.475s] -- Generating done
[0.476s] -- Build files have been written to: /home/radu/rapop/ament_playground/ws1/build/ament_env_hooks
[0.480s] Invoked command in '/home/radu/rapop/ament_playground/ws1/build/ament_env_hooks' returned '0': CMAKE_PREFIX_PATH=/opt/ros/humble /usr/bin/cmake /home/radu/rapop/ament_playground/ws1/src/ament_env_hooks -DCMAKE_INSTALL_PREFIX=/home/radu/test/ament_playground_ws
[0.484s] Invoking command in '/home/radu/rapop/ament_playground/ws1/build/ament_env_hooks': CMAKE_PREFIX_PATH=/opt/ros/humble /usr/bin/cmake --build /home/radu/rapop/ament_playground/ws1/build/ament_env_hooks -- -j8 -l8
[0.540s] Invoked command in '/home/radu/rapop/ament_playground/ws1/build/ament_env_hooks' returned '0': CMAKE_PREFIX_PATH=/opt/ros/humble /usr/bin/cmake --build /home/radu/rapop/ament_playground/ws1/build/ament_env_hooks -- -j8 -l8
[0.584s] Invoking command in '/home/radu/rapop/ament_playground/ws1/build/ament_env_hooks': CMAKE_PREFIX_PATH=/opt/ros/humble /usr/bin/cmake --install /home/radu/rapop/ament_playground/ws1/build/ament_env_hooks
[0.593s] -- Install configuration: ""
[0.593s] -- Installing: /home/radu/test/ament_playground_ws/share/ament_env_hooks/cmake
[0.593s] -- Installing: /home/radu/test/ament_playground_ws/share/ament_env_hooks/cmake/env_hooks.cmake
[0.593s] -- Installing: /home/radu/test/ament_playground_ws/share/ament_env_hooks/env_hooks
[0.594s] -- Installing: /home/radu/test/ament_playground_ws/share/ament_env_hooks/env_hooks/hello_world_path.sh.in
[0.594s] -- Installing: /home/radu/test/ament_playground_ws/share/ament_index/resource_index/env_hooks/ament_env_hooks
[0.594s] -- Installing: /home/radu/test/ament_playground_ws/share/ament_index/resource_index/package_run_dependencies/ament_env_hooks
[0.594s] -- Installing: /home/radu/test/ament_playground_ws/share/ament_index/resource_index/parent_prefix_path/ament_env_hooks
[0.594s] -- Installing: /home/radu/test/ament_playground_ws/share/ament_env_hooks/environment/ament_prefix_path.sh
[0.594s] -- Installing: /home/radu/test/ament_playground_ws/share/ament_env_hooks/environment/ament_prefix_path.dsv
[0.595s] -- Installing: /home/radu/test/ament_playground_ws/share/ament_env_hooks/environment/path.sh
[0.595s] -- Installing: /home/radu/test/ament_playground_ws/share/ament_env_hooks/environment/path.dsv
[0.595s] -- Installing: /home/radu/test/ament_playground_ws/share/ament_env_hooks/local_setup.bash
[0.595s] -- Installing: /home/radu/test/ament_playground_ws/share/ament_env_hooks/local_setup.sh
[0.595s] -- Installing: /home/radu/test/ament_playground_ws/share/ament_env_hooks/local_setup.zsh
[0.596s] -- Installing: /home/radu/test/ament_playground_ws/share/ament_env_hooks/local_setup.dsv
[0.596s] -- Installing: /home/radu/test/ament_playground_ws/share/ament_env_hooks/package.dsv
[0.596s] -- Installing: /home/radu/test/ament_playground_ws/share/ament_index/resource_index/packages/ament_env_hooks
[0.596s] -- Up-to-date: /home/radu/test/ament_playground_ws/share/ament_env_hooks/cmake/env_hooks.cmake
[0.596s] -- Installing: /home/radu/test/ament_playground_ws/share/ament_env_hooks/cmake/ament_cmake_export_dependencies-extras.cmake
[0.597s] -- Installing: /home/radu/test/ament_playground_ws/share/ament_env_hooks/cmake/ament_env_hooksConfig.cmake
[0.597s] -- Installing: /home/radu/test/ament_playground_ws/share/ament_env_hooks/cmake/ament_env_hooksConfig-version.cmake
[0.597s] -- Installing: /home/radu/test/ament_playground_ws/share/ament_env_hooks/package.xml
[0.600s] Invoked command in '/home/radu/rapop/ament_playground/ws1/build/ament_env_hooks' returned '0': CMAKE_PREFIX_PATH=/opt/ros/humble /usr/bin/cmake --install /home/radu/rapop/ament_playground/ws1/build/ament_env_hooks
