-- Install configuration: ""
-- Up-to-date: /home/radu/test/ament_playground_ws/share/ament_env_hooks/cmake
-- Up-to-date: /home/radu/test/ament_playground_ws/share/ament_env_hooks/cmake/env_hooks.cmake
-- Up-to-date: /home/radu/test/ament_playground_ws/share/ament_env_hooks/env_hooks
-- Installing: /home/radu/test/ament_playground_ws/share/ament_env_hooks/env_hooks/hello_world_path.sh.in
-- Up-to-date: /home/radu/test/ament_playground_ws/share/ament_index/resource_index/env_hooks/ament_env_hooks
-- Up-to-date: /home/radu/test/ament_playground_ws/share/ament_index/resource_index/package_run_dependencies/ament_env_hooks
-- Up-to-date: /home/radu/test/ament_playground_ws/share/ament_index/resource_index/parent_prefix_path/ament_env_hooks
-- Up-to-date: /home/radu/test/ament_playground_ws/share/ament_env_hooks/environment/ament_prefix_path.sh
-- Up-to-date: /home/radu/test/ament_playground_ws/share/ament_env_hooks/environment/ament_prefix_path.dsv
-- Up-to-date: /home/radu/test/ament_playground_ws/share/ament_env_hooks/environment/path.sh
-- Up-to-date: /home/radu/test/ament_playground_ws/share/ament_env_hooks/environment/path.dsv
-- Up-to-date: /home/radu/test/ament_playground_ws/share/ament_env_hooks/local_setup.bash
-- Up-to-date: /home/radu/test/ament_playground_ws/share/ament_env_hooks/local_setup.sh
-- Up-to-date: /home/radu/test/ament_playground_ws/share/ament_env_hooks/local_setup.zsh
-- Up-to-date: /home/radu/test/ament_playground_ws/share/ament_env_hooks/local_setup.dsv
-- Installing: /home/radu/test/ament_playground_ws/share/ament_env_hooks/package.dsv
-- Up-to-date: /home/radu/test/ament_playground_ws/share/ament_index/resource_index/packages/ament_env_hooks
-- Up-to-date: /home/radu/test/ament_playground_ws/share/ament_env_hooks/cmake/env_hooks.cmake
-- Up-to-date: /home/radu/test/ament_playground_ws/share/ament_env_hooks/cmake/ament_cmake_export_dependencies-extras.cmake
-- Up-to-date: /home/radu/test/ament_playground_ws/share/ament_env_hooks/cmake/ament_env_hooksConfig.cmake
-- Up-to-date: /home/radu/test/ament_playground_ws/share/ament_env_hooks/cmake/ament_env_hooksConfig-version.cmake
-- Up-to-date: /home/radu/test/ament_playground_ws/share/ament_env_hooks/package.xml
