[0.126s] DEBUG:colcon:Command line arguments: ['/usr/bin/colcon', 'build', '--base-paths', '/home/radu/rapop/ament_playground/ws2/src', '--install-base', '/home/radu/test/ament_playground_ws2', '--merge-install']
[0.126s] DEBUG:colcon:Parsed command line arguments: Namespace(log_base=None, log_level=None, verb_name='build', build_base='build', install_base='/home/radu/test/ament_playground_ws2', merge_install=True, symlink_install=False, test_result_base=None, continue_on_error=False, executor='parallel', parallel_workers=8, event_handlers=None, ignore_user_meta=False, metas=['./colcon.meta'], base_paths=['/home/radu/rapop/ament_playground/ws2/src'], packages_ignore=None, packages_ignore_regex=None, paths=None, packages_up_to=None, packages_up_to_regex=None, packages_above=None, packages_above_and_dependencies=None, packages_above_depth=None, packages_select_by_dep=None, packages_skip_by_dep=None, packages_skip_up_to=None, packages_select_build_failed=False, packages_skip_build_finished=False, packages_select_test_failures=False, packages_skip_test_passed=False, packages_select=None, packages_skip=None, packages_select_regex=None, packages_skip_regex=None, packages_start=None, packages_end=None, allow_overriding=[], cmake_args=None, cmake_target=None, cmake_target_skip_unavailable=False, cmake_clean_cache=False, cmake_clean_first=False, cmake_force_configure=False, ament_cmake_args=None, catkin_cmake_args=None, catkin_skip_building_tests=False, verb_parser=<colcon_defaults.argument_parser.defaults.DefaultArgumentsDecorator object at 0x79097f6ef7c0>, verb_extension=<colcon_core.verb.build.BuildVerb object at 0x79097f6ef1c0>, main=<bound method BuildVerb.main of <colcon_core.verb.build.BuildVerb object at 0x79097f6ef1c0>>)
[0.361s] Level 1:colcon.colcon_core.package_discovery:discover_packages(colcon_meta) check parameters
[0.361s] Level 1:colcon.colcon_core.package_discovery:discover_packages(recursive) check parameters
[0.361s] Level 1:colcon.colcon_core.package_discovery:discover_packages(ignore) check parameters
[0.361s] Level 1:colcon.colcon_core.package_discovery:discover_packages(path) check parameters
[0.361s] Level 1:colcon.colcon_core.package_discovery:discover_packages(recursive) discover
[0.361s] INFO:colcon.colcon_core.package_discovery:Crawling recursively for packages in '/home/radu/rapop/ament_playground/ws2/src'
[0.361s] Level 1:colcon.colcon_core.package_identification:_identify(/home/radu/rapop/ament_playground/ws2/src) by extensions ['ignore', 'ignore_ament_install']
[0.362s] Level 1:colcon.colcon_core.package_identification:_identify(/home/radu/rapop/ament_playground/ws2/src) by extension 'ignore'
[0.362s] Level 1:colcon.colcon_core.package_identification:_identify(/home/radu/rapop/ament_playground/ws2/src) by extension 'ignore_ament_install'
[0.362s] Level 1:colcon.colcon_core.package_identification:_identify(/home/radu/rapop/ament_playground/ws2/src) by extensions ['colcon_pkg']
[0.362s] Level 1:colcon.colcon_core.package_identification:_identify(/home/radu/rapop/ament_playground/ws2/src) by extension 'colcon_pkg'
[0.362s] Level 1:colcon.colcon_core.package_identification:_identify(/home/radu/rapop/ament_playground/ws2/src) by extensions ['colcon_meta']
[0.362s] Level 1:colcon.colcon_core.package_identification:_identify(/home/radu/rapop/ament_playground/ws2/src) by extension 'colcon_meta'
[0.362s] Level 1:colcon.colcon_core.package_identification:_identify(/home/radu/rapop/ament_playground/ws2/src) by extensions ['ros']
[0.362s] Level 1:colcon.colcon_core.package_identification:_identify(/home/radu/rapop/ament_playground/ws2/src) by extension 'ros'
[0.375s] Level 1:colcon.colcon_core.package_identification:_identify(/home/radu/rapop/ament_playground/ws2/src) by extensions ['cmake', 'python']
[0.375s] Level 1:colcon.colcon_core.package_identification:_identify(/home/radu/rapop/ament_playground/ws2/src) by extension 'cmake'
[0.375s] Level 1:colcon.colcon_core.package_identification:_identify(/home/radu/rapop/ament_playground/ws2/src) by extension 'python'
[0.375s] Level 1:colcon.colcon_core.package_identification:_identify(/home/radu/rapop/ament_playground/ws2/src) by extensions ['python_setup_py']
[0.375s] Level 1:colcon.colcon_core.package_identification:_identify(/home/radu/rapop/ament_playground/ws2/src) by extension 'python_setup_py'
[0.376s] Level 1:colcon.colcon_core.package_identification:_identify(/home/radu/rapop/ament_playground/ws2/src/ament_env_hooks_ws2) by extensions ['ignore', 'ignore_ament_install']
[0.376s] Level 1:colcon.colcon_core.package_identification:_identify(/home/radu/rapop/ament_playground/ws2/src/ament_env_hooks_ws2) by extension 'ignore'
[0.376s] Level 1:colcon.colcon_core.package_identification:_identify(/home/radu/rapop/ament_playground/ws2/src/ament_env_hooks_ws2) by extension 'ignore_ament_install'
[0.376s] Level 1:colcon.colcon_core.package_identification:_identify(/home/radu/rapop/ament_playground/ws2/src/ament_env_hooks_ws2) by extensions ['colcon_pkg']
[0.376s] Level 1:colcon.colcon_core.package_identification:_identify(/home/radu/rapop/ament_playground/ws2/src/ament_env_hooks_ws2) by extension 'colcon_pkg'
[0.376s] Level 1:colcon.colcon_core.package_identification:_identify(/home/radu/rapop/ament_playground/ws2/src/ament_env_hooks_ws2) by extensions ['colcon_meta']
[0.376s] Level 1:colcon.colcon_core.package_identification:_identify(/home/radu/rapop/ament_playground/ws2/src/ament_env_hooks_ws2) by extension 'colcon_meta'
[0.376s] Level 1:colcon.colcon_core.package_identification:_identify(/home/radu/rapop/ament_playground/ws2/src/ament_env_hooks_ws2) by extensions ['ros']
[0.376s] Level 1:colcon.colcon_core.package_identification:_identify(/home/radu/rapop/ament_playground/ws2/src/ament_env_hooks_ws2) by extension 'ros'
[0.379s] DEBUG:colcon.colcon_core.package_identification:Package '/home/radu/rapop/ament_playground/ws2/src/ament_env_hooks_ws2' with type 'ros.ament_cmake' and name 'ament_env_hooks_ws2'
[0.379s] Level 1:colcon.colcon_core.package_identification:_identify(/home/radu/rapop/ament_playground/ws2/src/ament_index_resources_ws2) by extensions ['ignore', 'ignore_ament_install']
[0.379s] Level 1:colcon.colcon_core.package_identification:_identify(/home/radu/rapop/ament_playground/ws2/src/ament_index_resources_ws2) by extension 'ignore'
[0.379s] Level 1:colcon.colcon_core.package_identification:_identify(/home/radu/rapop/ament_playground/ws2/src/ament_index_resources_ws2) by extension 'ignore_ament_install'
[0.379s] Level 1:colcon.colcon_core.package_identification:_identify(/home/radu/rapop/ament_playground/ws2/src/ament_index_resources_ws2) by extensions ['colcon_pkg']
[0.379s] Level 1:colcon.colcon_core.package_identification:_identify(/home/radu/rapop/ament_playground/ws2/src/ament_index_resources_ws2) by extension 'colcon_pkg'
[0.379s] Level 1:colcon.colcon_core.package_identification:_identify(/home/radu/rapop/ament_playground/ws2/src/ament_index_resources_ws2) by extensions ['colcon_meta']
[0.379s] Level 1:colcon.colcon_core.package_identification:_identify(/home/radu/rapop/ament_playground/ws2/src/ament_index_resources_ws2) by extension 'colcon_meta'
[0.379s] Level 1:colcon.colcon_core.package_identification:_identify(/home/radu/rapop/ament_playground/ws2/src/ament_index_resources_ws2) by extensions ['ros']
[0.379s] Level 1:colcon.colcon_core.package_identification:_identify(/home/radu/rapop/ament_playground/ws2/src/ament_index_resources_ws2) by extension 'ros'
[0.380s] DEBUG:colcon.colcon_core.package_identification:Package '/home/radu/rapop/ament_playground/ws2/src/ament_index_resources_ws2' with type 'ros.ament_cmake' and name 'ament_index_resources_ws2'
[0.380s] Level 1:colcon.colcon_core.package_discovery:discover_packages(recursive) using defaults
[0.403s] Level 1:colcon.colcon_core.package_discovery:discover_packages(prefix_path) check parameters
[0.403s] Level 1:colcon.colcon_core.package_discovery:discover_packages(prefix_path) discover
[0.406s] DEBUG:colcon.colcon_installed_package_information.package_discovery:Found 2 installed packages in /home/radu/test/ament_playground_ws
[0.407s] DEBUG:colcon.colcon_installed_package_information.package_discovery:Found 2 installed packages in /home/radu/test/ament_playground_ws2
[0.408s] DEBUG:colcon.colcon_installed_package_information.package_discovery:Found 273 installed packages in /opt/ros/humble
[0.421s] Level 1:colcon.colcon_core.package_discovery:discover_packages(prefix_path) using defaults
[0.467s] Level 5:colcon.colcon_core.verb:set package 'ament_env_hooks_ws2' build argument 'cmake_args' from command line to 'None'
[0.468s] Level 5:colcon.colcon_core.verb:set package 'ament_env_hooks_ws2' build argument 'cmake_target' from command line to 'None'
[0.468s] Level 5:colcon.colcon_core.verb:set package 'ament_env_hooks_ws2' build argument 'cmake_target_skip_unavailable' from command line to 'False'
[0.468s] Level 5:colcon.colcon_core.verb:set package 'ament_env_hooks_ws2' build argument 'cmake_clean_cache' from command line to 'False'
[0.468s] Level 5:colcon.colcon_core.verb:set package 'ament_env_hooks_ws2' build argument 'cmake_clean_first' from command line to 'False'
[0.468s] Level 5:colcon.colcon_core.verb:set package 'ament_env_hooks_ws2' build argument 'cmake_force_configure' from command line to 'False'
[0.468s] Level 5:colcon.colcon_core.verb:set package 'ament_env_hooks_ws2' build argument 'ament_cmake_args' from command line to 'None'
[0.468s] Level 5:colcon.colcon_core.verb:set package 'ament_env_hooks_ws2' build argument 'catkin_cmake_args' from command line to 'None'
[0.468s] Level 5:colcon.colcon_core.verb:set package 'ament_env_hooks_ws2' build argument 'catkin_skip_building_tests' from command line to 'False'
[0.468s] DEBUG:colcon.colcon_core.verb:Building package 'ament_env_hooks_ws2' with the following arguments: {'ament_cmake_args': None, 'build_base': '/home/radu/rapop/ament_playground/ws2/build/ament_env_hooks_ws2', 'catkin_cmake_args': None, 'catkin_skip_building_tests': False, 'cmake_args': None, 'cmake_clean_cache': False, 'cmake_clean_first': False, 'cmake_force_configure': False, 'cmake_target': None, 'cmake_target_skip_unavailable': False, 'install_base': '/home/radu/test/ament_playground_ws2', 'merge_install': True, 'path': '/home/radu/rapop/ament_playground/ws2/src/ament_env_hooks_ws2', 'symlink_install': False, 'test_result_base': None}
[0.468s] Level 5:colcon.colcon_core.verb:set package 'ament_index_resources_ws2' build argument 'cmake_args' from command line to 'None'
[0.468s] Level 5:colcon.colcon_core.verb:set package 'ament_index_resources_ws2' build argument 'cmake_target' from command line to 'None'
[0.468s] Level 5:colcon.colcon_core.verb:set package 'ament_index_resources_ws2' build argument 'cmake_target_skip_unavailable' from command line to 'False'
[0.468s] Level 5:colcon.colcon_core.verb:set package 'ament_index_resources_ws2' build argument 'cmake_clean_cache' from command line to 'False'
[0.468s] Level 5:colcon.colcon_core.verb:set package 'ament_index_resources_ws2' build argument 'cmake_clean_first' from command line to 'False'
[0.468s] Level 5:colcon.colcon_core.verb:set package 'ament_index_resources_ws2' build argument 'cmake_force_configure' from command line to 'False'
[0.468s] Level 5:colcon.colcon_core.verb:set package 'ament_index_resources_ws2' build argument 'ament_cmake_args' from command line to 'None'
[0.468s] Level 5:colcon.colcon_core.verb:set package 'ament_index_resources_ws2' build argument 'catkin_cmake_args' from command line to 'None'
[0.468s] Level 5:colcon.colcon_core.verb:set package 'ament_index_resources_ws2' build argument 'catkin_skip_building_tests' from command line to 'False'
[0.468s] DEBUG:colcon.colcon_core.verb:Building package 'ament_index_resources_ws2' with the following arguments: {'ament_cmake_args': None, 'build_base': '/home/radu/rapop/ament_playground/ws2/build/ament_index_resources_ws2', 'catkin_cmake_args': None, 'catkin_skip_building_tests': False, 'cmake_args': None, 'cmake_clean_cache': False, 'cmake_clean_first': False, 'cmake_force_configure': False, 'cmake_target': None, 'cmake_target_skip_unavailable': False, 'install_base': '/home/radu/test/ament_playground_ws2', 'merge_install': True, 'path': '/home/radu/rapop/ament_playground/ws2/src/ament_index_resources_ws2', 'symlink_install': False, 'test_result_base': None}
[0.469s] INFO:colcon.colcon_core.executor:Executing jobs using 'parallel' executor
[0.470s] DEBUG:colcon.colcon_parallel_executor.executor.parallel:run_until_complete
[0.470s] INFO:colcon.colcon_ros.task.ament_cmake.build:Building ROS package in '/home/radu/rapop/ament_playground/ws2/src/ament_env_hooks_ws2' with build type 'ament_cmake'
[0.470s] INFO:colcon.colcon_cmake.task.cmake.build:Building CMake package in '/home/radu/rapop/ament_playground/ws2/src/ament_env_hooks_ws2'
[0.472s] INFO:colcon.colcon_core.plugin_system:Skipping extension 'colcon_core.shell.bat': Not used on non-Windows systems
[0.473s] INFO:colcon.colcon_core.shell:Skip shell extension 'powershell' for command environment: Not usable outside of PowerShell
[0.473s] DEBUG:colcon.colcon_core.shell:Skip shell extension 'dsv' for command environment
[0.477s] INFO:colcon.colcon_ros.task.ament_cmake.build:Building ROS package in '/home/radu/rapop/ament_playground/ws2/src/ament_index_resources_ws2' with build type 'ament_cmake'
[0.478s] INFO:colcon.colcon_cmake.task.cmake.build:Building CMake package in '/home/radu/rapop/ament_playground/ws2/src/ament_index_resources_ws2'
[0.478s] INFO:colcon.colcon_core.shell:Skip shell extension 'powershell' for command environment: Not usable outside of PowerShell
[0.478s] DEBUG:colcon.colcon_core.shell:Skip shell extension 'dsv' for command environment
[0.492s] DEBUG:colcon.colcon_core.event_handler.log_command:Invoking command in '/home/radu/rapop/ament_playground/ws2/build/ament_env_hooks_ws2': CMAKE_PREFIX_PATH=${CMAKE_PREFIX_PATH}:/opt/ros/humble /usr/bin/cmake /home/radu/rapop/ament_playground/ws2/src/ament_env_hooks_ws2 -DCMAKE_INSTALL_PREFIX=/home/radu/test/ament_playground_ws2
[0.501s] DEBUG:colcon.colcon_core.event_handler.log_command:Invoking command in '/home/radu/rapop/ament_playground/ws2/build/ament_index_resources_ws2': CMAKE_PREFIX_PATH=${CMAKE_PREFIX_PATH}:/opt/ros/humble /usr/bin/cmake /home/radu/rapop/ament_playground/ws2/src/ament_index_resources_ws2 -DCMAKE_INSTALL_PREFIX=/home/radu/test/ament_playground_ws2
[1.493s] DEBUG:colcon.colcon_core.event_handler.log_command:Invoked command in '/home/radu/rapop/ament_playground/ws2/build/ament_env_hooks_ws2' returned '0': CMAKE_PREFIX_PATH=${CMAKE_PREFIX_PATH}:/opt/ros/humble /usr/bin/cmake /home/radu/rapop/ament_playground/ws2/src/ament_env_hooks_ws2 -DCMAKE_INSTALL_PREFIX=/home/radu/test/ament_playground_ws2
[1.497s] DEBUG:colcon.colcon_core.event_handler.log_command:Invoking command in '/home/radu/rapop/ament_playground/ws2/build/ament_env_hooks_ws2': CMAKE_PREFIX_PATH=${CMAKE_PREFIX_PATH}:/opt/ros/humble /usr/bin/cmake --build /home/radu/rapop/ament_playground/ws2/build/ament_env_hooks_ws2 -- -j8 -l8
[1.500s] DEBUG:colcon.colcon_core.event_handler.log_command:Invoked command in '/home/radu/rapop/ament_playground/ws2/build/ament_index_resources_ws2' returned '0': CMAKE_PREFIX_PATH=${CMAKE_PREFIX_PATH}:/opt/ros/humble /usr/bin/cmake /home/radu/rapop/ament_playground/ws2/src/ament_index_resources_ws2 -DCMAKE_INSTALL_PREFIX=/home/radu/test/ament_playground_ws2
[1.503s] DEBUG:colcon.colcon_core.event_handler.log_command:Invoking command in '/home/radu/rapop/ament_playground/ws2/build/ament_index_resources_ws2': CMAKE_PREFIX_PATH=${CMAKE_PREFIX_PATH}:/opt/ros/humble /usr/bin/cmake --build /home/radu/rapop/ament_playground/ws2/build/ament_index_resources_ws2 -- -j8 -l8
[1.552s] DEBUG:colcon.colcon_core.event_handler.log_command:Invoked command in '/home/radu/rapop/ament_playground/ws2/build/ament_env_hooks_ws2' returned '0': CMAKE_PREFIX_PATH=${CMAKE_PREFIX_PATH}:/opt/ros/humble /usr/bin/cmake --build /home/radu/rapop/ament_playground/ws2/build/ament_env_hooks_ws2 -- -j8 -l8
[1.560s] DEBUG:colcon.colcon_core.event_handler.log_command:Invoked command in '/home/radu/rapop/ament_playground/ws2/build/ament_index_resources_ws2' returned '0': CMAKE_PREFIX_PATH=${CMAKE_PREFIX_PATH}:/opt/ros/humble /usr/bin/cmake --build /home/radu/rapop/ament_playground/ws2/build/ament_index_resources_ws2 -- -j8 -l8
[1.602s] DEBUG:colcon.colcon_core.event_handler.log_command:Invoking command in '/home/radu/rapop/ament_playground/ws2/build/ament_env_hooks_ws2': CMAKE_PREFIX_PATH=${CMAKE_PREFIX_PATH}:/opt/ros/humble /usr/bin/cmake --install /home/radu/rapop/ament_playground/ws2/build/ament_env_hooks_ws2
[1.607s] DEBUG:colcon.colcon_core.event_handler.log_command:Invoking command in '/home/radu/rapop/ament_playground/ws2/build/ament_index_resources_ws2': CMAKE_PREFIX_PATH=${CMAKE_PREFIX_PATH}:/opt/ros/humble /usr/bin/cmake --install /home/radu/rapop/ament_playground/ws2/build/ament_index_resources_ws2
[1.620s] Level 1:colcon.colcon_core.environment:create_environment_scripts_only(ament_env_hooks_ws2)
[1.622s] DEBUG:colcon.colcon_core.event_handler.log_command:Invoked command in '/home/radu/rapop/ament_playground/ws2/build/ament_env_hooks_ws2' returned '0': CMAKE_PREFIX_PATH=${CMAKE_PREFIX_PATH}:/opt/ros/humble /usr/bin/cmake --install /home/radu/rapop/ament_playground/ws2/build/ament_env_hooks_ws2
[1.625s] Level 1:colcon.colcon_core.environment:checking '/home/radu/test/ament_playground_ws2' for CMake module files
[1.626s] Level 1:colcon.colcon_core.environment:checking '/home/radu/test/ament_playground_ws2' for CMake config files
[1.626s] Level 1:colcon.colcon_core.shell:create_environment_hook('ament_env_hooks_ws2', 'cmake_prefix_path')
[1.626s] INFO:colcon.colcon_core.shell:Creating environment hook '/home/radu/test/ament_playground_ws2/share/ament_env_hooks_ws2/hook/cmake_prefix_path.ps1'
[1.627s] INFO:colcon.colcon_core.shell:Creating environment descriptor '/home/radu/test/ament_playground_ws2/share/ament_env_hooks_ws2/hook/cmake_prefix_path.dsv'
[1.628s] INFO:colcon.colcon_core.shell:Creating environment hook '/home/radu/test/ament_playground_ws2/share/ament_env_hooks_ws2/hook/cmake_prefix_path.sh'
[1.629s] Level 1:colcon.colcon_core.environment:checking '/home/radu/test/ament_playground_ws2/bin'
[1.629s] Level 1:colcon.colcon_core.environment:checking '/home/radu/test/ament_playground_ws2/lib/pkgconfig/ament_env_hooks_ws2.pc'
[1.629s] Level 1:colcon.colcon_core.environment:checking '/home/radu/test/ament_playground_ws2/lib/python3.10/site-packages'
[1.630s] Level 1:colcon.colcon_core.environment:checking '/home/radu/test/ament_playground_ws2/bin'
[1.630s] INFO:colcon.colcon_core.shell:Creating package script '/home/radu/test/ament_playground_ws2/share/ament_env_hooks_ws2/package.ps1'
[1.631s] INFO:colcon.colcon_core.shell:Creating package descriptor '/home/radu/test/ament_playground_ws2/share/ament_env_hooks_ws2/package.dsv'
[1.632s] INFO:colcon.colcon_core.shell:Creating package script '/home/radu/test/ament_playground_ws2/share/ament_env_hooks_ws2/package.sh'
[1.633s] INFO:colcon.colcon_core.shell:Creating package script '/home/radu/test/ament_playground_ws2/share/ament_env_hooks_ws2/package.bash'
[1.634s] INFO:colcon.colcon_core.shell:Creating package script '/home/radu/test/ament_playground_ws2/share/ament_env_hooks_ws2/package.zsh'
[1.634s] Level 1:colcon.colcon_core.environment:create_file_with_runtime_dependencies(/home/radu/test/ament_playground_ws2/share/colcon-core/packages/ament_env_hooks_ws2)
[1.636s] Level 1:colcon.colcon_core.environment:create_environment_scripts_only(ament_index_resources_ws2)
[1.637s] Level 1:colcon.colcon_core.environment:checking '/home/radu/test/ament_playground_ws2' for CMake module files
[1.638s] DEBUG:colcon.colcon_core.event_handler.log_command:Invoked command in '/home/radu/rapop/ament_playground/ws2/build/ament_index_resources_ws2' returned '0': CMAKE_PREFIX_PATH=${CMAKE_PREFIX_PATH}:/opt/ros/humble /usr/bin/cmake --install /home/radu/rapop/ament_playground/ws2/build/ament_index_resources_ws2
[1.639s] Level 1:colcon.colcon_core.environment:checking '/home/radu/test/ament_playground_ws2' for CMake config files
[1.639s] Level 1:colcon.colcon_core.shell:create_environment_hook('ament_index_resources_ws2', 'cmake_prefix_path')
[1.640s] INFO:colcon.colcon_core.shell:Creating environment hook '/home/radu/test/ament_playground_ws2/share/ament_index_resources_ws2/hook/cmake_prefix_path.ps1'
[1.641s] INFO:colcon.colcon_core.shell:Creating environment descriptor '/home/radu/test/ament_playground_ws2/share/ament_index_resources_ws2/hook/cmake_prefix_path.dsv'
[1.641s] INFO:colcon.colcon_core.shell:Creating environment hook '/home/radu/test/ament_playground_ws2/share/ament_index_resources_ws2/hook/cmake_prefix_path.sh'
[1.642s] Level 1:colcon.colcon_core.environment:checking '/home/radu/test/ament_playground_ws2/bin'
[1.642s] Level 1:colcon.colcon_core.environment:checking '/home/radu/test/ament_playground_ws2/lib/pkgconfig/ament_index_resources_ws2.pc'
[1.643s] Level 1:colcon.colcon_core.environment:checking '/home/radu/test/ament_playground_ws2/lib/python3.10/site-packages'
[1.643s] Level 1:colcon.colcon_core.environment:checking '/home/radu/test/ament_playground_ws2/bin'
[1.644s] INFO:colcon.colcon_core.shell:Creating package script '/home/radu/test/ament_playground_ws2/share/ament_index_resources_ws2/package.ps1'
[1.645s] INFO:colcon.colcon_core.shell:Creating package descriptor '/home/radu/test/ament_playground_ws2/share/ament_index_resources_ws2/package.dsv'
[1.646s] INFO:colcon.colcon_core.shell:Creating package script '/home/radu/test/ament_playground_ws2/share/ament_index_resources_ws2/package.sh'
[1.646s] INFO:colcon.colcon_core.shell:Creating package script '/home/radu/test/ament_playground_ws2/share/ament_index_resources_ws2/package.bash'
[1.647s] INFO:colcon.colcon_core.shell:Creating package script '/home/radu/test/ament_playground_ws2/share/ament_index_resources_ws2/package.zsh'
[1.647s] Level 1:colcon.colcon_core.environment:create_file_with_runtime_dependencies(/home/radu/test/ament_playground_ws2/share/colcon-core/packages/ament_index_resources_ws2)
[1.666s] Level 1:colcon.colcon_core.environment:create_environment_scripts_only(ament_env_hooks_ws2)
[1.667s] Level 1:colcon.colcon_core.environment:checking '/home/radu/test/ament_playground_ws2' for CMake module files
[1.668s] Level 1:colcon.colcon_core.environment:checking '/home/radu/test/ament_playground_ws2' for CMake config files
[1.668s] Level 1:colcon.colcon_core.shell:create_environment_hook('ament_env_hooks_ws2', 'cmake_prefix_path')
[1.669s] INFO:colcon.colcon_core.shell:Creating environment hook '/home/radu/test/ament_playground_ws2/share/ament_env_hooks_ws2/hook/cmake_prefix_path.ps1'
[1.669s] INFO:colcon.colcon_core.shell:Creating environment descriptor '/home/radu/test/ament_playground_ws2/share/ament_env_hooks_ws2/hook/cmake_prefix_path.dsv'
[1.670s] INFO:colcon.colcon_core.shell:Creating environment hook '/home/radu/test/ament_playground_ws2/share/ament_env_hooks_ws2/hook/cmake_prefix_path.sh'
[1.671s] Level 1:colcon.colcon_core.environment:checking '/home/radu/test/ament_playground_ws2/bin'
[1.671s] Level 1:colcon.colcon_core.environment:checking '/home/radu/test/ament_playground_ws2/lib/pkgconfig/ament_env_hooks_ws2.pc'
[1.671s] Level 1:colcon.colcon_core.environment:checking '/home/radu/test/ament_playground_ws2/lib/python3.10/site-packages'
[1.672s] Level 1:colcon.colcon_core.environment:checking '/home/radu/test/ament_playground_ws2/bin'
[1.673s] INFO:colcon.colcon_core.shell:Creating package script '/home/radu/test/ament_playground_ws2/share/ament_env_hooks_ws2/package.ps1'
[1.674s] INFO:colcon.colcon_core.shell:Creating package descriptor '/home/radu/test/ament_playground_ws2/share/ament_env_hooks_ws2/package.dsv'
[1.675s] INFO:colcon.colcon_core.shell:Creating package script '/home/radu/test/ament_playground_ws2/share/ament_env_hooks_ws2/package.sh'
[1.675s] INFO:colcon.colcon_core.shell:Creating package script '/home/radu/test/ament_playground_ws2/share/ament_env_hooks_ws2/package.bash'
[1.676s] INFO:colcon.colcon_core.shell:Creating package script '/home/radu/test/ament_playground_ws2/share/ament_env_hooks_ws2/package.zsh'
[1.676s] Level 1:colcon.colcon_core.environment:create_file_with_runtime_dependencies(/home/radu/test/ament_playground_ws2/share/colcon-core/packages/ament_env_hooks_ws2)
[1.679s] Level 1:colcon.colcon_core.environment:create_environment_scripts_only(ament_index_resources_ws2)
[1.679s] Level 1:colcon.colcon_core.environment:checking '/home/radu/test/ament_playground_ws2' for CMake module files
[1.681s] Level 1:colcon.colcon_core.environment:checking '/home/radu/test/ament_playground_ws2' for CMake config files
[1.681s] Level 1:colcon.colcon_core.shell:create_environment_hook('ament_index_resources_ws2', 'cmake_prefix_path')
[1.681s] INFO:colcon.colcon_core.shell:Creating environment hook '/home/radu/test/ament_playground_ws2/share/ament_index_resources_ws2/hook/cmake_prefix_path.ps1'
[1.682s] INFO:colcon.colcon_core.shell:Creating environment descriptor '/home/radu/test/ament_playground_ws2/share/ament_index_resources_ws2/hook/cmake_prefix_path.dsv'
[1.683s] INFO:colcon.colcon_core.shell:Creating environment hook '/home/radu/test/ament_playground_ws2/share/ament_index_resources_ws2/hook/cmake_prefix_path.sh'
[1.684s] Level 1:colcon.colcon_core.environment:checking '/home/radu/test/ament_playground_ws2/bin'
[1.684s] Level 1:colcon.colcon_core.environment:checking '/home/radu/test/ament_playground_ws2/lib/pkgconfig/ament_index_resources_ws2.pc'
[1.684s] Level 1:colcon.colcon_core.environment:checking '/home/radu/test/ament_playground_ws2/lib/python3.10/site-packages'
[1.685s] Level 1:colcon.colcon_core.environment:checking '/home/radu/test/ament_playground_ws2/bin'
[1.685s] INFO:colcon.colcon_core.shell:Creating package script '/home/radu/test/ament_playground_ws2/share/ament_index_resources_ws2/package.ps1'
[1.686s] INFO:colcon.colcon_core.shell:Creating package descriptor '/home/radu/test/ament_playground_ws2/share/ament_index_resources_ws2/package.dsv'
[1.687s] INFO:colcon.colcon_core.shell:Creating package script '/home/radu/test/ament_playground_ws2/share/ament_index_resources_ws2/package.sh'
[1.688s] INFO:colcon.colcon_core.shell:Creating package script '/home/radu/test/ament_playground_ws2/share/ament_index_resources_ws2/package.bash'
[1.689s] INFO:colcon.colcon_core.shell:Creating package script '/home/radu/test/ament_playground_ws2/share/ament_index_resources_ws2/package.zsh'
[1.691s] Level 1:colcon.colcon_core.environment:create_file_with_runtime_dependencies(/home/radu/test/ament_playground_ws2/share/colcon-core/packages/ament_index_resources_ws2)
[1.692s] DEBUG:colcon.colcon_parallel_executor.executor.parallel:closing loop
[1.692s] DEBUG:colcon.colcon_parallel_executor.executor.parallel:loop closed
[1.692s] DEBUG:colcon.colcon_parallel_executor.executor.parallel:run_until_complete finished with '0'
[1.692s] DEBUG:colcon.colcon_core.event_reactor:joining thread
[1.702s] INFO:colcon.colcon_core.plugin_system:Skipping extension 'colcon_notification.desktop_notification.terminal_notifier': Not used on non-Darwin systems
[1.702s] INFO:colcon.colcon_core.plugin_system:Skipping extension 'colcon_notification.desktop_notification.win32': Not used on non-Windows systems
[1.702s] INFO:colcon.colcon_notification.desktop_notification:Sending desktop notification using 'notify2'
[1.719s] DEBUG:colcon.colcon_core.event_reactor:joined thread
[1.719s] INFO:colcon.colcon_core.shell:Creating prefix script '/home/radu/test/ament_playground_ws2/local_setup.ps1'
[1.721s] INFO:colcon.colcon_core.shell:Creating prefix util module '/home/radu/test/ament_playground_ws2/_local_setup_util_ps1.py'
[1.723s] INFO:colcon.colcon_core.shell:Creating prefix chain script '/home/radu/test/ament_playground_ws2/setup.ps1'
[1.725s] INFO:colcon.colcon_core.shell:Creating prefix script '/home/radu/test/ament_playground_ws2/local_setup.sh'
[1.727s] INFO:colcon.colcon_core.shell:Creating prefix util module '/home/radu/test/ament_playground_ws2/_local_setup_util_sh.py'
[1.729s] INFO:colcon.colcon_core.shell:Creating prefix chain script '/home/radu/test/ament_playground_ws2/setup.sh'
[1.731s] INFO:colcon.colcon_core.shell:Creating prefix script '/home/radu/test/ament_playground_ws2/local_setup.bash'
[1.733s] INFO:colcon.colcon_core.shell:Creating prefix chain script '/home/radu/test/ament_playground_ws2/setup.bash'
[1.734s] INFO:colcon.colcon_core.shell:Creating prefix script '/home/radu/test/ament_playground_ws2/local_setup.zsh'
[1.735s] INFO:colcon.colcon_core.shell:Creating prefix chain script '/home/radu/test/ament_playground_ws2/setup.zsh'
