[0.028s] Invoking command in '/home/radu/rapop/ament_playground/ws2/build/ament_index_resources_ws2': CMAKE_PREFIX_PATH=${CMAKE_PREFIX_PATH}:/opt/ros/humble /usr/bin/cmake --build /home/radu/rapop/ament_playground/ws2/build/ament_index_resources_ws2 -- -j8 -l8
[0.097s] Invoked command in '/home/radu/rapop/ament_playground/ws2/build/ament_index_resources_ws2' returned '0': CMAKE_PREFIX_PATH=${CMAKE_PREFIX_PATH}:/opt/ros/humble /usr/bin/cmake --build /home/radu/rapop/ament_playground/ws2/build/ament_index_resources_ws2 -- -j8 -l8
[0.188s] Invoking command in '/home/radu/rapop/ament_playground/ws2/build/ament_index_resources_ws2': CMAKE_PREFIX_PATH=${CMAKE_PREFIX_PATH}:/opt/ros/humble /usr/bin/cmake --install /home/radu/rapop/ament_playground/ws2/build/ament_index_resources_ws2
[0.214s] -- Install configuration: ""
[0.222s] -- Up-to-date: /home/radu/test/ament_playground_ws2/share/ament_index/resource_index/package_run_dependencies/ament_index_resources_ws2
[0.222s] -- Up-to-date: /home/radu/test/ament_playground_ws2/share/ament_index/resource_index/parent_prefix_path/ament_index_resources_ws2
[0.222s] -- Up-to-date: /home/radu/test/ament_playground_ws2/share/ament_index_resources_ws2/environment/ament_prefix_path.sh
[0.228s] -- Up-to-date: /home/radu/test/ament_playground_ws2/share/ament_index_resources_ws2/environment/ament_prefix_path.dsv
[0.228s] -- Up-to-date: /home/radu/test/ament_playground_ws2/share/ament_index_resources_ws2/environment/path.sh
[0.228s] -- Up-to-date: /home/radu/test/ament_playground_ws2/share/ament_index_resources_ws2/environment/path.dsv
[0.229s] -- Up-to-date: /home/radu/test/ament_playground_ws2/share/ament_index_resources_ws2/local_setup.bash
[0.229s] -- Up-to-date: /home/radu/test/ament_playground_ws2/share/ament_index_resources_ws2/local_setup.sh
[0.229s] -- Up-to-date: /home/radu/test/ament_playground_ws2/share/ament_index_resources_ws2/local_setup.zsh
[0.229s] -- Up-to-date: /home/radu/test/ament_playground_ws2/share/ament_index_resources_ws2/local_setup.dsv
[0.229s] -- Up-to-date: /home/radu/test/ament_playground_ws2/share/ament_index_resources_ws2/package.dsv
[0.229s] -- Up-to-date: /home/radu/test/ament_playground_ws2/share/ament_index/resource_index/packages/ament_index_resources_ws2
[0.229s] -- Up-to-date: /home/radu/test/ament_playground_ws2/share/ament_index_resources_ws2/cmake/ament_index_resources_ws2Config.cmake
[0.231s] -- Up-to-date: /home/radu/test/ament_playground_ws2/share/ament_index_resources_ws2/cmake/ament_index_resources_ws2Config-version.cmake
[0.231s] -- Up-to-date: /home/radu/test/ament_playground_ws2/share/ament_index_resources_ws2/package.xml
[0.273s] Invoked command in '/home/radu/rapop/ament_playground/ws2/build/ament_index_resources_ws2' returned '0': CMAKE_PREFIX_PATH=${CMAKE_PREFIX_PATH}:/opt/ros/humble /usr/bin/cmake --install /home/radu/rapop/ament_playground/ws2/build/ament_index_resources_ws2
