[0.026s] Invoking command in '/home/radu/rapop/ament_playground/ws1/build/ament_index_resources': CMAKE_PREFIX_PATH=${CMAKE_PREFIX_PATH}:/opt/ros/humble /usr/bin/cmake --build /home/radu/rapop/ament_playground/ws1/build/ament_index_resources -- -j8 -l8
[0.089s] Invoked command in '/home/radu/rapop/ament_playground/ws1/build/ament_index_resources' returned '0': CMAKE_PREFIX_PATH=${CMAKE_PREFIX_PATH}:/opt/ros/humble /usr/bin/cmake --build /home/radu/rapop/ament_playground/ws1/build/ament_index_resources -- -j8 -l8
[0.140s] Invoking command in '/home/radu/rapop/ament_playground/ws1/build/ament_index_resources': CMAKE_PREFIX_PATH=${CMAKE_PREFIX_PATH}:/opt/ros/humble /usr/bin/cmake --install /home/radu/rapop/ament_playground/ws1/build/ament_index_resources
[0.153s] -- Install configuration: ""
[0.153s] -- Up-to-date: /home/radu/test/ament_playground_ws/share/ament_index/resource_index/my_resource/ament_index_resources
[0.153s] -- Up-to-date: /home/radu/test/ament_playground_ws/share/ament_index/resource_index/package_run_dependencies/ament_index_resources
[0.154s] -- Up-to-date: /home/radu/test/ament_playground_ws/share/ament_index/resource_index/parent_prefix_path/ament_index_resources
[0.154s] -- Up-to-date: /home/radu/test/ament_playground_ws/share/ament_index_resources/environment/ament_prefix_path.sh
[0.154s] -- Up-to-date: /home/radu/test/ament_playground_ws/share/ament_index_resources/environment/ament_prefix_path.dsv
[0.155s] -- Up-to-date: /home/radu/test/ament_playground_ws/share/ament_index_resources/environment/path.sh
[0.155s] -- Up-to-date: /home/radu/test/ament_playground_ws/share/ament_index_resources/environment/path.dsv
[0.155s] -- Up-to-date: /home/radu/test/ament_playground_ws/share/ament_index_resources/local_setup.bash
[0.155s] -- Up-to-date: /home/radu/test/ament_playground_ws/share/ament_index_resources/local_setup.sh
[0.155s] -- Up-to-date: /home/radu/test/ament_playground_ws/share/ament_index_resources/local_setup.zsh
[0.155s] -- Up-to-date: /home/radu/test/ament_playground_ws/share/ament_index_resources/local_setup.dsv
[0.156s] -- Up-to-date: /home/radu/test/ament_playground_ws/share/ament_index_resources/package.dsv
[0.156s] -- Up-to-date: /home/radu/test/ament_playground_ws/share/ament_index/resource_index/packages/ament_index_resources
[0.156s] -- Up-to-date: /home/radu/test/ament_playground_ws/share/ament_index_resources/cmake/ament_index_resourcesConfig.cmake
[0.157s] -- Up-to-date: /home/radu/test/ament_playground_ws/share/ament_index_resources/cmake/ament_index_resourcesConfig-version.cmake
[0.158s] -- Up-to-date: /home/radu/test/ament_playground_ws/share/ament_index_resources/package.xml
[0.180s] Invoked command in '/home/radu/rapop/ament_playground/ws1/build/ament_index_resources' returned '0': CMAKE_PREFIX_PATH=${CMAKE_PREFIX_PATH}:/opt/ros/humble /usr/bin/cmake --install /home/radu/rapop/ament_playground/ws1/build/ament_index_resources
