[0.156s] DEBUG:colcon:Command line arguments: ['/usr/bin/colcon', 'build', '--base-paths', '/home/radu/rapop/ament_playground/ws2/src', '--install-base', '/home/radu/test/ament_playground_ws2', '--merge-install']
[0.156s] DEBUG:colcon:Parsed command line arguments: Namespace(log_base=None, log_level=None, verb_name='build', build_base='build', install_base='/home/radu/test/ament_playground_ws2', merge_install=True, symlink_install=False, test_result_base=None, continue_on_error=False, executor='parallel', parallel_workers=8, event_handlers=None, ignore_user_meta=False, metas=['./colcon.meta'], base_paths=['/home/radu/rapop/ament_playground/ws2/src'], packages_ignore=None, packages_ignore_regex=None, paths=None, packages_up_to=None, packages_up_to_regex=None, packages_above=None, packages_above_and_dependencies=None, packages_above_depth=None, packages_select_by_dep=None, packages_skip_by_dep=None, packages_skip_up_to=None, packages_select_build_failed=False, packages_skip_build_finished=False, packages_select_test_failures=False, packages_skip_test_passed=False, packages_select=None, packages_skip=None, packages_select_regex=None, packages_skip_regex=None, packages_start=None, packages_end=None, allow_overriding=[], cmake_args=None, cmake_target=None, cmake_target_skip_unavailable=False, cmake_clean_cache=False, cmake_clean_first=False, cmake_force_configure=False, ament_cmake_args=None, catkin_cmake_args=None, catkin_skip_building_tests=False, verb_parser=<colcon_defaults.argument_parser.defaults.DefaultArgumentsDecorator object at 0x796b90a137c0>, verb_extension=<colcon_core.verb.build.BuildVerb object at 0x796b90a131c0>, main=<bound method BuildVerb.main of <colcon_core.verb.build.BuildVerb object at 0x796b90a131c0>>)
[0.373s] Level 1:colcon.colcon_core.package_discovery:discover_packages(colcon_meta) check parameters
[0.373s] Level 1:colcon.colcon_core.package_discovery:discover_packages(recursive) check parameters
[0.373s] Level 1:colcon.colcon_core.package_discovery:discover_packages(ignore) check parameters
[0.373s] Level 1:colcon.colcon_core.package_discovery:discover_packages(path) check parameters
[0.374s] Level 1:colcon.colcon_core.package_discovery:discover_packages(recursive) discover
[0.374s] INFO:colcon.colcon_core.package_discovery:Crawling recursively for packages in '/home/radu/rapop/ament_playground/ws2/src'
[0.374s] Level 1:colcon.colcon_core.package_identification:_identify(/home/radu/rapop/ament_playground/ws2/src) by extensions ['ignore', 'ignore_ament_install']
[0.374s] Level 1:colcon.colcon_core.package_identification:_identify(/home/radu/rapop/ament_playground/ws2/src) by extension 'ignore'
[0.374s] Level 1:colcon.colcon_core.package_identification:_identify(/home/radu/rapop/ament_playground/ws2/src) by extension 'ignore_ament_install'
[0.374s] Level 1:colcon.colcon_core.package_identification:_identify(/home/radu/rapop/ament_playground/ws2/src) by extensions ['colcon_pkg']
[0.375s] Level 1:colcon.colcon_core.package_identification:_identify(/home/radu/rapop/ament_playground/ws2/src) by extension 'colcon_pkg'
[0.375s] Level 1:colcon.colcon_core.package_identification:_identify(/home/radu/rapop/ament_playground/ws2/src) by extensions ['colcon_meta']
[0.375s] Level 1:colcon.colcon_core.package_identification:_identify(/home/radu/rapop/ament_playground/ws2/src) by extension 'colcon_meta'
[0.375s] Level 1:colcon.colcon_core.package_identification:_identify(/home/radu/rapop/ament_playground/ws2/src) by extensions ['ros']
[0.375s] Level 1:colcon.colcon_core.package_identification:_identify(/home/radu/rapop/ament_playground/ws2/src) by extension 'ros'
[0.389s] Level 1:colcon.colcon_core.package_identification:_identify(/home/radu/rapop/ament_playground/ws2/src) by extensions ['cmake', 'python']
[0.389s] Level 1:colcon.colcon_core.package_identification:_identify(/home/radu/rapop/ament_playground/ws2/src) by extension 'cmake'
[0.390s] Level 1:colcon.colcon_core.package_identification:_identify(/home/radu/rapop/ament_playground/ws2/src) by extension 'python'
[0.390s] Level 1:colcon.colcon_core.package_identification:_identify(/home/radu/rapop/ament_playground/ws2/src) by extensions ['python_setup_py']
[0.390s] Level 1:colcon.colcon_core.package_identification:_identify(/home/radu/rapop/ament_playground/ws2/src) by extension 'python_setup_py'
[0.390s] Level 1:colcon.colcon_core.package_identification:_identify(/home/radu/rapop/ament_playground/ws2/src/ament_env_hooks_ws2) by extensions ['ignore', 'ignore_ament_install']
[0.390s] Level 1:colcon.colcon_core.package_identification:_identify(/home/radu/rapop/ament_playground/ws2/src/ament_env_hooks_ws2) by extension 'ignore'
[0.390s] Level 1:colcon.colcon_core.package_identification:_identify(/home/radu/rapop/ament_playground/ws2/src/ament_env_hooks_ws2) by extension 'ignore_ament_install'
[0.390s] Level 1:colcon.colcon_core.package_identification:_identify(/home/radu/rapop/ament_playground/ws2/src/ament_env_hooks_ws2) by extensions ['colcon_pkg']
[0.390s] Level 1:colcon.colcon_core.package_identification:_identify(/home/radu/rapop/ament_playground/ws2/src/ament_env_hooks_ws2) by extension 'colcon_pkg'
[0.391s] Level 1:colcon.colcon_core.package_identification:_identify(/home/radu/rapop/ament_playground/ws2/src/ament_env_hooks_ws2) by extensions ['colcon_meta']
[0.391s] Level 1:colcon.colcon_core.package_identification:_identify(/home/radu/rapop/ament_playground/ws2/src/ament_env_hooks_ws2) by extension 'colcon_meta'
[0.391s] Level 1:colcon.colcon_core.package_identification:_identify(/home/radu/rapop/ament_playground/ws2/src/ament_env_hooks_ws2) by extensions ['ros']
[0.391s] Level 1:colcon.colcon_core.package_identification:_identify(/home/radu/rapop/ament_playground/ws2/src/ament_env_hooks_ws2) by extension 'ros'
[0.394s] DEBUG:colcon.colcon_core.package_identification:Package '/home/radu/rapop/ament_playground/ws2/src/ament_env_hooks_ws2' with type 'ros.ament_cmake' and name 'ament_env_hooks_ws2'
[0.394s] Level 1:colcon.colcon_core.package_identification:_identify(/home/radu/rapop/ament_playground/ws2/src/ament_index_resources_ws2) by extensions ['ignore', 'ignore_ament_install']
[0.394s] Level 1:colcon.colcon_core.package_identification:_identify(/home/radu/rapop/ament_playground/ws2/src/ament_index_resources_ws2) by extension 'ignore'
[0.394s] Level 1:colcon.colcon_core.package_identification:_identify(/home/radu/rapop/ament_playground/ws2/src/ament_index_resources_ws2) by extension 'ignore_ament_install'
[0.394s] Level 1:colcon.colcon_core.package_identification:_identify(/home/radu/rapop/ament_playground/ws2/src/ament_index_resources_ws2) by extensions ['colcon_pkg']
[0.395s] Level 1:colcon.colcon_core.package_identification:_identify(/home/radu/rapop/ament_playground/ws2/src/ament_index_resources_ws2) by extension 'colcon_pkg'
[0.395s] Level 1:colcon.colcon_core.package_identification:_identify(/home/radu/rapop/ament_playground/ws2/src/ament_index_resources_ws2) by extensions ['colcon_meta']
[0.395s] Level 1:colcon.colcon_core.package_identification:_identify(/home/radu/rapop/ament_playground/ws2/src/ament_index_resources_ws2) by extension 'colcon_meta'
[0.395s] Level 1:colcon.colcon_core.package_identification:_identify(/home/radu/rapop/ament_playground/ws2/src/ament_index_resources_ws2) by extensions ['ros']
[0.395s] Level 1:colcon.colcon_core.package_identification:_identify(/home/radu/rapop/ament_playground/ws2/src/ament_index_resources_ws2) by extension 'ros'
[0.396s] DEBUG:colcon.colcon_core.package_identification:Package '/home/radu/rapop/ament_playground/ws2/src/ament_index_resources_ws2' with type 'ros.ament_cmake' and name 'ament_index_resources_ws2'
[0.396s] Level 1:colcon.colcon_core.package_discovery:discover_packages(recursive) using defaults
[0.421s] Level 1:colcon.colcon_core.package_discovery:discover_packages(prefix_path) check parameters
[0.421s] Level 1:colcon.colcon_core.package_discovery:discover_packages(prefix_path) discover
[0.423s] DEBUG:colcon.colcon_installed_package_information.package_discovery:Found 2 installed packages in /home/radu/test/ament_playground_ws
[0.424s] DEBUG:colcon.colcon_installed_package_information.package_discovery:Found 2 installed packages in /home/radu/test/ament_playground_ws2
[0.426s] DEBUG:colcon.colcon_installed_package_information.package_discovery:Found 273 installed packages in /opt/ros/humble
[0.440s] Level 1:colcon.colcon_core.package_discovery:discover_packages(prefix_path) using defaults
[0.490s] Level 5:colcon.colcon_core.verb:set package 'ament_env_hooks_ws2' build argument 'cmake_args' from command line to 'None'
[0.490s] Level 5:colcon.colcon_core.verb:set package 'ament_env_hooks_ws2' build argument 'cmake_target' from command line to 'None'
[0.491s] Level 5:colcon.colcon_core.verb:set package 'ament_env_hooks_ws2' build argument 'cmake_target_skip_unavailable' from command line to 'False'
[0.491s] Level 5:colcon.colcon_core.verb:set package 'ament_env_hooks_ws2' build argument 'cmake_clean_cache' from command line to 'False'
[0.491s] Level 5:colcon.colcon_core.verb:set package 'ament_env_hooks_ws2' build argument 'cmake_clean_first' from command line to 'False'
[0.491s] Level 5:colcon.colcon_core.verb:set package 'ament_env_hooks_ws2' build argument 'cmake_force_configure' from command line to 'False'
[0.491s] Level 5:colcon.colcon_core.verb:set package 'ament_env_hooks_ws2' build argument 'ament_cmake_args' from command line to 'None'
[0.491s] Level 5:colcon.colcon_core.verb:set package 'ament_env_hooks_ws2' build argument 'catkin_cmake_args' from command line to 'None'
[0.491s] Level 5:colcon.colcon_core.verb:set package 'ament_env_hooks_ws2' build argument 'catkin_skip_building_tests' from command line to 'False'
[0.491s] DEBUG:colcon.colcon_core.verb:Building package 'ament_env_hooks_ws2' with the following arguments: {'ament_cmake_args': None, 'build_base': '/home/radu/rapop/ament_playground/ws2/build/ament_env_hooks_ws2', 'catkin_cmake_args': None, 'catkin_skip_building_tests': False, 'cmake_args': None, 'cmake_clean_cache': False, 'cmake_clean_first': False, 'cmake_force_configure': False, 'cmake_target': None, 'cmake_target_skip_unavailable': False, 'install_base': '/home/radu/test/ament_playground_ws2', 'merge_install': True, 'path': '/home/radu/rapop/ament_playground/ws2/src/ament_env_hooks_ws2', 'symlink_install': False, 'test_result_base': None}
[0.492s] Level 5:colcon.colcon_core.verb:set package 'ament_index_resources_ws2' build argument 'cmake_args' from command line to 'None'
[0.492s] Level 5:colcon.colcon_core.verb:set package 'ament_index_resources_ws2' build argument 'cmake_target' from command line to 'None'
[0.492s] Level 5:colcon.colcon_core.verb:set package 'ament_index_resources_ws2' build argument 'cmake_target_skip_unavailable' from command line to 'False'
[0.492s] Level 5:colcon.colcon_core.verb:set package 'ament_index_resources_ws2' build argument 'cmake_clean_cache' from command line to 'False'
[0.492s] Level 5:colcon.colcon_core.verb:set package 'ament_index_resources_ws2' build argument 'cmake_clean_first' from command line to 'False'
[0.492s] Level 5:colcon.colcon_core.verb:set package 'ament_index_resources_ws2' build argument 'cmake_force_configure' from command line to 'False'
[0.492s] Level 5:colcon.colcon_core.verb:set package 'ament_index_resources_ws2' build argument 'ament_cmake_args' from command line to 'None'
[0.492s] Level 5:colcon.colcon_core.verb:set package 'ament_index_resources_ws2' build argument 'catkin_cmake_args' from command line to 'None'
[0.492s] Level 5:colcon.colcon_core.verb:set package 'ament_index_resources_ws2' build argument 'catkin_skip_building_tests' from command line to 'False'
[0.492s] DEBUG:colcon.colcon_core.verb:Building package 'ament_index_resources_ws2' with the following arguments: {'ament_cmake_args': None, 'build_base': '/home/radu/rapop/ament_playground/ws2/build/ament_index_resources_ws2', 'catkin_cmake_args': None, 'catkin_skip_building_tests': False, 'cmake_args': None, 'cmake_clean_cache': False, 'cmake_clean_first': False, 'cmake_force_configure': False, 'cmake_target': None, 'cmake_target_skip_unavailable': False, 'install_base': '/home/radu/test/ament_playground_ws2', 'merge_install': True, 'path': '/home/radu/rapop/ament_playground/ws2/src/ament_index_resources_ws2', 'symlink_install': False, 'test_result_base': None}
[0.493s] INFO:colcon.colcon_core.executor:Executing jobs using 'parallel' executor
[0.494s] DEBUG:colcon.colcon_parallel_executor.executor.parallel:run_until_complete
[0.495s] INFO:colcon.colcon_ros.task.ament_cmake.build:Building ROS package in '/home/radu/rapop/ament_playground/ws2/src/ament_env_hooks_ws2' with build type 'ament_cmake'
[0.495s] INFO:colcon.colcon_cmake.task.cmake.build:Building CMake package in '/home/radu/rapop/ament_playground/ws2/src/ament_env_hooks_ws2'
[0.498s] INFO:colcon.colcon_core.plugin_system:Skipping extension 'colcon_core.shell.bat': Not used on non-Windows systems
[0.499s] INFO:colcon.colcon_core.shell:Skip shell extension 'powershell' for command environment: Not usable outside of PowerShell
[0.499s] DEBUG:colcon.colcon_core.shell:Skip shell extension 'dsv' for command environment
[0.506s] INFO:colcon.colcon_ros.task.ament_cmake.build:Building ROS package in '/home/radu/rapop/ament_playground/ws2/src/ament_index_resources_ws2' with build type 'ament_cmake'
[0.506s] INFO:colcon.colcon_cmake.task.cmake.build:Building CMake package in '/home/radu/rapop/ament_playground/ws2/src/ament_index_resources_ws2'
[0.507s] INFO:colcon.colcon_core.shell:Skip shell extension 'powershell' for command environment: Not usable outside of PowerShell
[0.507s] DEBUG:colcon.colcon_core.shell:Skip shell extension 'dsv' for command environment
[0.522s] DEBUG:colcon.colcon_core.event_handler.log_command:Invoking command in '/home/radu/rapop/ament_playground/ws2/build/ament_env_hooks_ws2': CMAKE_PREFIX_PATH=${CMAKE_PREFIX_PATH}:/opt/ros/humble /usr/bin/cmake --build /home/radu/rapop/ament_playground/ws2/build/ament_env_hooks_ws2 -- -j8 -l8
[0.538s] DEBUG:colcon.colcon_core.event_handler.log_command:Invoking command in '/home/radu/rapop/ament_playground/ws2/build/ament_index_resources_ws2': CMAKE_PREFIX_PATH=${CMAKE_PREFIX_PATH}:/opt/ros/humble /usr/bin/cmake --build /home/radu/rapop/ament_playground/ws2/build/ament_index_resources_ws2 -- -j8 -l8
[0.586s] DEBUG:colcon.colcon_core.event_handler.log_command:Invoked command in '/home/radu/rapop/ament_playground/ws2/build/ament_env_hooks_ws2' returned '0': CMAKE_PREFIX_PATH=${CMAKE_PREFIX_PATH}:/opt/ros/humble /usr/bin/cmake --build /home/radu/rapop/ament_playground/ws2/build/ament_env_hooks_ws2 -- -j8 -l8
[0.640s] DEBUG:colcon.colcon_core.event_handler.log_command:Invoking command in '/home/radu/rapop/ament_playground/ws2/build/ament_env_hooks_ws2': CMAKE_PREFIX_PATH=${CMAKE_PREFIX_PATH}:/opt/ros/humble /usr/bin/cmake --install /home/radu/rapop/ament_playground/ws2/build/ament_env_hooks_ws2
[0.655s] Level 1:colcon.colcon_core.environment:create_environment_scripts_only(ament_env_hooks_ws2)
[0.656s] DEBUG:colcon.colcon_core.event_handler.log_command:Invoked command in '/home/radu/rapop/ament_playground/ws2/build/ament_env_hooks_ws2' returned '0': CMAKE_PREFIX_PATH=${CMAKE_PREFIX_PATH}:/opt/ros/humble /usr/bin/cmake --install /home/radu/rapop/ament_playground/ws2/build/ament_env_hooks_ws2
[0.660s] Level 1:colcon.colcon_core.environment:checking '/home/radu/test/ament_playground_ws2' for CMake module files
[0.661s] Level 1:colcon.colcon_core.environment:checking '/home/radu/test/ament_playground_ws2' for CMake config files
[0.661s] Level 1:colcon.colcon_core.shell:create_environment_hook('ament_env_hooks_ws2', 'cmake_prefix_path')
[0.661s] INFO:colcon.colcon_core.shell:Creating environment hook '/home/radu/test/ament_playground_ws2/share/ament_env_hooks_ws2/hook/cmake_prefix_path.ps1'
[0.662s] INFO:colcon.colcon_core.shell:Creating environment descriptor '/home/radu/test/ament_playground_ws2/share/ament_env_hooks_ws2/hook/cmake_prefix_path.dsv'
[0.663s] INFO:colcon.colcon_core.shell:Creating environment hook '/home/radu/test/ament_playground_ws2/share/ament_env_hooks_ws2/hook/cmake_prefix_path.sh'
[0.665s] Level 1:colcon.colcon_core.environment:checking '/home/radu/test/ament_playground_ws2/bin'
[0.665s] Level 1:colcon.colcon_core.environment:checking '/home/radu/test/ament_playground_ws2/lib/pkgconfig/ament_env_hooks_ws2.pc'
[0.665s] Level 1:colcon.colcon_core.environment:checking '/home/radu/test/ament_playground_ws2/lib/python3.10/site-packages'
[0.666s] Level 1:colcon.colcon_core.environment:checking '/home/radu/test/ament_playground_ws2/bin'
[0.666s] INFO:colcon.colcon_core.shell:Creating package script '/home/radu/test/ament_playground_ws2/share/ament_env_hooks_ws2/package.ps1'
[0.668s] INFO:colcon.colcon_core.shell:Creating package descriptor '/home/radu/test/ament_playground_ws2/share/ament_env_hooks_ws2/package.dsv'
[0.669s] INFO:colcon.colcon_core.shell:Creating package script '/home/radu/test/ament_playground_ws2/share/ament_env_hooks_ws2/package.sh'
[0.670s] INFO:colcon.colcon_core.shell:Creating package script '/home/radu/test/ament_playground_ws2/share/ament_env_hooks_ws2/package.bash'
[0.672s] INFO:colcon.colcon_core.shell:Creating package script '/home/radu/test/ament_playground_ws2/share/ament_env_hooks_ws2/package.zsh'
[0.673s] Level 1:colcon.colcon_core.environment:create_file_with_runtime_dependencies(/home/radu/test/ament_playground_ws2/share/colcon-core/packages/ament_env_hooks_ws2)
[0.705s] Level 1:colcon.colcon_core.environment:create_environment_scripts_only(ament_env_hooks_ws2)
[0.705s] Level 1:colcon.colcon_core.environment:checking '/home/radu/test/ament_playground_ws2' for CMake module files
[0.706s] Level 1:colcon.colcon_core.environment:checking '/home/radu/test/ament_playground_ws2' for CMake config files
[0.707s] Level 1:colcon.colcon_core.shell:create_environment_hook('ament_env_hooks_ws2', 'cmake_prefix_path')
[0.707s] INFO:colcon.colcon_core.shell:Creating environment hook '/home/radu/test/ament_playground_ws2/share/ament_env_hooks_ws2/hook/cmake_prefix_path.ps1'
[0.708s] INFO:colcon.colcon_core.shell:Creating environment descriptor '/home/radu/test/ament_playground_ws2/share/ament_env_hooks_ws2/hook/cmake_prefix_path.dsv'
[0.708s] INFO:colcon.colcon_core.shell:Creating environment hook '/home/radu/test/ament_playground_ws2/share/ament_env_hooks_ws2/hook/cmake_prefix_path.sh'
[0.709s] Level 1:colcon.colcon_core.environment:checking '/home/radu/test/ament_playground_ws2/bin'
[0.709s] Level 1:colcon.colcon_core.environment:checking '/home/radu/test/ament_playground_ws2/lib/pkgconfig/ament_env_hooks_ws2.pc'
[0.710s] Level 1:colcon.colcon_core.environment:checking '/home/radu/test/ament_playground_ws2/lib/python3.10/site-packages'
[0.710s] Level 1:colcon.colcon_core.environment:checking '/home/radu/test/ament_playground_ws2/bin'
[0.711s] INFO:colcon.colcon_core.shell:Creating package script '/home/radu/test/ament_playground_ws2/share/ament_env_hooks_ws2/package.ps1'
[0.711s] INFO:colcon.colcon_core.shell:Creating package descriptor '/home/radu/test/ament_playground_ws2/share/ament_env_hooks_ws2/package.dsv'
[0.712s] INFO:colcon.colcon_core.shell:Creating package script '/home/radu/test/ament_playground_ws2/share/ament_env_hooks_ws2/package.sh'
[0.713s] INFO:colcon.colcon_core.shell:Creating package script '/home/radu/test/ament_playground_ws2/share/ament_env_hooks_ws2/package.bash'
[0.713s] INFO:colcon.colcon_core.shell:Creating package script '/home/radu/test/ament_playground_ws2/share/ament_env_hooks_ws2/package.zsh'
[0.714s] Level 1:colcon.colcon_core.environment:create_file_with_runtime_dependencies(/home/radu/test/ament_playground_ws2/share/colcon-core/packages/ament_env_hooks_ws2)
[0.951s] DEBUG:colcon.colcon_core.event_handler.log_command:Invoked command in '/home/radu/rapop/ament_playground/ws2/build/ament_index_resources_ws2' returned '0': CMAKE_PREFIX_PATH=${CMAKE_PREFIX_PATH}:/opt/ros/humble /usr/bin/cmake --build /home/radu/rapop/ament_playground/ws2/build/ament_index_resources_ws2 -- -j8 -l8
[0.984s] DEBUG:colcon.colcon_core.event_handler.log_command:Invoking command in '/home/radu/rapop/ament_playground/ws2/build/ament_index_resources_ws2': CMAKE_PREFIX_PATH=${CMAKE_PREFIX_PATH}:/opt/ros/humble /usr/bin/cmake --install /home/radu/rapop/ament_playground/ws2/build/ament_index_resources_ws2
[0.999s] Level 1:colcon.colcon_core.environment:create_environment_scripts_only(ament_index_resources_ws2)
[1.000s] Level 1:colcon.colcon_core.environment:checking '/home/radu/test/ament_playground_ws2' for CMake module files
[1.001s] DEBUG:colcon.colcon_core.event_handler.log_command:Invoked command in '/home/radu/rapop/ament_playground/ws2/build/ament_index_resources_ws2' returned '0': CMAKE_PREFIX_PATH=${CMAKE_PREFIX_PATH}:/opt/ros/humble /usr/bin/cmake --install /home/radu/rapop/ament_playground/ws2/build/ament_index_resources_ws2
[1.002s] Level 1:colcon.colcon_core.environment:checking '/home/radu/test/ament_playground_ws2' for CMake config files
[1.002s] Level 1:colcon.colcon_core.shell:create_environment_hook('ament_index_resources_ws2', 'cmake_prefix_path')
[1.003s] INFO:colcon.colcon_core.shell:Creating environment hook '/home/radu/test/ament_playground_ws2/share/ament_index_resources_ws2/hook/cmake_prefix_path.ps1'
[1.003s] INFO:colcon.colcon_core.shell:Creating environment descriptor '/home/radu/test/ament_playground_ws2/share/ament_index_resources_ws2/hook/cmake_prefix_path.dsv'
[1.004s] INFO:colcon.colcon_core.shell:Creating environment hook '/home/radu/test/ament_playground_ws2/share/ament_index_resources_ws2/hook/cmake_prefix_path.sh'
[1.005s] Level 1:colcon.colcon_core.environment:checking '/home/radu/test/ament_playground_ws2/bin'
[1.005s] Level 1:colcon.colcon_core.environment:checking '/home/radu/test/ament_playground_ws2/lib/pkgconfig/ament_index_resources_ws2.pc'
[1.005s] Level 1:colcon.colcon_core.environment:checking '/home/radu/test/ament_playground_ws2/lib/python3.10/site-packages'
[1.006s] Level 1:colcon.colcon_core.environment:checking '/home/radu/test/ament_playground_ws2/bin'
[1.007s] INFO:colcon.colcon_core.shell:Creating package script '/home/radu/test/ament_playground_ws2/share/ament_index_resources_ws2/package.ps1'
[1.007s] INFO:colcon.colcon_core.shell:Creating package descriptor '/home/radu/test/ament_playground_ws2/share/ament_index_resources_ws2/package.dsv'
[1.008s] INFO:colcon.colcon_core.shell:Creating package script '/home/radu/test/ament_playground_ws2/share/ament_index_resources_ws2/package.sh'
[1.008s] INFO:colcon.colcon_core.shell:Creating package script '/home/radu/test/ament_playground_ws2/share/ament_index_resources_ws2/package.bash'
[1.009s] INFO:colcon.colcon_core.shell:Creating package script '/home/radu/test/ament_playground_ws2/share/ament_index_resources_ws2/package.zsh'
[1.009s] Level 1:colcon.colcon_core.environment:create_file_with_runtime_dependencies(/home/radu/test/ament_playground_ws2/share/colcon-core/packages/ament_index_resources_ws2)
[1.043s] Level 1:colcon.colcon_core.environment:create_environment_scripts_only(ament_index_resources_ws2)
[1.044s] Level 1:colcon.colcon_core.environment:checking '/home/radu/test/ament_playground_ws2' for CMake module files
[1.044s] Level 1:colcon.colcon_core.environment:checking '/home/radu/test/ament_playground_ws2' for CMake config files
[1.044s] Level 1:colcon.colcon_core.shell:create_environment_hook('ament_index_resources_ws2', 'cmake_prefix_path')
[1.045s] INFO:colcon.colcon_core.shell:Creating environment hook '/home/radu/test/ament_playground_ws2/share/ament_index_resources_ws2/hook/cmake_prefix_path.ps1'
[1.045s] INFO:colcon.colcon_core.shell:Creating environment descriptor '/home/radu/test/ament_playground_ws2/share/ament_index_resources_ws2/hook/cmake_prefix_path.dsv'
[1.046s] INFO:colcon.colcon_core.shell:Creating environment hook '/home/radu/test/ament_playground_ws2/share/ament_index_resources_ws2/hook/cmake_prefix_path.sh'
[1.046s] Level 1:colcon.colcon_core.environment:checking '/home/radu/test/ament_playground_ws2/bin'
[1.046s] Level 1:colcon.colcon_core.environment:checking '/home/radu/test/ament_playground_ws2/lib/pkgconfig/ament_index_resources_ws2.pc'
[1.047s] Level 1:colcon.colcon_core.environment:checking '/home/radu/test/ament_playground_ws2/lib/python3.10/site-packages'
[1.047s] Level 1:colcon.colcon_core.environment:checking '/home/radu/test/ament_playground_ws2/bin'
[1.047s] INFO:colcon.colcon_core.shell:Creating package script '/home/radu/test/ament_playground_ws2/share/ament_index_resources_ws2/package.ps1'
[1.048s] INFO:colcon.colcon_core.shell:Creating package descriptor '/home/radu/test/ament_playground_ws2/share/ament_index_resources_ws2/package.dsv'
[1.049s] INFO:colcon.colcon_core.shell:Creating package script '/home/radu/test/ament_playground_ws2/share/ament_index_resources_ws2/package.sh'
[1.049s] INFO:colcon.colcon_core.shell:Creating package script '/home/radu/test/ament_playground_ws2/share/ament_index_resources_ws2/package.bash'
[1.050s] INFO:colcon.colcon_core.shell:Creating package script '/home/radu/test/ament_playground_ws2/share/ament_index_resources_ws2/package.zsh'
[1.050s] Level 1:colcon.colcon_core.environment:create_file_with_runtime_dependencies(/home/radu/test/ament_playground_ws2/share/colcon-core/packages/ament_index_resources_ws2)
[1.051s] DEBUG:colcon.colcon_parallel_executor.executor.parallel:closing loop
[1.051s] DEBUG:colcon.colcon_parallel_executor.executor.parallel:loop closed
[1.051s] DEBUG:colcon.colcon_parallel_executor.executor.parallel:run_until_complete finished with '0'
[1.051s] DEBUG:colcon.colcon_core.event_reactor:joining thread
[1.060s] INFO:colcon.colcon_core.plugin_system:Skipping extension 'colcon_notification.desktop_notification.terminal_notifier': Not used on non-Darwin systems
[1.061s] INFO:colcon.colcon_core.plugin_system:Skipping extension 'colcon_notification.desktop_notification.win32': Not used on non-Windows systems
[1.061s] INFO:colcon.colcon_notification.desktop_notification:Sending desktop notification using 'notify2'
[1.075s] DEBUG:colcon.colcon_core.event_reactor:joined thread
[1.076s] INFO:colcon.colcon_core.shell:Creating prefix script '/home/radu/test/ament_playground_ws2/local_setup.ps1'
[1.078s] INFO:colcon.colcon_core.shell:Creating prefix util module '/home/radu/test/ament_playground_ws2/_local_setup_util_ps1.py'
[1.082s] INFO:colcon.colcon_core.shell:Creating prefix chain script '/home/radu/test/ament_playground_ws2/setup.ps1'
[1.085s] INFO:colcon.colcon_core.shell:Creating prefix script '/home/radu/test/ament_playground_ws2/local_setup.sh'
[1.086s] INFO:colcon.colcon_core.shell:Creating prefix util module '/home/radu/test/ament_playground_ws2/_local_setup_util_sh.py'
[1.087s] INFO:colcon.colcon_core.shell:Creating prefix chain script '/home/radu/test/ament_playground_ws2/setup.sh'
[1.089s] INFO:colcon.colcon_core.shell:Creating prefix script '/home/radu/test/ament_playground_ws2/local_setup.bash'
[1.090s] INFO:colcon.colcon_core.shell:Creating prefix chain script '/home/radu/test/ament_playground_ws2/setup.bash'
[1.092s] INFO:colcon.colcon_core.shell:Creating prefix script '/home/radu/test/ament_playground_ws2/local_setup.zsh'
[1.093s] INFO:colcon.colcon_core.shell:Creating prefix chain script '/home/radu/test/ament_playground_ws2/setup.zsh'
