[0.011s] Invoking command in '/home/radu/rapop/ament_playground/ws1/build/ament_env_hooks': /usr/bin/cmake /home/radu/rapop/ament_playground/ws1/src/ament_env_hooks -DCMAKE_INSTALL_PREFIX=/home/radu/test/ament_playground_ws
[0.088s] -- The C compiler identification is GNU 11.4.0
[0.165s] -- The CXX compiler identification is GNU 11.4.0
[0.175s] -- Detecting C compiler ABI info
[0.269s] -- Detecting C compiler ABI info - done
[0.286s] -- Check for working C compiler: /usr/bin/cc - skipped
[0.287s] -- Detecting C compile features
[0.288s] -- Detecting C compile features - done
[0.293s] -- Detecting CXX compiler ABI info
[0.415s] -- Detecting CXX compiler ABI info - done
[0.433s] -- Check for working CXX compiler: /usr/bin/c++ - skipped
[0.434s] -- Detecting CXX compile features
[0.435s] -- Detecting CXX compile features - done
[0.454s] [31mCMake Error at CMakeLists.txt:7 (find_package):
[0.454s]   By not providing "Findament_cmake.cmake" in CMAKE_MODULE_PATH this project
[0.454s]   has asked CMake to find a package configuration file provided by
[0.454s]   "ament_cmake", but CMake did not find one.
[0.454s] 
[0.454s]   Could not find a package configuration file provided by "ament_cmake" with
[0.454s]   any of the following names:
[0.455s] 
[0.455s]     ament_cmakeConfig.cmake
[0.455s]     ament_cmake-config.cmake
[0.455s] 
[0.455s]   Add the installation prefix of "ament_cmake" to CMAKE_PREFIX_PATH or set
[0.455s]   "ament_cmake_DIR" to a directory containing one of the above files.  If
[0.455s]   "ament_cmake" provides a separate development package or SDK, be sure it
[0.455s]   has been installed.
[0.456s] 
[0.456s] [0m
[0.456s] -- Configuring incomplete, errors occurred!
[0.456s] See also "/home/radu/rapop/ament_playground/ws1/build/ament_env_hooks/CMakeFiles/CMakeOutput.log".
[0.458s] Invoked command in '/home/radu/rapop/ament_playground/ws1/build/ament_env_hooks' returned '1': /usr/bin/cmake /home/radu/rapop/ament_playground/ws1/src/ament_env_hooks -DCMAKE_INSTALL_PREFIX=/home/radu/test/ament_playground_ws
