[0.153s] DEBUG:colcon:Command line arguments: ['/usr/bin/colcon', 'build', '--base-paths', '/home/radu/rapop/ament_playground/ws1/src', '--install-base', '/home/radu/test/ament_playground_ws', '--merge-install']
[0.153s] DEBUG:colcon:Parsed command line arguments: Namespace(log_base=None, log_level=None, verb_name='build', build_base='build', install_base='/home/radu/test/ament_playground_ws', merge_install=True, symlink_install=False, test_result_base=None, continue_on_error=False, executor='parallel', parallel_workers=8, event_handlers=None, ignore_user_meta=False, metas=['./colcon.meta'], base_paths=['/home/radu/rapop/ament_playground/ws1/src'], packages_ignore=None, packages_ignore_regex=None, paths=None, packages_up_to=None, packages_up_to_regex=None, packages_above=None, packages_above_and_dependencies=None, packages_above_depth=None, packages_select_by_dep=None, packages_skip_by_dep=None, packages_skip_up_to=None, packages_select_build_failed=False, packages_skip_build_finished=False, packages_select_test_failures=False, packages_skip_test_passed=False, packages_select=None, packages_skip=None, packages_select_regex=None, packages_skip_regex=None, packages_start=None, packages_end=None, allow_overriding=[], cmake_args=None, cmake_target=None, cmake_target_skip_unavailable=False, cmake_clean_cache=False, cmake_clean_first=False, cmake_force_configure=False, ament_cmake_args=None, catkin_cmake_args=None, catkin_skip_building_tests=False, verb_parser=<colcon_defaults.argument_parser.defaults.DefaultArgumentsDecorator object at 0x7fbabe03f7c0>, verb_extension=<colcon_core.verb.build.BuildVerb object at 0x7fbabe03f1c0>, main=<bound method BuildVerb.main of <colcon_core.verb.build.BuildVerb object at 0x7fbabe03f1c0>>)
[0.371s] Level 1:colcon.colcon_core.package_discovery:discover_packages(colcon_meta) check parameters
[0.371s] Level 1:colcon.colcon_core.package_discovery:discover_packages(recursive) check parameters
[0.371s] Level 1:colcon.colcon_core.package_discovery:discover_packages(ignore) check parameters
[0.371s] Level 1:colcon.colcon_core.package_discovery:discover_packages(path) check parameters
[0.371s] Level 1:colcon.colcon_core.package_discovery:discover_packages(recursive) discover
[0.371s] INFO:colcon.colcon_core.package_discovery:Crawling recursively for packages in '/home/radu/rapop/ament_playground/ws1/src'
[0.371s] Level 1:colcon.colcon_core.package_identification:_identify(/home/radu/rapop/ament_playground/ws1/src) by extensions ['ignore', 'ignore_ament_install']
[0.372s] Level 1:colcon.colcon_core.package_identification:_identify(/home/radu/rapop/ament_playground/ws1/src) by extension 'ignore'
[0.372s] Level 1:colcon.colcon_core.package_identification:_identify(/home/radu/rapop/ament_playground/ws1/src) by extension 'ignore_ament_install'
[0.372s] Level 1:colcon.colcon_core.package_identification:_identify(/home/radu/rapop/ament_playground/ws1/src) by extensions ['colcon_pkg']
[0.372s] Level 1:colcon.colcon_core.package_identification:_identify(/home/radu/rapop/ament_playground/ws1/src) by extension 'colcon_pkg'
[0.372s] Level 1:colcon.colcon_core.package_identification:_identify(/home/radu/rapop/ament_playground/ws1/src) by extensions ['colcon_meta']
[0.372s] Level 1:colcon.colcon_core.package_identification:_identify(/home/radu/rapop/ament_playground/ws1/src) by extension 'colcon_meta'
[0.372s] Level 1:colcon.colcon_core.package_identification:_identify(/home/radu/rapop/ament_playground/ws1/src) by extensions ['ros']
[0.372s] Level 1:colcon.colcon_core.package_identification:_identify(/home/radu/rapop/ament_playground/ws1/src) by extension 'ros'
[0.387s] Level 1:colcon.colcon_core.package_identification:_identify(/home/radu/rapop/ament_playground/ws1/src) by extensions ['cmake', 'python']
[0.387s] Level 1:colcon.colcon_core.package_identification:_identify(/home/radu/rapop/ament_playground/ws1/src) by extension 'cmake'
[0.387s] Level 1:colcon.colcon_core.package_identification:_identify(/home/radu/rapop/ament_playground/ws1/src) by extension 'python'
[0.387s] Level 1:colcon.colcon_core.package_identification:_identify(/home/radu/rapop/ament_playground/ws1/src) by extensions ['python_setup_py']
[0.387s] Level 1:colcon.colcon_core.package_identification:_identify(/home/radu/rapop/ament_playground/ws1/src) by extension 'python_setup_py'
[0.388s] Level 1:colcon.colcon_core.package_identification:_identify(/home/radu/rapop/ament_playground/ws1/src/ament_env_hooks) by extensions ['ignore', 'ignore_ament_install']
[0.388s] Level 1:colcon.colcon_core.package_identification:_identify(/home/radu/rapop/ament_playground/ws1/src/ament_env_hooks) by extension 'ignore'
[0.388s] Level 1:colcon.colcon_core.package_identification:_identify(/home/radu/rapop/ament_playground/ws1/src/ament_env_hooks) by extension 'ignore_ament_install'
[0.388s] Level 1:colcon.colcon_core.package_identification:_identify(/home/radu/rapop/ament_playground/ws1/src/ament_env_hooks) by extensions ['colcon_pkg']
[0.388s] Level 1:colcon.colcon_core.package_identification:_identify(/home/radu/rapop/ament_playground/ws1/src/ament_env_hooks) by extension 'colcon_pkg'
[0.388s] Level 1:colcon.colcon_core.package_identification:_identify(/home/radu/rapop/ament_playground/ws1/src/ament_env_hooks) by extensions ['colcon_meta']
[0.388s] Level 1:colcon.colcon_core.package_identification:_identify(/home/radu/rapop/ament_playground/ws1/src/ament_env_hooks) by extension 'colcon_meta'
[0.388s] Level 1:colcon.colcon_core.package_identification:_identify(/home/radu/rapop/ament_playground/ws1/src/ament_env_hooks) by extensions ['ros']
[0.388s] Level 1:colcon.colcon_core.package_identification:_identify(/home/radu/rapop/ament_playground/ws1/src/ament_env_hooks) by extension 'ros'
[0.391s] DEBUG:colcon.colcon_core.package_identification:Package '/home/radu/rapop/ament_playground/ws1/src/ament_env_hooks' with type 'ros.ament_cmake' and name 'ament_env_hooks'
[0.392s] Level 1:colcon.colcon_core.package_identification:_identify(/home/radu/rapop/ament_playground/ws1/src/ament_index_resources) by extensions ['ignore', 'ignore_ament_install']
[0.392s] Level 1:colcon.colcon_core.package_identification:_identify(/home/radu/rapop/ament_playground/ws1/src/ament_index_resources) by extension 'ignore'
[0.392s] Level 1:colcon.colcon_core.package_identification:_identify(/home/radu/rapop/ament_playground/ws1/src/ament_index_resources) by extension 'ignore_ament_install'
[0.392s] Level 1:colcon.colcon_core.package_identification:_identify(/home/radu/rapop/ament_playground/ws1/src/ament_index_resources) by extensions ['colcon_pkg']
[0.392s] Level 1:colcon.colcon_core.package_identification:_identify(/home/radu/rapop/ament_playground/ws1/src/ament_index_resources) by extension 'colcon_pkg'
[0.392s] Level 1:colcon.colcon_core.package_identification:_identify(/home/radu/rapop/ament_playground/ws1/src/ament_index_resources) by extensions ['colcon_meta']
[0.392s] Level 1:colcon.colcon_core.package_identification:_identify(/home/radu/rapop/ament_playground/ws1/src/ament_index_resources) by extension 'colcon_meta'
[0.392s] Level 1:colcon.colcon_core.package_identification:_identify(/home/radu/rapop/ament_playground/ws1/src/ament_index_resources) by extensions ['ros']
[0.393s] Level 1:colcon.colcon_core.package_identification:_identify(/home/radu/rapop/ament_playground/ws1/src/ament_index_resources) by extension 'ros'
[0.393s] DEBUG:colcon.colcon_core.package_identification:Package '/home/radu/rapop/ament_playground/ws1/src/ament_index_resources' with type 'ros.ament_cmake' and name 'ament_index_resources'
[0.393s] Level 1:colcon.colcon_core.package_discovery:discover_packages(recursive) using defaults
[0.420s] Level 1:colcon.colcon_core.package_discovery:discover_packages(prefix_path) check parameters
[0.420s] Level 1:colcon.colcon_core.package_discovery:discover_packages(prefix_path) discover
[0.423s] DEBUG:colcon.colcon_installed_package_information.package_discovery:Found 1 installed packages in /home/radu/test/ament_playground_ws2
[0.424s] DEBUG:colcon.colcon_installed_package_information.package_discovery:Found 1 installed packages in /home/radu/test/ament_playground_ws
[0.426s] DEBUG:colcon.colcon_installed_package_information.package_discovery:Found 273 installed packages in /opt/ros/humble
[0.440s] Level 1:colcon.colcon_core.package_discovery:discover_packages(prefix_path) using defaults
[0.490s] Level 5:colcon.colcon_core.verb:set package 'ament_env_hooks' build argument 'cmake_args' from command line to 'None'
[0.491s] Level 5:colcon.colcon_core.verb:set package 'ament_env_hooks' build argument 'cmake_target' from command line to 'None'
[0.491s] Level 5:colcon.colcon_core.verb:set package 'ament_env_hooks' build argument 'cmake_target_skip_unavailable' from command line to 'False'
[0.491s] Level 5:colcon.colcon_core.verb:set package 'ament_env_hooks' build argument 'cmake_clean_cache' from command line to 'False'
[0.491s] Level 5:colcon.colcon_core.verb:set package 'ament_env_hooks' build argument 'cmake_clean_first' from command line to 'False'
[0.491s] Level 5:colcon.colcon_core.verb:set package 'ament_env_hooks' build argument 'cmake_force_configure' from command line to 'False'
[0.491s] Level 5:colcon.colcon_core.verb:set package 'ament_env_hooks' build argument 'ament_cmake_args' from command line to 'None'
[0.491s] Level 5:colcon.colcon_core.verb:set package 'ament_env_hooks' build argument 'catkin_cmake_args' from command line to 'None'
[0.491s] Level 5:colcon.colcon_core.verb:set package 'ament_env_hooks' build argument 'catkin_skip_building_tests' from command line to 'False'
[0.491s] DEBUG:colcon.colcon_core.verb:Building package 'ament_env_hooks' with the following arguments: {'ament_cmake_args': None, 'build_base': '/home/radu/rapop/ament_playground/ws1/build/ament_env_hooks', 'catkin_cmake_args': None, 'catkin_skip_building_tests': False, 'cmake_args': None, 'cmake_clean_cache': False, 'cmake_clean_first': False, 'cmake_force_configure': False, 'cmake_target': None, 'cmake_target_skip_unavailable': False, 'install_base': '/home/radu/test/ament_playground_ws', 'merge_install': True, 'path': '/home/radu/rapop/ament_playground/ws1/src/ament_env_hooks', 'symlink_install': False, 'test_result_base': None}
[0.492s] Level 5:colcon.colcon_core.verb:set package 'ament_index_resources' build argument 'cmake_args' from command line to 'None'
[0.492s] Level 5:colcon.colcon_core.verb:set package 'ament_index_resources' build argument 'cmake_target' from command line to 'None'
[0.492s] Level 5:colcon.colcon_core.verb:set package 'ament_index_resources' build argument 'cmake_target_skip_unavailable' from command line to 'False'
[0.492s] Level 5:colcon.colcon_core.verb:set package 'ament_index_resources' build argument 'cmake_clean_cache' from command line to 'False'
[0.492s] Level 5:colcon.colcon_core.verb:set package 'ament_index_resources' build argument 'cmake_clean_first' from command line to 'False'
[0.492s] Level 5:colcon.colcon_core.verb:set package 'ament_index_resources' build argument 'cmake_force_configure' from command line to 'False'
[0.492s] Level 5:colcon.colcon_core.verb:set package 'ament_index_resources' build argument 'ament_cmake_args' from command line to 'None'
[0.492s] Level 5:colcon.colcon_core.verb:set package 'ament_index_resources' build argument 'catkin_cmake_args' from command line to 'None'
[0.492s] Level 5:colcon.colcon_core.verb:set package 'ament_index_resources' build argument 'catkin_skip_building_tests' from command line to 'False'
[0.492s] DEBUG:colcon.colcon_core.verb:Building package 'ament_index_resources' with the following arguments: {'ament_cmake_args': None, 'build_base': '/home/radu/rapop/ament_playground/ws1/build/ament_index_resources', 'catkin_cmake_args': None, 'catkin_skip_building_tests': False, 'cmake_args': None, 'cmake_clean_cache': False, 'cmake_clean_first': False, 'cmake_force_configure': False, 'cmake_target': None, 'cmake_target_skip_unavailable': False, 'install_base': '/home/radu/test/ament_playground_ws', 'merge_install': True, 'path': '/home/radu/rapop/ament_playground/ws1/src/ament_index_resources', 'symlink_install': False, 'test_result_base': None}
[0.493s] INFO:colcon.colcon_core.executor:Executing jobs using 'parallel' executor
[0.494s] DEBUG:colcon.colcon_parallel_executor.executor.parallel:run_until_complete
[0.494s] INFO:colcon.colcon_ros.task.ament_cmake.build:Building ROS package in '/home/radu/rapop/ament_playground/ws1/src/ament_env_hooks' with build type 'ament_cmake'
[0.494s] INFO:colcon.colcon_cmake.task.cmake.build:Building CMake package in '/home/radu/rapop/ament_playground/ws1/src/ament_env_hooks'
[0.498s] INFO:colcon.colcon_core.plugin_system:Skipping extension 'colcon_core.shell.bat': Not used on non-Windows systems
[0.498s] INFO:colcon.colcon_core.shell:Skip shell extension 'powershell' for command environment: Not usable outside of PowerShell
[0.498s] DEBUG:colcon.colcon_core.shell:Skip shell extension 'dsv' for command environment
[0.503s] INFO:colcon.colcon_ros.task.ament_cmake.build:Building ROS package in '/home/radu/rapop/ament_playground/ws1/src/ament_index_resources' with build type 'ament_cmake'
[0.504s] INFO:colcon.colcon_cmake.task.cmake.build:Building CMake package in '/home/radu/rapop/ament_playground/ws1/src/ament_index_resources'
[0.504s] INFO:colcon.colcon_core.shell:Skip shell extension 'powershell' for command environment: Not usable outside of PowerShell
[0.504s] DEBUG:colcon.colcon_core.shell:Skip shell extension 'dsv' for command environment
[0.523s] DEBUG:colcon.colcon_core.event_handler.log_command:Invoking command in '/home/radu/rapop/ament_playground/ws1/build/ament_env_hooks': CMAKE_PREFIX_PATH=${CMAKE_PREFIX_PATH}:/opt/ros/humble /usr/bin/cmake --build /home/radu/rapop/ament_playground/ws1/build/ament_env_hooks -- -j8 -l8
[0.530s] DEBUG:colcon.colcon_core.event_handler.log_command:Invoking command in '/home/radu/rapop/ament_playground/ws1/build/ament_index_resources': CMAKE_PREFIX_PATH=${CMAKE_PREFIX_PATH}:/opt/ros/humble /usr/bin/cmake /home/radu/rapop/ament_playground/ws1/src/ament_index_resources -DCMAKE_INSTALL_PREFIX=/home/radu/test/ament_playground_ws
[0.580s] DEBUG:colcon.colcon_core.event_handler.log_command:Invoked command in '/home/radu/rapop/ament_playground/ws1/build/ament_env_hooks' returned '0': CMAKE_PREFIX_PATH=${CMAKE_PREFIX_PATH}:/opt/ros/humble /usr/bin/cmake --build /home/radu/rapop/ament_playground/ws1/build/ament_env_hooks -- -j8 -l8
[0.634s] DEBUG:colcon.colcon_core.event_handler.log_command:Invoking command in '/home/radu/rapop/ament_playground/ws1/build/ament_env_hooks': CMAKE_PREFIX_PATH=${CMAKE_PREFIX_PATH}:/opt/ros/humble /usr/bin/cmake --install /home/radu/rapop/ament_playground/ws1/build/ament_env_hooks
[0.652s] Level 1:colcon.colcon_core.environment:create_environment_scripts_only(ament_env_hooks)
[0.653s] DEBUG:colcon.colcon_core.event_handler.log_command:Invoked command in '/home/radu/rapop/ament_playground/ws1/build/ament_env_hooks' returned '0': CMAKE_PREFIX_PATH=${CMAKE_PREFIX_PATH}:/opt/ros/humble /usr/bin/cmake --install /home/radu/rapop/ament_playground/ws1/build/ament_env_hooks
[0.658s] Level 1:colcon.colcon_core.environment:checking '/home/radu/test/ament_playground_ws' for CMake module files
[0.659s] Level 1:colcon.colcon_core.environment:checking '/home/radu/test/ament_playground_ws' for CMake config files
[0.659s] Level 1:colcon.colcon_core.shell:create_environment_hook('ament_env_hooks', 'cmake_prefix_path')
[0.660s] INFO:colcon.colcon_core.shell:Creating environment hook '/home/radu/test/ament_playground_ws/share/ament_env_hooks/hook/cmake_prefix_path.ps1'
[0.661s] INFO:colcon.colcon_core.shell:Creating environment descriptor '/home/radu/test/ament_playground_ws/share/ament_env_hooks/hook/cmake_prefix_path.dsv'
[0.662s] INFO:colcon.colcon_core.shell:Creating environment hook '/home/radu/test/ament_playground_ws/share/ament_env_hooks/hook/cmake_prefix_path.sh'
[0.663s] Level 1:colcon.colcon_core.environment:checking '/home/radu/test/ament_playground_ws/bin'
[0.663s] Level 1:colcon.colcon_core.environment:checking '/home/radu/test/ament_playground_ws/lib/pkgconfig/ament_env_hooks.pc'
[0.664s] Level 1:colcon.colcon_core.environment:checking '/home/radu/test/ament_playground_ws/lib/python3.10/site-packages'
[0.664s] Level 1:colcon.colcon_core.environment:checking '/home/radu/test/ament_playground_ws/bin'
[0.665s] INFO:colcon.colcon_core.shell:Creating package script '/home/radu/test/ament_playground_ws/share/ament_env_hooks/package.ps1'
[0.666s] INFO:colcon.colcon_core.shell:Creating package descriptor '/home/radu/test/ament_playground_ws/share/ament_env_hooks/package.dsv'
[0.668s] INFO:colcon.colcon_core.shell:Creating package script '/home/radu/test/ament_playground_ws/share/ament_env_hooks/package.sh'
[0.669s] INFO:colcon.colcon_core.shell:Creating package script '/home/radu/test/ament_playground_ws/share/ament_env_hooks/package.bash'
[0.671s] INFO:colcon.colcon_core.shell:Creating package script '/home/radu/test/ament_playground_ws/share/ament_env_hooks/package.zsh'
[0.672s] Level 1:colcon.colcon_core.environment:create_file_with_runtime_dependencies(/home/radu/test/ament_playground_ws/share/colcon-core/packages/ament_env_hooks)
[0.708s] Level 1:colcon.colcon_core.environment:create_environment_scripts_only(ament_env_hooks)
[0.709s] Level 1:colcon.colcon_core.environment:checking '/home/radu/test/ament_playground_ws' for CMake module files
[0.710s] Level 1:colcon.colcon_core.environment:checking '/home/radu/test/ament_playground_ws' for CMake config files
[0.711s] Level 1:colcon.colcon_core.shell:create_environment_hook('ament_env_hooks', 'cmake_prefix_path')
[0.711s] INFO:colcon.colcon_core.shell:Creating environment hook '/home/radu/test/ament_playground_ws/share/ament_env_hooks/hook/cmake_prefix_path.ps1'
[0.712s] INFO:colcon.colcon_core.shell:Creating environment descriptor '/home/radu/test/ament_playground_ws/share/ament_env_hooks/hook/cmake_prefix_path.dsv'
[0.713s] INFO:colcon.colcon_core.shell:Creating environment hook '/home/radu/test/ament_playground_ws/share/ament_env_hooks/hook/cmake_prefix_path.sh'
[0.714s] Level 1:colcon.colcon_core.environment:checking '/home/radu/test/ament_playground_ws/bin'
[0.714s] Level 1:colcon.colcon_core.environment:checking '/home/radu/test/ament_playground_ws/lib/pkgconfig/ament_env_hooks.pc'
[0.715s] Level 1:colcon.colcon_core.environment:checking '/home/radu/test/ament_playground_ws/lib/python3.10/site-packages'
[0.715s] Level 1:colcon.colcon_core.environment:checking '/home/radu/test/ament_playground_ws/bin'
[0.716s] INFO:colcon.colcon_core.shell:Creating package script '/home/radu/test/ament_playground_ws/share/ament_env_hooks/package.ps1'
[0.717s] INFO:colcon.colcon_core.shell:Creating package descriptor '/home/radu/test/ament_playground_ws/share/ament_env_hooks/package.dsv'
[0.718s] INFO:colcon.colcon_core.shell:Creating package script '/home/radu/test/ament_playground_ws/share/ament_env_hooks/package.sh'
[0.719s] INFO:colcon.colcon_core.shell:Creating package script '/home/radu/test/ament_playground_ws/share/ament_env_hooks/package.bash'
[0.720s] INFO:colcon.colcon_core.shell:Creating package script '/home/radu/test/ament_playground_ws/share/ament_env_hooks/package.zsh'
[0.721s] Level 1:colcon.colcon_core.environment:create_file_with_runtime_dependencies(/home/radu/test/ament_playground_ws/share/colcon-core/packages/ament_env_hooks)
[1.557s] DEBUG:colcon.colcon_core.event_handler.log_command:Invoked command in '/home/radu/rapop/ament_playground/ws1/build/ament_index_resources' returned '0': CMAKE_PREFIX_PATH=${CMAKE_PREFIX_PATH}:/opt/ros/humble /usr/bin/cmake /home/radu/rapop/ament_playground/ws1/src/ament_index_resources -DCMAKE_INSTALL_PREFIX=/home/radu/test/ament_playground_ws
[1.559s] DEBUG:colcon.colcon_core.event_handler.log_command:Invoking command in '/home/radu/rapop/ament_playground/ws1/build/ament_index_resources': CMAKE_PREFIX_PATH=${CMAKE_PREFIX_PATH}:/opt/ros/humble /usr/bin/cmake --build /home/radu/rapop/ament_playground/ws1/build/ament_index_resources -- -j8 -l8
[1.615s] DEBUG:colcon.colcon_core.event_handler.log_command:Invoked command in '/home/radu/rapop/ament_playground/ws1/build/ament_index_resources' returned '0': CMAKE_PREFIX_PATH=${CMAKE_PREFIX_PATH}:/opt/ros/humble /usr/bin/cmake --build /home/radu/rapop/ament_playground/ws1/build/ament_index_resources -- -j8 -l8
[1.652s] DEBUG:colcon.colcon_core.event_handler.log_command:Invoking command in '/home/radu/rapop/ament_playground/ws1/build/ament_index_resources': CMAKE_PREFIX_PATH=${CMAKE_PREFIX_PATH}:/opt/ros/humble /usr/bin/cmake --install /home/radu/rapop/ament_playground/ws1/build/ament_index_resources
[1.668s] Level 1:colcon.colcon_core.environment:create_environment_scripts_only(ament_index_resources)
[1.669s] Level 1:colcon.colcon_core.environment:checking '/home/radu/test/ament_playground_ws' for CMake module files
[1.670s] DEBUG:colcon.colcon_core.event_handler.log_command:Invoked command in '/home/radu/rapop/ament_playground/ws1/build/ament_index_resources' returned '0': CMAKE_PREFIX_PATH=${CMAKE_PREFIX_PATH}:/opt/ros/humble /usr/bin/cmake --install /home/radu/rapop/ament_playground/ws1/build/ament_index_resources
[1.670s] Level 1:colcon.colcon_core.environment:checking '/home/radu/test/ament_playground_ws' for CMake config files
[1.670s] Level 1:colcon.colcon_core.shell:create_environment_hook('ament_index_resources', 'cmake_prefix_path')
[1.671s] INFO:colcon.colcon_core.shell:Creating environment hook '/home/radu/test/ament_playground_ws/share/ament_index_resources/hook/cmake_prefix_path.ps1'
[1.671s] INFO:colcon.colcon_core.shell:Creating environment descriptor '/home/radu/test/ament_playground_ws/share/ament_index_resources/hook/cmake_prefix_path.dsv'
[1.672s] INFO:colcon.colcon_core.shell:Creating environment hook '/home/radu/test/ament_playground_ws/share/ament_index_resources/hook/cmake_prefix_path.sh'
[1.673s] Level 1:colcon.colcon_core.environment:checking '/home/radu/test/ament_playground_ws/bin'
[1.673s] Level 1:colcon.colcon_core.environment:checking '/home/radu/test/ament_playground_ws/lib/pkgconfig/ament_index_resources.pc'
[1.673s] Level 1:colcon.colcon_core.environment:checking '/home/radu/test/ament_playground_ws/lib/python3.10/site-packages'
[1.674s] Level 1:colcon.colcon_core.environment:checking '/home/radu/test/ament_playground_ws/bin'
[1.674s] INFO:colcon.colcon_core.shell:Creating package script '/home/radu/test/ament_playground_ws/share/ament_index_resources/package.ps1'
[1.675s] INFO:colcon.colcon_core.shell:Creating package descriptor '/home/radu/test/ament_playground_ws/share/ament_index_resources/package.dsv'
[1.676s] INFO:colcon.colcon_core.shell:Creating package script '/home/radu/test/ament_playground_ws/share/ament_index_resources/package.sh'
[1.676s] INFO:colcon.colcon_core.shell:Creating package script '/home/radu/test/ament_playground_ws/share/ament_index_resources/package.bash'
[1.676s] INFO:colcon.colcon_core.shell:Creating package script '/home/radu/test/ament_playground_ws/share/ament_index_resources/package.zsh'
[1.677s] Level 1:colcon.colcon_core.environment:create_file_with_runtime_dependencies(/home/radu/test/ament_playground_ws/share/colcon-core/packages/ament_index_resources)
[1.709s] Level 1:colcon.colcon_core.environment:create_environment_scripts_only(ament_index_resources)
[1.709s] Level 1:colcon.colcon_core.environment:checking '/home/radu/test/ament_playground_ws' for CMake module files
[1.710s] Level 1:colcon.colcon_core.environment:checking '/home/radu/test/ament_playground_ws' for CMake config files
[1.710s] Level 1:colcon.colcon_core.shell:create_environment_hook('ament_index_resources', 'cmake_prefix_path')
[1.711s] INFO:colcon.colcon_core.shell:Creating environment hook '/home/radu/test/ament_playground_ws/share/ament_index_resources/hook/cmake_prefix_path.ps1'
[1.712s] INFO:colcon.colcon_core.shell:Creating environment descriptor '/home/radu/test/ament_playground_ws/share/ament_index_resources/hook/cmake_prefix_path.dsv'
[1.712s] INFO:colcon.colcon_core.shell:Creating environment hook '/home/radu/test/ament_playground_ws/share/ament_index_resources/hook/cmake_prefix_path.sh'
[1.713s] Level 1:colcon.colcon_core.environment:checking '/home/radu/test/ament_playground_ws/bin'
[1.713s] Level 1:colcon.colcon_core.environment:checking '/home/radu/test/ament_playground_ws/lib/pkgconfig/ament_index_resources.pc'
[1.714s] Level 1:colcon.colcon_core.environment:checking '/home/radu/test/ament_playground_ws/lib/python3.10/site-packages'
[1.714s] Level 1:colcon.colcon_core.environment:checking '/home/radu/test/ament_playground_ws/bin'
[1.715s] INFO:colcon.colcon_core.shell:Creating package script '/home/radu/test/ament_playground_ws/share/ament_index_resources/package.ps1'
[1.716s] INFO:colcon.colcon_core.shell:Creating package descriptor '/home/radu/test/ament_playground_ws/share/ament_index_resources/package.dsv'
[1.717s] INFO:colcon.colcon_core.shell:Creating package script '/home/radu/test/ament_playground_ws/share/ament_index_resources/package.sh'
[1.718s] INFO:colcon.colcon_core.shell:Creating package script '/home/radu/test/ament_playground_ws/share/ament_index_resources/package.bash'
[1.719s] INFO:colcon.colcon_core.shell:Creating package script '/home/radu/test/ament_playground_ws/share/ament_index_resources/package.zsh'
[1.720s] Level 1:colcon.colcon_core.environment:create_file_with_runtime_dependencies(/home/radu/test/ament_playground_ws/share/colcon-core/packages/ament_index_resources)
[1.721s] DEBUG:colcon.colcon_parallel_executor.executor.parallel:closing loop
[1.721s] DEBUG:colcon.colcon_parallel_executor.executor.parallel:loop closed
[1.722s] DEBUG:colcon.colcon_parallel_executor.executor.parallel:run_until_complete finished with '0'
[1.722s] DEBUG:colcon.colcon_core.event_reactor:joining thread
[1.732s] INFO:colcon.colcon_core.plugin_system:Skipping extension 'colcon_notification.desktop_notification.terminal_notifier': Not used on non-Darwin systems
[1.732s] INFO:colcon.colcon_core.plugin_system:Skipping extension 'colcon_notification.desktop_notification.win32': Not used on non-Windows systems
[1.732s] INFO:colcon.colcon_notification.desktop_notification:Sending desktop notification using 'notify2'
[1.752s] DEBUG:colcon.colcon_core.event_reactor:joined thread
[1.753s] INFO:colcon.colcon_core.shell:Creating prefix script '/home/radu/test/ament_playground_ws/local_setup.ps1'
[1.755s] INFO:colcon.colcon_core.shell:Creating prefix util module '/home/radu/test/ament_playground_ws/_local_setup_util_ps1.py'
[1.758s] INFO:colcon.colcon_core.shell:Creating prefix chain script '/home/radu/test/ament_playground_ws/setup.ps1'
[1.760s] INFO:colcon.colcon_core.shell:Creating prefix script '/home/radu/test/ament_playground_ws/local_setup.sh'
[1.761s] INFO:colcon.colcon_core.shell:Creating prefix util module '/home/radu/test/ament_playground_ws/_local_setup_util_sh.py'
[1.762s] INFO:colcon.colcon_core.shell:Creating prefix chain script '/home/radu/test/ament_playground_ws/setup.sh'
[1.764s] INFO:colcon.colcon_core.shell:Creating prefix script '/home/radu/test/ament_playground_ws/local_setup.bash'
[1.766s] INFO:colcon.colcon_core.shell:Creating prefix chain script '/home/radu/test/ament_playground_ws/setup.bash'
[1.768s] INFO:colcon.colcon_core.shell:Creating prefix script '/home/radu/test/ament_playground_ws/local_setup.zsh'
[1.769s] INFO:colcon.colcon_core.shell:Creating prefix chain script '/home/radu/test/ament_playground_ws/setup.zsh'
