[0.021s] Invoking command in '/home/radu/rapop/ament_playground/ws2/build/ament_env_hooks_ws2': CMAKE_PREFIX_PATH=${CMAKE_PREFIX_PATH}:/opt/ros/humble /usr/bin/cmake /home/radu/rapop/ament_playground/ws2/src/ament_env_hooks_ws2 -DCMAKE_INSTALL_PREFIX=/home/radu/test/ament_playground_ws2
[0.113s] -- The C compiler identification is GNU 11.4.0
[0.199s] -- The CXX compiler identification is GNU 11.4.0
[0.210s] -- Detecting C compiler ABI info
[0.330s] -- Detecting C compiler ABI info - done
[0.356s] -- Check for working C compiler: /usr/bin/cc - skipped
[0.356s] -- Detecting C compile features
[0.357s] -- Detecting C compile features - done
[0.364s] -- Detecting CXX compiler ABI info
[0.510s] -- Detecting CXX compiler ABI info - done
[0.526s] -- Check for working CXX compiler: /usr/bin/c++ - skipped
[0.526s] -- Detecting CXX compile features
[0.527s] -- Detecting CXX compile features - done
[0.531s] -- Found ament_cmake: 1.3.9 (/opt/ros/humble/share/ament_cmake/cmake)
[0.770s] -- Found Python3: /usr/bin/python3 (found version "3.10.12") found components: Interpreter 
[0.904s] -- Found ament_env_hooks: 0.0.0 (/home/radu/test/ament_playground_ws/share/ament_env_hooks/cmake)
[1.008s] -- Configuring done
[1.014s] -- Generating done
[1.015s] -- Build files have been written to: /home/radu/rapop/ament_playground/ws2/build/ament_env_hooks_ws2
[1.022s] Invoked command in '/home/radu/rapop/ament_playground/ws2/build/ament_env_hooks_ws2' returned '0': CMAKE_PREFIX_PATH=${CMAKE_PREFIX_PATH}:/opt/ros/humble /usr/bin/cmake /home/radu/rapop/ament_playground/ws2/src/ament_env_hooks_ws2 -DCMAKE_INSTALL_PREFIX=/home/radu/test/ament_playground_ws2
[1.026s] Invoking command in '/home/radu/rapop/ament_playground/ws2/build/ament_env_hooks_ws2': CMAKE_PREFIX_PATH=${CMAKE_PREFIX_PATH}:/opt/ros/humble /usr/bin/cmake --build /home/radu/rapop/ament_playground/ws2/build/ament_env_hooks_ws2 -- -j8 -l8
[1.082s] Invoked command in '/home/radu/rapop/ament_playground/ws2/build/ament_env_hooks_ws2' returned '0': CMAKE_PREFIX_PATH=${CMAKE_PREFIX_PATH}:/opt/ros/humble /usr/bin/cmake --build /home/radu/rapop/ament_playground/ws2/build/ament_env_hooks_ws2 -- -j8 -l8
[1.132s] Invoking command in '/home/radu/rapop/ament_playground/ws2/build/ament_env_hooks_ws2': CMAKE_PREFIX_PATH=${CMAKE_PREFIX_PATH}:/opt/ros/humble /usr/bin/cmake --install /home/radu/rapop/ament_playground/ws2/build/ament_env_hooks_ws2
[1.142s] -- Install configuration: ""
[1.142s] -- Installing: /home/radu/test/ament_playground_ws2/share/ament_env_hooks_ws2/environment/hello_world_path.sh
[1.143s] -- Installing: /home/radu/test/ament_playground_ws2/share/ament_index/resource_index/package_run_dependencies/ament_env_hooks_ws2
[1.143s] -- Installing: /home/radu/test/ament_playground_ws2/share/ament_index/resource_index/parent_prefix_path/ament_env_hooks_ws2
[1.143s] -- Up-to-date: /home/radu/test/ament_playground_ws2/share/ament_env_hooks_ws2/environment/ament_prefix_path.sh
[1.143s] -- Installing: /home/radu/test/ament_playground_ws2/share/ament_env_hooks_ws2/environment/ament_prefix_path.dsv
[1.144s] -- Up-to-date: /home/radu/test/ament_playground_ws2/share/ament_env_hooks_ws2/environment/path.sh
[1.144s] -- Installing: /home/radu/test/ament_playground_ws2/share/ament_env_hooks_ws2/environment/path.dsv
[1.144s] -- Installing: /home/radu/test/ament_playground_ws2/share/ament_env_hooks_ws2/local_setup.bash
[1.144s] -- Installing: /home/radu/test/ament_playground_ws2/share/ament_env_hooks_ws2/local_setup.sh
[1.144s] -- Installing: /home/radu/test/ament_playground_ws2/share/ament_env_hooks_ws2/local_setup.zsh
[1.145s] -- Installing: /home/radu/test/ament_playground_ws2/share/ament_env_hooks_ws2/local_setup.dsv
[1.145s] -- Installing: /home/radu/test/ament_playground_ws2/share/ament_env_hooks_ws2/package.dsv
[1.145s] -- Installing: /home/radu/test/ament_playground_ws2/share/ament_index/resource_index/packages/ament_env_hooks_ws2
[1.145s] -- Installing: /home/radu/test/ament_playground_ws2/share/ament_env_hooks_ws2/cmake/ament_env_hooks_ws2Config.cmake
[1.146s] -- Installing: /home/radu/test/ament_playground_ws2/share/ament_env_hooks_ws2/cmake/ament_env_hooks_ws2Config-version.cmake
[1.146s] -- Up-to-date: /home/radu/test/ament_playground_ws2/share/ament_env_hooks_ws2/package.xml
[1.151s] Invoked command in '/home/radu/rapop/ament_playground/ws2/build/ament_env_hooks_ws2' returned '0': CMAKE_PREFIX_PATH=${CMAKE_PREFIX_PATH}:/opt/ros/humble /usr/bin/cmake --install /home/radu/rapop/ament_playground/ws2/build/ament_env_hooks_ws2
