-- The C compiler identification is GNU 11.4.0
-- The CXX compiler identification is GNU 11.4.0
-- Detecting C compiler ABI info
-- Detecting C compiler ABI info - done
-- Check for working C compiler: /usr/bin/cc - skipped
-- Detecting C compile features
-- Detecting C compile features - done
-- Detecting CXX compiler ABI info
-- Detecting CXX compiler ABI info - done
-- Check for working CXX compiler: /usr/bin/c++ - skipped
-- Detecting CXX compile features
-- Detecting CXX compile features - done
-- Found ament_cmake: 1.3.9 (/opt/ros/humble/share/ament_cmake/cmake)
-- Found Python3: /usr/bin/python3 (found version "3.10.12") found components: Interpreter 
-- Found ament_index_resources: 0.0.0 (/home/radu/test/ament_playground_ws/share/ament_index_resources/cmake)
Hello from my resource!
-- Configuring done
-- Generating done
-- Build files have been written to: /home/radu/rapop/ament_playground/ws2/build/ament_index_resources_ws2
-- Install configuration: ""
-- Installing: /home/radu/test/ament_playground_ws2/share/ament_index/resource_index/package_run_dependencies/ament_index_resources_ws2
-- Installing: /home/radu/test/ament_playground_ws2/share/ament_index/resource_index/parent_prefix_path/ament_index_resources_ws2
-- Up-to-date: /home/radu/test/ament_playground_ws2/share/ament_index_resources_ws2/environment/ament_prefix_path.sh
-- Installing: /home/radu/test/ament_playground_ws2/share/ament_index_resources_ws2/environment/ament_prefix_path.dsv
-- Up-to-date: /home/radu/test/ament_playground_ws2/share/ament_index_resources_ws2/environment/path.sh
-- Installing: /home/radu/test/ament_playground_ws2/share/ament_index_resources_ws2/environment/path.dsv
-- Installing: /home/radu/test/ament_playground_ws2/share/ament_index_resources_ws2/local_setup.bash
-- Installing: /home/radu/test/ament_playground_ws2/share/ament_index_resources_ws2/local_setup.sh
-- Installing: /home/radu/test/ament_playground_ws2/share/ament_index_resources_ws2/local_setup.zsh
-- Installing: /home/radu/test/ament_playground_ws2/share/ament_index_resources_ws2/local_setup.dsv
-- Installing: /home/radu/test/ament_playground_ws2/share/ament_index_resources_ws2/package.dsv
-- Installing: /home/radu/test/ament_playground_ws2/share/ament_index/resource_index/packages/ament_index_resources_ws2
-- Installing: /home/radu/test/ament_playground_ws2/share/ament_index_resources_ws2/cmake/ament_index_resources_ws2Config.cmake
-- Installing: /home/radu/test/ament_playground_ws2/share/ament_index_resources_ws2/cmake/ament_index_resources_ws2Config-version.cmake
-- Up-to-date: /home/radu/test/ament_playground_ws2/share/ament_index_resources_ws2/package.xml
