[0.022s] Invoking command in '/home/radu/rapop/ament_playground/ws2/build/ament_index_resources_ws2': CMAKE_PREFIX_PATH=${CMAKE_PREFIX_PATH}:/opt/ros/humble /usr/bin/cmake /home/radu/rapop/ament_playground/ws2/src/ament_index_resources_ws2 -DCMAKE_INSTALL_PREFIX=/home/radu/test/ament_playground_ws2
[0.119s] -- The C compiler identification is GNU 11.4.0
[0.204s] -- The CXX compiler identification is GNU 11.4.0
[0.217s] -- Detecting C compiler ABI info
[0.342s] -- Detecting C compiler ABI info - done
[0.353s] -- Check for working C compiler: /usr/bin/cc - skipped
[0.353s] -- Detecting C compile features
[0.354s] -- Detecting C compile features - done
[0.358s] -- Detecting CXX compiler ABI info
[0.499s] -- Detecting CXX compiler ABI info - done
[0.516s] -- Check for working CXX compiler: /usr/bin/c++ - skipped
[0.516s] -- Detecting CXX compile features
[0.517s] -- Detecting CXX compile features - done
[0.520s] -- Found ament_cmake: 1.3.9 (/opt/ros/humble/share/ament_cmake/cmake)
[0.757s] -- Found Python3: /usr/bin/python3 (found version "3.10.12") found components: Interpreter 
[0.905s] -- Found ament_index_resources: 0.0.0 (/home/radu/test/ament_playground_ws/share/ament_index_resources/cmake)
[0.906s] [0mfound resource![0m
[0.906s] [0mresource is /home/radu/rapop/ament_playground/ws1/src/ament_index_resources/resources/script.sh[0m
[0.909s] Hello from my resource!
[1.007s] -- Configuring done
[1.011s] -- Generating done
[1.013s] -- Build files have been written to: /home/radu/rapop/ament_playground/ws2/build/ament_index_resources_ws2
[1.021s] Invoked command in '/home/radu/rapop/ament_playground/ws2/build/ament_index_resources_ws2' returned '0': CMAKE_PREFIX_PATH=${CMAKE_PREFIX_PATH}:/opt/ros/humble /usr/bin/cmake /home/radu/rapop/ament_playground/ws2/src/ament_index_resources_ws2 -DCMAKE_INSTALL_PREFIX=/home/radu/test/ament_playground_ws2
[1.024s] Invoking command in '/home/radu/rapop/ament_playground/ws2/build/ament_index_resources_ws2': CMAKE_PREFIX_PATH=${CMAKE_PREFIX_PATH}:/opt/ros/humble /usr/bin/cmake --build /home/radu/rapop/ament_playground/ws2/build/ament_index_resources_ws2 -- -j8 -l8
[1.080s] Invoked command in '/home/radu/rapop/ament_playground/ws2/build/ament_index_resources_ws2' returned '0': CMAKE_PREFIX_PATH=${CMAKE_PREFIX_PATH}:/opt/ros/humble /usr/bin/cmake --build /home/radu/rapop/ament_playground/ws2/build/ament_index_resources_ws2 -- -j8 -l8
[1.127s] Invoking command in '/home/radu/rapop/ament_playground/ws2/build/ament_index_resources_ws2': CMAKE_PREFIX_PATH=${CMAKE_PREFIX_PATH}:/opt/ros/humble /usr/bin/cmake --install /home/radu/rapop/ament_playground/ws2/build/ament_index_resources_ws2
[1.138s] -- Install configuration: ""
[1.139s] -- Installing: /home/radu/test/ament_playground_ws2/share/ament_index/resource_index/package_run_dependencies/ament_index_resources_ws2
[1.139s] -- Installing: /home/radu/test/ament_playground_ws2/share/ament_index/resource_index/parent_prefix_path/ament_index_resources_ws2
[1.139s] -- Up-to-date: /home/radu/test/ament_playground_ws2/share/ament_index_resources_ws2/environment/ament_prefix_path.sh
[1.139s] -- Installing: /home/radu/test/ament_playground_ws2/share/ament_index_resources_ws2/environment/ament_prefix_path.dsv
[1.140s] -- Up-to-date: /home/radu/test/ament_playground_ws2/share/ament_index_resources_ws2/environment/path.sh
[1.140s] -- Installing: /home/radu/test/ament_playground_ws2/share/ament_index_resources_ws2/environment/path.dsv
[1.140s] -- Installing: /home/radu/test/ament_playground_ws2/share/ament_index_resources_ws2/local_setup.bash
[1.140s] -- Installing: /home/radu/test/ament_playground_ws2/share/ament_index_resources_ws2/local_setup.sh
[1.141s] -- Installing: /home/radu/test/ament_playground_ws2/share/ament_index_resources_ws2/local_setup.zsh
[1.142s] -- Installing: /home/radu/test/ament_playground_ws2/share/ament_index_resources_ws2/local_setup.dsv
[1.143s] -- Installing: /home/radu/test/ament_playground_ws2/share/ament_index_resources_ws2/package.dsv
[1.144s] -- Installing: /home/radu/test/ament_playground_ws2/share/ament_index/resource_index/packages/ament_index_resources_ws2
[1.144s] -- Installing: /home/radu/test/ament_playground_ws2/share/ament_index_resources_ws2/cmake/ament_index_resources_ws2Config.cmake
[1.144s] -- Installing: /home/radu/test/ament_playground_ws2/share/ament_index_resources_ws2/cmake/ament_index_resources_ws2Config-version.cmake
[1.144s] -- Up-to-date: /home/radu/test/ament_playground_ws2/share/ament_index_resources_ws2/package.xml
[1.159s] Invoked command in '/home/radu/rapop/ament_playground/ws2/build/ament_index_resources_ws2' returned '0': CMAKE_PREFIX_PATH=${CMAKE_PREFIX_PATH}:/opt/ros/humble /usr/bin/cmake --install /home/radu/rapop/ament_playground/ws2/build/ament_index_resources_ws2
