[0.025s] Invoking command in '/home/radu/rapop/ament_playground/ws2/build/ament_index_resources_ws2': /usr/bin/cmake --build /home/radu/rapop/ament_playground/ws2/build/ament_index_resources_ws2 -- -j8 -l8
[0.082s] -- Found ament_cmake: 1.3.9 (/opt/ros/humble/share/ament_cmake/cmake)
[0.269s] Traceback (most recent call last):
[0.270s]   File "/opt/ros/humble/share/ament_cmake_core/cmake/package_templates/templates_2_cmake.py", line 21, in <module>
[0.270s]     from ament_package.templates import get_environment_hook_template_path
[0.270s] ModuleNotFoundError: No module named 'ament_package'
[0.276s] [31mCMake Error at /opt/ros/humble/share/ament_cmake_core/cmake/ament_cmake_package_templates-extras.cmake:41 (message):
[0.276s]   execute_process(/usr/bin/python3
[0.276s]   /opt/ros/humble/share/ament_cmake_core/cmake/package_templates/templates_2_cmake.py
[0.277s]   /home/radu/rapop/ament_playground/ws2/build/ament_index_resources_ws2/ament_cmake_package_templates/templates.cmake)
[0.277s]   returned error code 1
[0.277s] Call Stack (most recent call first):
[0.277s]   /opt/ros/humble/share/ament_cmake_core/cmake/ament_cmake_coreConfig.cmake:41 (include)
[0.277s]   /opt/ros/humble/share/ament_cmake/cmake/ament_cmake_export_dependencies-extras.cmake:15 (find_package)
[0.277s]   /opt/ros/humble/share/ament_cmake/cmake/ament_cmakeConfig.cmake:41 (include)
[0.278s]   CMakeLists.txt:7 (find_package)
[0.278s] 
[0.278s] [0m
[0.278s] -- Configuring incomplete, errors occurred!
[0.278s] See also "/home/radu/rapop/ament_playground/ws2/build/ament_index_resources_ws2/CMakeFiles/CMakeOutput.log".
[0.281s] gmake: *** [Makefile:226: cmake_check_build_system] Error 1
[0.285s] Invoked command in '/home/radu/rapop/ament_playground/ws2/build/ament_index_resources_ws2' returned '2': /usr/bin/cmake --build /home/radu/rapop/ament_playground/ws2/build/ament_index_resources_ws2 -- -j8 -l8
