[0.214s] DEBUG:colcon:Command line arguments: ['/usr/bin/colcon', 'build', '--base-paths', '/home/radu/rapop/ament_playground/ws2/src', '--install-base', '/home/radu/test/ament_playground_ws2', '--merge-install']
[0.214s] DEBUG:colcon:Parsed command line arguments: Namespace(log_base=None, log_level=None, verb_name='build', build_base='build', install_base='/home/radu/test/ament_playground_ws2', merge_install=True, symlink_install=False, test_result_base=None, continue_on_error=False, executor='parallel', parallel_workers=8, event_handlers=None, ignore_user_meta=False, metas=['./colcon.meta'], base_paths=['/home/radu/rapop/ament_playground/ws2/src'], packages_ignore=None, packages_ignore_regex=None, paths=None, packages_up_to=None, packages_up_to_regex=None, packages_above=None, packages_above_and_dependencies=None, packages_above_depth=None, packages_select_by_dep=None, packages_skip_by_dep=None, packages_skip_up_to=None, packages_select_build_failed=False, packages_skip_build_finished=False, packages_select_test_failures=False, packages_skip_test_passed=False, packages_select=None, packages_skip=None, packages_select_regex=None, packages_skip_regex=None, packages_start=None, packages_end=None, allow_overriding=[], cmake_args=None, cmake_target=None, cmake_target_skip_unavailable=False, cmake_clean_cache=False, cmake_clean_first=False, cmake_force_configure=False, ament_cmake_args=None, catkin_cmake_args=None, catkin_skip_building_tests=False, verb_parser=<colcon_defaults.argument_parser.defaults.DefaultArgumentsDecorator object at 0x78fdc512b7c0>, verb_extension=<colcon_core.verb.build.BuildVerb object at 0x78fdc512b1c0>, main=<bound method BuildVerb.main of <colcon_core.verb.build.BuildVerb object at 0x78fdc512b1c0>>)
[0.482s] Level 1:colcon.colcon_core.package_discovery:discover_packages(colcon_meta) check parameters
[0.482s] Level 1:colcon.colcon_core.package_discovery:discover_packages(recursive) check parameters
[0.482s] Level 1:colcon.colcon_core.package_discovery:discover_packages(ignore) check parameters
[0.483s] Level 1:colcon.colcon_core.package_discovery:discover_packages(path) check parameters
[0.483s] Level 1:colcon.colcon_core.package_discovery:discover_packages(recursive) discover
[0.483s] INFO:colcon.colcon_core.package_discovery:Crawling recursively for packages in '/home/radu/rapop/ament_playground/ws2/src'
[0.483s] Level 1:colcon.colcon_core.package_identification:_identify(/home/radu/rapop/ament_playground/ws2/src) by extensions ['ignore', 'ignore_ament_install']
[0.483s] Level 1:colcon.colcon_core.package_identification:_identify(/home/radu/rapop/ament_playground/ws2/src) by extension 'ignore'
[0.484s] Level 1:colcon.colcon_core.package_identification:_identify(/home/radu/rapop/ament_playground/ws2/src) by extension 'ignore_ament_install'
[0.484s] Level 1:colcon.colcon_core.package_identification:_identify(/home/radu/rapop/ament_playground/ws2/src) by extensions ['colcon_pkg']
[0.484s] Level 1:colcon.colcon_core.package_identification:_identify(/home/radu/rapop/ament_playground/ws2/src) by extension 'colcon_pkg'
[0.484s] Level 1:colcon.colcon_core.package_identification:_identify(/home/radu/rapop/ament_playground/ws2/src) by extensions ['colcon_meta']
[0.484s] Level 1:colcon.colcon_core.package_identification:_identify(/home/radu/rapop/ament_playground/ws2/src) by extension 'colcon_meta'
[0.484s] Level 1:colcon.colcon_core.package_identification:_identify(/home/radu/rapop/ament_playground/ws2/src) by extensions ['ros']
[0.484s] Level 1:colcon.colcon_core.package_identification:_identify(/home/radu/rapop/ament_playground/ws2/src) by extension 'ros'
[0.508s] Level 1:colcon.colcon_core.package_identification:_identify(/home/radu/rapop/ament_playground/ws2/src) by extensions ['cmake', 'python']
[0.508s] Level 1:colcon.colcon_core.package_identification:_identify(/home/radu/rapop/ament_playground/ws2/src) by extension 'cmake'
[0.508s] Level 1:colcon.colcon_core.package_identification:_identify(/home/radu/rapop/ament_playground/ws2/src) by extension 'python'
[0.508s] Level 1:colcon.colcon_core.package_identification:_identify(/home/radu/rapop/ament_playground/ws2/src) by extensions ['python_setup_py']
[0.508s] Level 1:colcon.colcon_core.package_identification:_identify(/home/radu/rapop/ament_playground/ws2/src) by extension 'python_setup_py'
[0.509s] Level 1:colcon.colcon_core.package_identification:_identify(/home/radu/rapop/ament_playground/ws2/src/ament_env_hooks_ws2) by extensions ['ignore', 'ignore_ament_install']
[0.509s] Level 1:colcon.colcon_core.package_identification:_identify(/home/radu/rapop/ament_playground/ws2/src/ament_env_hooks_ws2) by extension 'ignore'
[0.509s] Level 1:colcon.colcon_core.package_identification:_identify(/home/radu/rapop/ament_playground/ws2/src/ament_env_hooks_ws2) by extension 'ignore_ament_install'
[0.509s] Level 1:colcon.colcon_core.package_identification:_identify(/home/radu/rapop/ament_playground/ws2/src/ament_env_hooks_ws2) by extensions ['colcon_pkg']
[0.509s] Level 1:colcon.colcon_core.package_identification:_identify(/home/radu/rapop/ament_playground/ws2/src/ament_env_hooks_ws2) by extension 'colcon_pkg'
[0.509s] Level 1:colcon.colcon_core.package_identification:_identify(/home/radu/rapop/ament_playground/ws2/src/ament_env_hooks_ws2) by extensions ['colcon_meta']
[0.509s] Level 1:colcon.colcon_core.package_identification:_identify(/home/radu/rapop/ament_playground/ws2/src/ament_env_hooks_ws2) by extension 'colcon_meta'
[0.509s] Level 1:colcon.colcon_core.package_identification:_identify(/home/radu/rapop/ament_playground/ws2/src/ament_env_hooks_ws2) by extensions ['ros']
[0.510s] Level 1:colcon.colcon_core.package_identification:_identify(/home/radu/rapop/ament_playground/ws2/src/ament_env_hooks_ws2) by extension 'ros'
[0.514s] DEBUG:colcon.colcon_core.package_identification:Package '/home/radu/rapop/ament_playground/ws2/src/ament_env_hooks_ws2' with type 'ros.ament_cmake' and name 'ament_env_hooks_ws2'
[0.514s] Level 1:colcon.colcon_core.package_identification:_identify(/home/radu/rapop/ament_playground/ws2/src/ament_index_resources_ws2) by extensions ['ignore', 'ignore_ament_install']
[0.514s] Level 1:colcon.colcon_core.package_identification:_identify(/home/radu/rapop/ament_playground/ws2/src/ament_index_resources_ws2) by extension 'ignore'
[0.514s] Level 1:colcon.colcon_core.package_identification:_identify(/home/radu/rapop/ament_playground/ws2/src/ament_index_resources_ws2) by extension 'ignore_ament_install'
[0.514s] Level 1:colcon.colcon_core.package_identification:_identify(/home/radu/rapop/ament_playground/ws2/src/ament_index_resources_ws2) by extensions ['colcon_pkg']
[0.515s] Level 1:colcon.colcon_core.package_identification:_identify(/home/radu/rapop/ament_playground/ws2/src/ament_index_resources_ws2) by extension 'colcon_pkg'
[0.515s] Level 1:colcon.colcon_core.package_identification:_identify(/home/radu/rapop/ament_playground/ws2/src/ament_index_resources_ws2) by extensions ['colcon_meta']
[0.515s] Level 1:colcon.colcon_core.package_identification:_identify(/home/radu/rapop/ament_playground/ws2/src/ament_index_resources_ws2) by extension 'colcon_meta'
[0.515s] Level 1:colcon.colcon_core.package_identification:_identify(/home/radu/rapop/ament_playground/ws2/src/ament_index_resources_ws2) by extensions ['ros']
[0.515s] Level 1:colcon.colcon_core.package_identification:_identify(/home/radu/rapop/ament_playground/ws2/src/ament_index_resources_ws2) by extension 'ros'
[0.516s] DEBUG:colcon.colcon_core.package_identification:Package '/home/radu/rapop/ament_playground/ws2/src/ament_index_resources_ws2' with type 'ros.ament_cmake' and name 'ament_index_resources_ws2'
[0.516s] Level 1:colcon.colcon_core.package_discovery:discover_packages(recursive) using defaults
[0.553s] Level 1:colcon.colcon_core.package_discovery:discover_packages(prefix_path) check parameters
[0.553s] Level 1:colcon.colcon_core.package_discovery:discover_packages(prefix_path) discover
[0.555s] DEBUG:colcon.colcon_installed_package_information.package_discovery:Found 2 installed packages in /home/radu/test/ament_playground_ws
[0.555s] DEBUG:colcon.colcon_installed_package_information.package_discovery:Found 2 installed packages in /home/radu/test/ament_playground_ws2
[0.557s] DEBUG:colcon.colcon_installed_package_information.package_discovery:Found 273 installed packages in /opt/ros/humble
[0.571s] Level 1:colcon.colcon_core.package_discovery:discover_packages(prefix_path) using defaults
[0.623s] Level 5:colcon.colcon_core.verb:set package 'ament_env_hooks_ws2' build argument 'cmake_args' from command line to 'None'
[0.624s] Level 5:colcon.colcon_core.verb:set package 'ament_env_hooks_ws2' build argument 'cmake_target' from command line to 'None'
[0.624s] Level 5:colcon.colcon_core.verb:set package 'ament_env_hooks_ws2' build argument 'cmake_target_skip_unavailable' from command line to 'False'
[0.624s] Level 5:colcon.colcon_core.verb:set package 'ament_env_hooks_ws2' build argument 'cmake_clean_cache' from command line to 'False'
[0.624s] Level 5:colcon.colcon_core.verb:set package 'ament_env_hooks_ws2' build argument 'cmake_clean_first' from command line to 'False'
[0.624s] Level 5:colcon.colcon_core.verb:set package 'ament_env_hooks_ws2' build argument 'cmake_force_configure' from command line to 'False'
[0.624s] Level 5:colcon.colcon_core.verb:set package 'ament_env_hooks_ws2' build argument 'ament_cmake_args' from command line to 'None'
[0.624s] Level 5:colcon.colcon_core.verb:set package 'ament_env_hooks_ws2' build argument 'catkin_cmake_args' from command line to 'None'
[0.624s] Level 5:colcon.colcon_core.verb:set package 'ament_env_hooks_ws2' build argument 'catkin_skip_building_tests' from command line to 'False'
[0.624s] DEBUG:colcon.colcon_core.verb:Building package 'ament_env_hooks_ws2' with the following arguments: {'ament_cmake_args': None, 'build_base': '/home/radu/rapop/ament_playground/ws2/build/ament_env_hooks_ws2', 'catkin_cmake_args': None, 'catkin_skip_building_tests': False, 'cmake_args': None, 'cmake_clean_cache': False, 'cmake_clean_first': False, 'cmake_force_configure': False, 'cmake_target': None, 'cmake_target_skip_unavailable': False, 'install_base': '/home/radu/test/ament_playground_ws2', 'merge_install': True, 'path': '/home/radu/rapop/ament_playground/ws2/src/ament_env_hooks_ws2', 'symlink_install': False, 'test_result_base': None}
[0.625s] Level 5:colcon.colcon_core.verb:set package 'ament_index_resources_ws2' build argument 'cmake_args' from command line to 'None'
[0.625s] Level 5:colcon.colcon_core.verb:set package 'ament_index_resources_ws2' build argument 'cmake_target' from command line to 'None'
[0.625s] Level 5:colcon.colcon_core.verb:set package 'ament_index_resources_ws2' build argument 'cmake_target_skip_unavailable' from command line to 'False'
[0.625s] Level 5:colcon.colcon_core.verb:set package 'ament_index_resources_ws2' build argument 'cmake_clean_cache' from command line to 'False'
[0.625s] Level 5:colcon.colcon_core.verb:set package 'ament_index_resources_ws2' build argument 'cmake_clean_first' from command line to 'False'
[0.625s] Level 5:colcon.colcon_core.verb:set package 'ament_index_resources_ws2' build argument 'cmake_force_configure' from command line to 'False'
[0.625s] Level 5:colcon.colcon_core.verb:set package 'ament_index_resources_ws2' build argument 'ament_cmake_args' from command line to 'None'
[0.625s] Level 5:colcon.colcon_core.verb:set package 'ament_index_resources_ws2' build argument 'catkin_cmake_args' from command line to 'None'
[0.625s] Level 5:colcon.colcon_core.verb:set package 'ament_index_resources_ws2' build argument 'catkin_skip_building_tests' from command line to 'False'
[0.626s] DEBUG:colcon.colcon_core.verb:Building package 'ament_index_resources_ws2' with the following arguments: {'ament_cmake_args': None, 'build_base': '/home/radu/rapop/ament_playground/ws2/build/ament_index_resources_ws2', 'catkin_cmake_args': None, 'catkin_skip_building_tests': False, 'cmake_args': None, 'cmake_clean_cache': False, 'cmake_clean_first': False, 'cmake_force_configure': False, 'cmake_target': None, 'cmake_target_skip_unavailable': False, 'install_base': '/home/radu/test/ament_playground_ws2', 'merge_install': True, 'path': '/home/radu/rapop/ament_playground/ws2/src/ament_index_resources_ws2', 'symlink_install': False, 'test_result_base': None}
[0.626s] INFO:colcon.colcon_core.executor:Executing jobs using 'parallel' executor
[0.628s] DEBUG:colcon.colcon_parallel_executor.executor.parallel:run_until_complete
[0.628s] INFO:colcon.colcon_ros.task.ament_cmake.build:Building ROS package in '/home/radu/rapop/ament_playground/ws2/src/ament_env_hooks_ws2' with build type 'ament_cmake'
[0.628s] INFO:colcon.colcon_cmake.task.cmake.build:Building CMake package in '/home/radu/rapop/ament_playground/ws2/src/ament_env_hooks_ws2'
[0.631s] INFO:colcon.colcon_core.plugin_system:Skipping extension 'colcon_core.shell.bat': Not used on non-Windows systems
[0.632s] INFO:colcon.colcon_core.shell:Skip shell extension 'powershell' for command environment: Not usable outside of PowerShell
[0.632s] DEBUG:colcon.colcon_core.shell:Skip shell extension 'dsv' for command environment
[0.639s] INFO:colcon.colcon_ros.task.ament_cmake.build:Building ROS package in '/home/radu/rapop/ament_playground/ws2/src/ament_index_resources_ws2' with build type 'ament_cmake'
[0.639s] INFO:colcon.colcon_cmake.task.cmake.build:Building CMake package in '/home/radu/rapop/ament_playground/ws2/src/ament_index_resources_ws2'
[0.640s] INFO:colcon.colcon_core.shell:Skip shell extension 'powershell' for command environment: Not usable outside of PowerShell
[0.641s] DEBUG:colcon.colcon_core.shell:Skip shell extension 'dsv' for command environment
[0.660s] DEBUG:colcon.colcon_core.event_handler.log_command:Invoking command in '/home/radu/rapop/ament_playground/ws2/build/ament_env_hooks_ws2': CMAKE_PREFIX_PATH=${CMAKE_PREFIX_PATH}:/opt/ros/humble /usr/bin/cmake --build /home/radu/rapop/ament_playground/ws2/build/ament_env_hooks_ws2 -- -j8 -l8
[0.669s] DEBUG:colcon.colcon_core.event_handler.log_command:Invoking command in '/home/radu/rapop/ament_playground/ws2/build/ament_index_resources_ws2': CMAKE_PREFIX_PATH=${CMAKE_PREFIX_PATH}:/opt/ros/humble /usr/bin/cmake --build /home/radu/rapop/ament_playground/ws2/build/ament_index_resources_ws2 -- -j8 -l8
[0.729s] DEBUG:colcon.colcon_core.event_handler.log_command:Invoked command in '/home/radu/rapop/ament_playground/ws2/build/ament_env_hooks_ws2' returned '0': CMAKE_PREFIX_PATH=${CMAKE_PREFIX_PATH}:/opt/ros/humble /usr/bin/cmake --build /home/radu/rapop/ament_playground/ws2/build/ament_env_hooks_ws2 -- -j8 -l8
[0.737s] DEBUG:colcon.colcon_core.event_handler.log_command:Invoked command in '/home/radu/rapop/ament_playground/ws2/build/ament_index_resources_ws2' returned '0': CMAKE_PREFIX_PATH=${CMAKE_PREFIX_PATH}:/opt/ros/humble /usr/bin/cmake --build /home/radu/rapop/ament_playground/ws2/build/ament_index_resources_ws2 -- -j8 -l8
[0.808s] DEBUG:colcon.colcon_core.event_handler.log_command:Invoking command in '/home/radu/rapop/ament_playground/ws2/build/ament_env_hooks_ws2': CMAKE_PREFIX_PATH=${CMAKE_PREFIX_PATH}:/opt/ros/humble /usr/bin/cmake --install /home/radu/rapop/ament_playground/ws2/build/ament_env_hooks_ws2
[0.828s] DEBUG:colcon.colcon_core.event_handler.log_command:Invoking command in '/home/radu/rapop/ament_playground/ws2/build/ament_index_resources_ws2': CMAKE_PREFIX_PATH=${CMAKE_PREFIX_PATH}:/opt/ros/humble /usr/bin/cmake --install /home/radu/rapop/ament_playground/ws2/build/ament_index_resources_ws2
[0.867s] Level 1:colcon.colcon_core.environment:create_environment_scripts_only(ament_env_hooks_ws2)
[0.872s] DEBUG:colcon.colcon_core.event_handler.log_command:Invoked command in '/home/radu/rapop/ament_playground/ws2/build/ament_env_hooks_ws2' returned '0': CMAKE_PREFIX_PATH=${CMAKE_PREFIX_PATH}:/opt/ros/humble /usr/bin/cmake --install /home/radu/rapop/ament_playground/ws2/build/ament_env_hooks_ws2
[0.878s] Level 1:colcon.colcon_core.environment:checking '/home/radu/test/ament_playground_ws2' for CMake module files
[0.879s] Level 1:colcon.colcon_core.environment:checking '/home/radu/test/ament_playground_ws2' for CMake config files
[0.880s] Level 1:colcon.colcon_core.shell:create_environment_hook('ament_env_hooks_ws2', 'cmake_prefix_path')
[0.881s] INFO:colcon.colcon_core.shell:Creating environment hook '/home/radu/test/ament_playground_ws2/share/ament_env_hooks_ws2/hook/cmake_prefix_path.ps1'
[0.882s] INFO:colcon.colcon_core.shell:Creating environment descriptor '/home/radu/test/ament_playground_ws2/share/ament_env_hooks_ws2/hook/cmake_prefix_path.dsv'
[0.883s] INFO:colcon.colcon_core.shell:Creating environment hook '/home/radu/test/ament_playground_ws2/share/ament_env_hooks_ws2/hook/cmake_prefix_path.sh'
[0.885s] Level 1:colcon.colcon_core.environment:checking '/home/radu/test/ament_playground_ws2/bin'
[0.885s] Level 1:colcon.colcon_core.environment:checking '/home/radu/test/ament_playground_ws2/lib/pkgconfig/ament_env_hooks_ws2.pc'
[0.885s] Level 1:colcon.colcon_core.environment:checking '/home/radu/test/ament_playground_ws2/lib/python3.10/site-packages'
[0.886s] Level 1:colcon.colcon_core.environment:checking '/home/radu/test/ament_playground_ws2/bin'
[0.887s] INFO:colcon.colcon_core.shell:Creating package script '/home/radu/test/ament_playground_ws2/share/ament_env_hooks_ws2/package.ps1'
[0.889s] INFO:colcon.colcon_core.shell:Creating package descriptor '/home/radu/test/ament_playground_ws2/share/ament_env_hooks_ws2/package.dsv'
[0.894s] INFO:colcon.colcon_core.shell:Creating package script '/home/radu/test/ament_playground_ws2/share/ament_env_hooks_ws2/package.sh'
[0.900s] INFO:colcon.colcon_core.shell:Creating package script '/home/radu/test/ament_playground_ws2/share/ament_env_hooks_ws2/package.bash'
[0.903s] INFO:colcon.colcon_core.shell:Creating package script '/home/radu/test/ament_playground_ws2/share/ament_env_hooks_ws2/package.zsh'
[0.907s] Level 1:colcon.colcon_core.environment:create_file_with_runtime_dependencies(/home/radu/test/ament_playground_ws2/share/colcon-core/packages/ament_env_hooks_ws2)
[0.912s] Level 1:colcon.colcon_core.environment:create_environment_scripts_only(ament_index_resources_ws2)
[0.913s] Level 1:colcon.colcon_core.environment:checking '/home/radu/test/ament_playground_ws2' for CMake module files
[0.913s] DEBUG:colcon.colcon_core.event_handler.log_command:Invoked command in '/home/radu/rapop/ament_playground/ws2/build/ament_index_resources_ws2' returned '0': CMAKE_PREFIX_PATH=${CMAKE_PREFIX_PATH}:/opt/ros/humble /usr/bin/cmake --install /home/radu/rapop/ament_playground/ws2/build/ament_index_resources_ws2
[0.915s] Level 1:colcon.colcon_core.environment:checking '/home/radu/test/ament_playground_ws2' for CMake config files
[0.915s] Level 1:colcon.colcon_core.shell:create_environment_hook('ament_index_resources_ws2', 'cmake_prefix_path')
[0.916s] INFO:colcon.colcon_core.shell:Creating environment hook '/home/radu/test/ament_playground_ws2/share/ament_index_resources_ws2/hook/cmake_prefix_path.ps1'
[0.916s] INFO:colcon.colcon_core.shell:Creating environment descriptor '/home/radu/test/ament_playground_ws2/share/ament_index_resources_ws2/hook/cmake_prefix_path.dsv'
[0.917s] INFO:colcon.colcon_core.shell:Creating environment hook '/home/radu/test/ament_playground_ws2/share/ament_index_resources_ws2/hook/cmake_prefix_path.sh'
[0.918s] Level 1:colcon.colcon_core.environment:checking '/home/radu/test/ament_playground_ws2/bin'
[0.919s] Level 1:colcon.colcon_core.environment:checking '/home/radu/test/ament_playground_ws2/lib/pkgconfig/ament_index_resources_ws2.pc'
[0.919s] Level 1:colcon.colcon_core.environment:checking '/home/radu/test/ament_playground_ws2/lib/python3.10/site-packages'
[0.920s] Level 1:colcon.colcon_core.environment:checking '/home/radu/test/ament_playground_ws2/bin'
[0.920s] INFO:colcon.colcon_core.shell:Creating package script '/home/radu/test/ament_playground_ws2/share/ament_index_resources_ws2/package.ps1'
[0.921s] INFO:colcon.colcon_core.shell:Creating package descriptor '/home/radu/test/ament_playground_ws2/share/ament_index_resources_ws2/package.dsv'
[0.923s] INFO:colcon.colcon_core.shell:Creating package script '/home/radu/test/ament_playground_ws2/share/ament_index_resources_ws2/package.sh'
[0.924s] INFO:colcon.colcon_core.shell:Creating package script '/home/radu/test/ament_playground_ws2/share/ament_index_resources_ws2/package.bash'
[0.925s] INFO:colcon.colcon_core.shell:Creating package script '/home/radu/test/ament_playground_ws2/share/ament_index_resources_ws2/package.zsh'
[0.926s] Level 1:colcon.colcon_core.environment:create_file_with_runtime_dependencies(/home/radu/test/ament_playground_ws2/share/colcon-core/packages/ament_index_resources_ws2)
[0.951s] Level 1:colcon.colcon_core.environment:create_environment_scripts_only(ament_env_hooks_ws2)
[0.951s] Level 1:colcon.colcon_core.environment:checking '/home/radu/test/ament_playground_ws2' for CMake module files
[0.952s] Level 1:colcon.colcon_core.environment:checking '/home/radu/test/ament_playground_ws2' for CMake config files
[0.952s] Level 1:colcon.colcon_core.shell:create_environment_hook('ament_env_hooks_ws2', 'cmake_prefix_path')
[0.953s] INFO:colcon.colcon_core.shell:Creating environment hook '/home/radu/test/ament_playground_ws2/share/ament_env_hooks_ws2/hook/cmake_prefix_path.ps1'
[0.954s] INFO:colcon.colcon_core.shell:Creating environment descriptor '/home/radu/test/ament_playground_ws2/share/ament_env_hooks_ws2/hook/cmake_prefix_path.dsv'
[0.956s] INFO:colcon.colcon_core.shell:Creating environment hook '/home/radu/test/ament_playground_ws2/share/ament_env_hooks_ws2/hook/cmake_prefix_path.sh'
[0.957s] Level 1:colcon.colcon_core.environment:checking '/home/radu/test/ament_playground_ws2/bin'
[0.958s] Level 1:colcon.colcon_core.environment:checking '/home/radu/test/ament_playground_ws2/lib/pkgconfig/ament_env_hooks_ws2.pc'
[0.958s] Level 1:colcon.colcon_core.environment:checking '/home/radu/test/ament_playground_ws2/lib/python3.10/site-packages'
[0.959s] Level 1:colcon.colcon_core.environment:checking '/home/radu/test/ament_playground_ws2/bin'
[0.960s] INFO:colcon.colcon_core.shell:Creating package script '/home/radu/test/ament_playground_ws2/share/ament_env_hooks_ws2/package.ps1'
[0.961s] INFO:colcon.colcon_core.shell:Creating package descriptor '/home/radu/test/ament_playground_ws2/share/ament_env_hooks_ws2/package.dsv'
[0.961s] INFO:colcon.colcon_core.shell:Creating package script '/home/radu/test/ament_playground_ws2/share/ament_env_hooks_ws2/package.sh'
[0.962s] INFO:colcon.colcon_core.shell:Creating package script '/home/radu/test/ament_playground_ws2/share/ament_env_hooks_ws2/package.bash'
[0.963s] INFO:colcon.colcon_core.shell:Creating package script '/home/radu/test/ament_playground_ws2/share/ament_env_hooks_ws2/package.zsh'
[0.964s] Level 1:colcon.colcon_core.environment:create_file_with_runtime_dependencies(/home/radu/test/ament_playground_ws2/share/colcon-core/packages/ament_env_hooks_ws2)
[0.966s] Level 1:colcon.colcon_core.environment:create_environment_scripts_only(ament_index_resources_ws2)
[0.967s] Level 1:colcon.colcon_core.environment:checking '/home/radu/test/ament_playground_ws2' for CMake module files
[0.968s] Level 1:colcon.colcon_core.environment:checking '/home/radu/test/ament_playground_ws2' for CMake config files
[0.968s] Level 1:colcon.colcon_core.shell:create_environment_hook('ament_index_resources_ws2', 'cmake_prefix_path')
[0.969s] INFO:colcon.colcon_core.shell:Creating environment hook '/home/radu/test/ament_playground_ws2/share/ament_index_resources_ws2/hook/cmake_prefix_path.ps1'
[0.969s] INFO:colcon.colcon_core.shell:Creating environment descriptor '/home/radu/test/ament_playground_ws2/share/ament_index_resources_ws2/hook/cmake_prefix_path.dsv'
[0.970s] INFO:colcon.colcon_core.shell:Creating environment hook '/home/radu/test/ament_playground_ws2/share/ament_index_resources_ws2/hook/cmake_prefix_path.sh'
[0.971s] Level 1:colcon.colcon_core.environment:checking '/home/radu/test/ament_playground_ws2/bin'
[0.971s] Level 1:colcon.colcon_core.environment:checking '/home/radu/test/ament_playground_ws2/lib/pkgconfig/ament_index_resources_ws2.pc'
[0.971s] Level 1:colcon.colcon_core.environment:checking '/home/radu/test/ament_playground_ws2/lib/python3.10/site-packages'
[0.972s] Level 1:colcon.colcon_core.environment:checking '/home/radu/test/ament_playground_ws2/bin'
[0.973s] INFO:colcon.colcon_core.shell:Creating package script '/home/radu/test/ament_playground_ws2/share/ament_index_resources_ws2/package.ps1'
[0.974s] INFO:colcon.colcon_core.shell:Creating package descriptor '/home/radu/test/ament_playground_ws2/share/ament_index_resources_ws2/package.dsv'
[0.975s] INFO:colcon.colcon_core.shell:Creating package script '/home/radu/test/ament_playground_ws2/share/ament_index_resources_ws2/package.sh'
[0.976s] INFO:colcon.colcon_core.shell:Creating package script '/home/radu/test/ament_playground_ws2/share/ament_index_resources_ws2/package.bash'
[0.977s] INFO:colcon.colcon_core.shell:Creating package script '/home/radu/test/ament_playground_ws2/share/ament_index_resources_ws2/package.zsh'
[0.977s] Level 1:colcon.colcon_core.environment:create_file_with_runtime_dependencies(/home/radu/test/ament_playground_ws2/share/colcon-core/packages/ament_index_resources_ws2)
[0.978s] DEBUG:colcon.colcon_parallel_executor.executor.parallel:closing loop
[0.978s] DEBUG:colcon.colcon_parallel_executor.executor.parallel:loop closed
[0.978s] DEBUG:colcon.colcon_parallel_executor.executor.parallel:run_until_complete finished with '0'
[0.979s] DEBUG:colcon.colcon_core.event_reactor:joining thread
[0.987s] INFO:colcon.colcon_core.plugin_system:Skipping extension 'colcon_notification.desktop_notification.terminal_notifier': Not used on non-Darwin systems
[0.988s] INFO:colcon.colcon_core.plugin_system:Skipping extension 'colcon_notification.desktop_notification.win32': Not used on non-Windows systems
[0.988s] INFO:colcon.colcon_notification.desktop_notification:Sending desktop notification using 'notify2'
[1.010s] DEBUG:colcon.colcon_core.event_reactor:joined thread
[1.011s] INFO:colcon.colcon_core.shell:Creating prefix script '/home/radu/test/ament_playground_ws2/local_setup.ps1'
[1.013s] INFO:colcon.colcon_core.shell:Creating prefix util module '/home/radu/test/ament_playground_ws2/_local_setup_util_ps1.py'
[1.016s] INFO:colcon.colcon_core.shell:Creating prefix chain script '/home/radu/test/ament_playground_ws2/setup.ps1'
[1.019s] INFO:colcon.colcon_core.shell:Creating prefix script '/home/radu/test/ament_playground_ws2/local_setup.sh'
[1.020s] INFO:colcon.colcon_core.shell:Creating prefix util module '/home/radu/test/ament_playground_ws2/_local_setup_util_sh.py'
[1.022s] INFO:colcon.colcon_core.shell:Creating prefix chain script '/home/radu/test/ament_playground_ws2/setup.sh'
[1.025s] INFO:colcon.colcon_core.shell:Creating prefix script '/home/radu/test/ament_playground_ws2/local_setup.bash'
[1.027s] INFO:colcon.colcon_core.shell:Creating prefix chain script '/home/radu/test/ament_playground_ws2/setup.bash'
[1.029s] INFO:colcon.colcon_core.shell:Creating prefix script '/home/radu/test/ament_playground_ws2/local_setup.zsh'
[1.031s] INFO:colcon.colcon_core.shell:Creating prefix chain script '/home/radu/test/ament_playground_ws2/setup.zsh'
