[0.025s] Invoking command in '/home/radu/rapop/ament_playground/ws1/build/ament_index_resources': CMAKE_PREFIX_PATH=${CMAKE_PREFIX_PATH}:/opt/ros/humble /usr/bin/cmake /home/radu/rapop/ament_playground/ws1/src/ament_index_resources -DCMAKE_INSTALL_PREFIX=/home/radu/test/ament_playground_ws
[0.163s] -- The C compiler identification is GNU 11.4.0
[0.283s] -- The CXX compiler identification is GNU 11.4.0
[0.298s] -- Detecting C compiler ABI info
[0.402s] -- Detecting C compiler ABI info - done
[0.421s] -- Check for working C compiler: /usr/bin/cc - skipped
[0.421s] -- Detecting C compile features
[0.422s] -- Detecting C compile features - done
[0.430s] -- Detecting CXX compiler ABI info
[0.549s] -- Detecting CXX compiler ABI info - done
[0.560s] -- Check for working CXX compiler: /usr/bin/c++ - skipped
[0.561s] -- Detecting CXX compile features
[0.562s] -- Detecting CXX compile features - done
[0.567s] -- Found ament_cmake: 1.3.9 (/opt/ros/humble/share/ament_cmake/cmake)
[0.793s] -- Found Python3: /usr/bin/python3 (found version "3.10.12") found components: Interpreter 
[1.037s] -- Configuring done
[1.043s] -- Generating done
[1.044s] -- Build files have been written to: /home/radu/rapop/ament_playground/ws1/build/ament_index_resources
[1.052s] Invoked command in '/home/radu/rapop/ament_playground/ws1/build/ament_index_resources' returned '0': CMAKE_PREFIX_PATH=${CMAKE_PREFIX_PATH}:/opt/ros/humble /usr/bin/cmake /home/radu/rapop/ament_playground/ws1/src/ament_index_resources -DCMAKE_INSTALL_PREFIX=/home/radu/test/ament_playground_ws
[1.054s] Invoking command in '/home/radu/rapop/ament_playground/ws1/build/ament_index_resources': CMAKE_PREFIX_PATH=${CMAKE_PREFIX_PATH}:/opt/ros/humble /usr/bin/cmake --build /home/radu/rapop/ament_playground/ws1/build/ament_index_resources -- -j8 -l8
[1.110s] Invoked command in '/home/radu/rapop/ament_playground/ws1/build/ament_index_resources' returned '0': CMAKE_PREFIX_PATH=${CMAKE_PREFIX_PATH}:/opt/ros/humble /usr/bin/cmake --build /home/radu/rapop/ament_playground/ws1/build/ament_index_resources -- -j8 -l8
[1.147s] Invoking command in '/home/radu/rapop/ament_playground/ws1/build/ament_index_resources': CMAKE_PREFIX_PATH=${CMAKE_PREFIX_PATH}:/opt/ros/humble /usr/bin/cmake --install /home/radu/rapop/ament_playground/ws1/build/ament_index_resources
[1.157s] -- Install configuration: ""
[1.157s] -- Installing: /home/radu/test/ament_playground_ws/share/ament_index/resource_index/my_resource/ament_index_resources
[1.158s] -- Installing: /home/radu/test/ament_playground_ws/share/ament_index/resource_index/package_run_dependencies/ament_index_resources
[1.158s] -- Installing: /home/radu/test/ament_playground_ws/share/ament_index/resource_index/parent_prefix_path/ament_index_resources
[1.158s] -- Installing: /home/radu/test/ament_playground_ws/share/ament_index_resources/environment/ament_prefix_path.sh
[1.158s] -- Installing: /home/radu/test/ament_playground_ws/share/ament_index_resources/environment/ament_prefix_path.dsv
[1.159s] -- Installing: /home/radu/test/ament_playground_ws/share/ament_index_resources/environment/path.sh
[1.159s] -- Installing: /home/radu/test/ament_playground_ws/share/ament_index_resources/environment/path.dsv
[1.159s] -- Installing: /home/radu/test/ament_playground_ws/share/ament_index_resources/local_setup.bash
[1.159s] -- Installing: /home/radu/test/ament_playground_ws/share/ament_index_resources/local_setup.sh
[1.159s] -- Installing: /home/radu/test/ament_playground_ws/share/ament_index_resources/local_setup.zsh
[1.160s] -- Installing: /home/radu/test/ament_playground_ws/share/ament_index_resources/local_setup.dsv
[1.160s] -- Installing: /home/radu/test/ament_playground_ws/share/ament_index_resources/package.dsv
[1.160s] -- Installing: /home/radu/test/ament_playground_ws/share/ament_index/resource_index/packages/ament_index_resources
[1.160s] -- Installing: /home/radu/test/ament_playground_ws/share/ament_index_resources/cmake/ament_index_resourcesConfig.cmake
[1.161s] -- Installing: /home/radu/test/ament_playground_ws/share/ament_index_resources/cmake/ament_index_resourcesConfig-version.cmake
[1.161s] -- Installing: /home/radu/test/ament_playground_ws/share/ament_index_resources/package.xml
[1.165s] Invoked command in '/home/radu/rapop/ament_playground/ws1/build/ament_index_resources' returned '0': CMAKE_PREFIX_PATH=${CMAKE_PREFIX_PATH}:/opt/ros/humble /usr/bin/cmake --install /home/radu/rapop/ament_playground/ws1/build/ament_index_resources
