-- Found ament_cmake: 1.3.9 (/opt/ros/humble/share/ament_cmake/cmake)
-- Found ament_index_resources: 0.0.0 (/home/radu/test/ament_playground_ws/share/ament_index_resources/cmake)
[0mfound resource![0m
[0mresource is /home/radu/rapop/ament_playground/ws1/src/ament_index_resources/resources/script.sh[0m
-- Configuring done
-- Generating done
-- Build files have been written to: /home/radu/rapop/ament_playground/ws2/build/ament_index_resources_ws2
-- Install configuration: ""
-- Installing: /home/radu/test/ament_playground_ws2/scripts/ament_index_resources_ws2/script.sh
-- Up-to-date: /home/radu/test/ament_playground_ws2/share/ament_index/resource_index/package_run_dependencies/ament_index_resources_ws2
-- Up-to-date: /home/radu/test/ament_playground_ws2/share/ament_index/resource_index/parent_prefix_path/ament_index_resources_ws2
-- Up-to-date: /home/radu/test/ament_playground_ws2/share/ament_index_resources_ws2/environment/ament_prefix_path.sh
-- Installing: /home/radu/test/ament_playground_ws2/share/ament_index_resources_ws2/environment/ament_prefix_path.dsv
-- Up-to-date: /home/radu/test/ament_playground_ws2/share/ament_index_resources_ws2/environment/path.sh
-- Installing: /home/radu/test/ament_playground_ws2/share/ament_index_resources_ws2/environment/path.dsv
-- Up-to-date: /home/radu/test/ament_playground_ws2/share/ament_index_resources_ws2/local_setup.bash
-- Up-to-date: /home/radu/test/ament_playground_ws2/share/ament_index_resources_ws2/local_setup.sh
-- Up-to-date: /home/radu/test/ament_playground_ws2/share/ament_index_resources_ws2/local_setup.zsh
-- Installing: /home/radu/test/ament_playground_ws2/share/ament_index_resources_ws2/local_setup.dsv
-- Installing: /home/radu/test/ament_playground_ws2/share/ament_index_resources_ws2/package.dsv
-- Up-to-date: /home/radu/test/ament_playground_ws2/share/ament_index/resource_index/packages/ament_index_resources_ws2
-- Up-to-date: /home/radu/test/ament_playground_ws2/share/ament_index_resources_ws2/cmake/ament_index_resources_ws2Config.cmake
-- Up-to-date: /home/radu/test/ament_playground_ws2/share/ament_index_resources_ws2/cmake/ament_index_resources_ws2Config-version.cmake
-- Up-to-date: /home/radu/test/ament_playground_ws2/share/ament_index_resources_ws2/package.xml
