[0.029s] Invoking command in '/home/radu/rapop/ament_playground/ws2/build/ament_index_resources_ws2': CMAKE_PREFIX_PATH=${CMAKE_PREFIX_PATH}:/opt/ros/humble /usr/bin/cmake --build /home/radu/rapop/ament_playground/ws2/build/ament_index_resources_ws2 -- -j8 -l8
[0.070s] -- Found ament_cmake: 1.3.9 (/opt/ros/humble/share/ament_cmake/cmake)
[0.285s] -- Found ament_index_resources: 0.0.0 (/home/radu/test/ament_playground_ws/share/ament_index_resources/cmake)
[0.285s] [0mfound resource![0m
[0.285s] [0mresource is /home/radu/rapop/ament_playground/ws1/src/ament_index_resources/resources/script.sh[0m
[0.403s] -- Configuring done
[0.408s] -- Generating done
[0.409s] -- Build files have been written to: /home/radu/rapop/ament_playground/ws2/build/ament_index_resources_ws2
[0.444s] Invoked command in '/home/radu/rapop/ament_playground/ws2/build/ament_index_resources_ws2' returned '0': CMAKE_PREFIX_PATH=${CMAKE_PREFIX_PATH}:/opt/ros/humble /usr/bin/cmake --build /home/radu/rapop/ament_playground/ws2/build/ament_index_resources_ws2 -- -j8 -l8
[0.478s] Invoking command in '/home/radu/rapop/ament_playground/ws2/build/ament_index_resources_ws2': CMAKE_PREFIX_PATH=${CMAKE_PREFIX_PATH}:/opt/ros/humble /usr/bin/cmake --install /home/radu/rapop/ament_playground/ws2/build/ament_index_resources_ws2
[0.488s] -- Install configuration: ""
[0.489s] -- Installing: /home/radu/test/ament_playground_ws2/scripts/ament_index_resources_ws2/script.sh
[0.489s] -- Up-to-date: /home/radu/test/ament_playground_ws2/share/ament_index/resource_index/package_run_dependencies/ament_index_resources_ws2
[0.489s] -- Up-to-date: /home/radu/test/ament_playground_ws2/share/ament_index/resource_index/parent_prefix_path/ament_index_resources_ws2
[0.489s] -- Up-to-date: /home/radu/test/ament_playground_ws2/share/ament_index_resources_ws2/environment/ament_prefix_path.sh
[0.490s] -- Installing: /home/radu/test/ament_playground_ws2/share/ament_index_resources_ws2/environment/ament_prefix_path.dsv
[0.490s] -- Up-to-date: /home/radu/test/ament_playground_ws2/share/ament_index_resources_ws2/environment/path.sh
[0.490s] -- Installing: /home/radu/test/ament_playground_ws2/share/ament_index_resources_ws2/environment/path.dsv
[0.490s] -- Up-to-date: /home/radu/test/ament_playground_ws2/share/ament_index_resources_ws2/local_setup.bash
[0.491s] -- Up-to-date: /home/radu/test/ament_playground_ws2/share/ament_index_resources_ws2/local_setup.sh
[0.491s] -- Up-to-date: /home/radu/test/ament_playground_ws2/share/ament_index_resources_ws2/local_setup.zsh
[0.491s] -- Installing: /home/radu/test/ament_playground_ws2/share/ament_index_resources_ws2/local_setup.dsv
[0.491s] -- Installing: /home/radu/test/ament_playground_ws2/share/ament_index_resources_ws2/package.dsv
[0.491s] -- Up-to-date: /home/radu/test/ament_playground_ws2/share/ament_index/resource_index/packages/ament_index_resources_ws2
[0.491s] -- Up-to-date: /home/radu/test/ament_playground_ws2/share/ament_index_resources_ws2/cmake/ament_index_resources_ws2Config.cmake
[0.491s] -- Up-to-date: /home/radu/test/ament_playground_ws2/share/ament_index_resources_ws2/cmake/ament_index_resources_ws2Config-version.cmake
[0.491s] -- Up-to-date: /home/radu/test/ament_playground_ws2/share/ament_index_resources_ws2/package.xml
[0.494s] Invoked command in '/home/radu/rapop/ament_playground/ws2/build/ament_index_resources_ws2' returned '0': CMAKE_PREFIX_PATH=${CMAKE_PREFIX_PATH}:/opt/ros/humble /usr/bin/cmake --install /home/radu/rapop/ament_playground/ws2/build/ament_index_resources_ws2
